Component: ARM Compiler 5.06 update 7 (build 960) Tool: armlink [4d3601]

==============================================================================

Section Cross References

    startup_stm32f407xx.o(STACK) refers (Special) to heapauxi.o(.text) for __use_two_region_memory
    startup_stm32f407xx.o(HEAP) refers (Special) to heapauxi.o(.text) for __use_two_region_memory
    startup_stm32f407xx.o(RESET) refers (Special) to heapauxi.o(.text) for __use_two_region_memory
    startup_stm32f407xx.o(RESET) refers to startup_stm32f407xx.o(STACK) for __initial_sp
    startup_stm32f407xx.o(RESET) refers to startup_stm32f407xx.o(.text) for Reset_Handler
    startup_stm32f407xx.o(RESET) refers to stm32f4xx_it.o(i.NMI_Handler) for NMI_Handler
    startup_stm32f407xx.o(RESET) refers to stm32f4xx_it.o(i.HardFault_Handler) for HardFault_Handler
    startup_stm32f407xx.o(RESET) refers to stm32f4xx_it.o(i.MemManage_Handler) for MemManage_Handler
    startup_stm32f407xx.o(RESET) refers to stm32f4xx_it.o(i.BusFault_Handler) for BusFault_Handler
    startup_stm32f407xx.o(RESET) refers to stm32f4xx_it.o(i.UsageFault_Handler) for UsageFault_Handler
    startup_stm32f407xx.o(RESET) refers to port.o(.emb_text) for SVC_Handler
    startup_stm32f407xx.o(RESET) refers to stm32f4xx_it.o(i.DebugMon_Handler) for DebugMon_Handler
    startup_stm32f407xx.o(RESET) refers to cmsis_os2.o(i.SysTick_Handler) for SysTick_Handler
    startup_stm32f407xx.o(RESET) refers to stm32f4xx_it.o(i.CAN1_RX0_IRQHandler) for CAN1_RX0_IRQHandler
    startup_stm32f407xx.o(RESET) refers to stm32f4xx_it.o(i.EXTI9_5_IRQHandler) for EXTI9_5_IRQHandler
    startup_stm32f407xx.o(RESET) refers to stm32f4xx_it.o(i.TIM2_IRQHandler) for TIM2_IRQHandler
    startup_stm32f407xx.o(RESET) refers to stm32f4xx_it.o(i.TIM3_IRQHandler) for TIM3_IRQHandler
    startup_stm32f407xx.o(RESET) refers to stm32f4xx_it.o(i.USART1_IRQHandler) for USART1_IRQHandler
    startup_stm32f407xx.o(RESET) refers to stm32f4xx_it.o(i.TIM8_UP_TIM13_IRQHandler) for TIM8_UP_TIM13_IRQHandler
    startup_stm32f407xx.o(RESET) refers to stm32f4xx_it.o(i.TIM8_TRG_COM_TIM14_IRQHandler) for TIM8_TRG_COM_TIM14_IRQHandler
    startup_stm32f407xx.o(RESET) refers to stm32f4xx_it.o(i.UART4_IRQHandler) for UART4_IRQHandler
    startup_stm32f407xx.o(RESET) refers to stm32f4xx_it.o(i.CAN2_RX0_IRQHandler) for CAN2_RX0_IRQHandler
    startup_stm32f407xx.o(.text) refers (Special) to heapauxi.o(.text) for __use_two_region_memory
    startup_stm32f407xx.o(.text) refers to system_stm32f4xx.o(i.SystemInit) for SystemInit
    startup_stm32f407xx.o(.text) refers to __main.o(!!!main) for __main
    startup_stm32f407xx.o(.text) refers to startup_stm32f407xx.o(HEAP) for Heap_Mem
    startup_stm32f407xx.o(.text) refers to startup_stm32f407xx.o(STACK) for Stack_Mem
    main.o(i.HAL_TIM_PeriodElapsedCallback) refers to stm32f4xx_hal.o(i.HAL_IncTick) for HAL_IncTick
    main.o(i.HAL_TIM_PeriodElapsedCallback) refers to air_joy.o(.data) for TIME_ISR_CNT
    main.o(i.HAL_TIM_PeriodElapsedCallback) refers to air_joy.o(.data) for LAST_TIME_ISR_CNT
    main.o(i.HAL_TIM_PeriodElapsedCallback) refers to air_joy.o(.data) for Microsecond_Cnt
    main.o(i.HAL_TIM_PeriodElapsedCallback) refers to air_joy.o(.data) for Time_Sys
    main.o(i.SystemClock_Config) refers to rt_memclr_w.o(.text) for __aeabi_memclr4
    main.o(i.SystemClock_Config) refers to stm32f4xx_hal_rcc.o(i.HAL_RCC_OscConfig) for HAL_RCC_OscConfig
    main.o(i.SystemClock_Config) refers to stm32f4xx_hal_rcc.o(i.HAL_RCC_ClockConfig) for HAL_RCC_ClockConfig
    main.o(i.fputc) refers to stm32f4xx_hal_uart.o(i.HAL_UART_Transmit) for HAL_UART_Transmit
    main.o(i.fputc) refers to usart.o(.bss) for huart1
    main.o(i.main) refers to stm32f4xx_hal.o(i.HAL_Init) for HAL_Init
    main.o(i.main) refers to main.o(i.SystemClock_Config) for SystemClock_Config
    main.o(i.main) refers to gpio.o(i.MX_GPIO_Init) for MX_GPIO_Init
    main.o(i.main) refers to can.o(i.MX_CAN1_Init) for MX_CAN1_Init
    main.o(i.main) refers to can.o(i.MX_CAN2_Init) for MX_CAN2_Init
    main.o(i.main) refers to tim.o(i.MX_TIM2_Init) for MX_TIM2_Init
    main.o(i.main) refers to tim.o(i.MX_TIM13_Init) for MX_TIM13_Init
    main.o(i.main) refers to tim.o(i.MX_TIM14_Init) for MX_TIM14_Init
    main.o(i.main) refers to usart.o(i.MX_UART4_Init) for MX_UART4_Init
    main.o(i.main) refers to usart.o(i.MX_USART1_UART_Init) for MX_USART1_UART_Init
    main.o(i.main) refers to stm32f4xx_hal_tim.o(i.HAL_TIM_Base_Start_IT) for HAL_TIM_Base_Start_IT
    main.o(i.main) refers to stm32f4xx_hal_uart.o(i.HAL_UART_Receive_IT) for HAL_UART_Receive_IT
    main.o(i.main) refers to usr_can.o(i.can_filter_init) for can_filter_init
    main.o(i.main) refers to config.o(i.can1_config) for can1_config
    main.o(i.main) refers to config.o(i.can2_config) for can2_config
    main.o(i.main) refers to cmsis_os2.o(i.osKernelInitialize) for osKernelInitialize
[...]
    __rt_lib_init_getenv_1                   0x08000203   Thumb Code     0  libinit2.o(.ARM.Collect$$libinit$$00000023)
    __rt_lib_init_heap_1                     0x08000203   Thumb Code     0  libinit2.o(.ARM.Collect$$libinit$$0000000A)
    __rt_lib_init_lc_collate_1               0x08000203   Thumb Code     0  libinit2.o(.ARM.Collect$$libinit$$00000011)
    __rt_lib_init_lc_ctype_1                 0x08000203   Thumb Code     0  libinit2.o(.ARM.Collect$$libinit$$00000013)
    __rt_lib_init_lc_monetary_1              0x08000203   Thumb Code     0  libinit2.o(.ARM.Collect$$libinit$$00000015)
    __rt_lib_init_lc_numeric_1               0x08000203   Thumb Code     0  libinit2.o(.ARM.Collect$$libinit$$00000017)
    __rt_lib_init_lc_time_1                  0x08000203   Thumb Code     0  libinit2.o(.ARM.Collect$$libinit$$00000019)
    __rt_lib_init_preinit_1                  0x08000203   Thumb Code     0  libinit2.o(.ARM.Collect$$libinit$$00000004)
    __rt_lib_init_rand_1                     0x08000203   Thumb Code     0  libinit2.o(.ARM.Collect$$libinit$$0000000E)
    __rt_lib_init_return                     0x08000203   Thumb Code     0  libinit2.o(.ARM.Collect$$libinit$$00000033)
    __rt_lib_init_signal_1                   0x08000203   Thumb Code     0  libinit2.o(.ARM.Collect$$libinit$$0000001D)
    __rt_lib_init_stdio_1                    0x08000203   Thumb Code     0  libinit2.o(.ARM.Collect$$libinit$$00000025)
    __rt_lib_init_user_alloc_1               0x08000203   Thumb Code     0  libinit2.o(.ARM.Collect$$libinit$$0000000C)
    __rt_lib_shutdown                        0x08000205   Thumb Code     0  libshutdown.o(.ARM.Collect$$libshutdown$$00000000)
    __rt_lib_shutdown_cpp_1                  0x08000207   Thumb Code     0  libshutdown2.o(.ARM.Collect$$libshutdown$$00000004)
    __rt_lib_shutdown_fini_1                 0x08000207   Thumb Code     0  libshutdown2.o(.ARM.Collect$$libshutdown$$00000002)
    __rt_lib_shutdown_fp_trap_1              0x08000207   Thumb Code     0  libshutdown2.o(.ARM.Collect$$libshutdown$$00000009)
    __rt_lib_shutdown_heap_1                 0x08000207   Thumb Code     0  libshutdown2.o(.ARM.Collect$$libshutdown$$00000011)
    __rt_lib_shutdown_return                 0x08000207   Thumb Code     0  libshutdown2.o(.ARM.Collect$$libshutdown$$00000012)
    __rt_lib_shutdown_signal_1               0x08000207   Thumb Code     0  libshutdown2.o(.ARM.Collect$$libshutdown$$0000000C)
    __rt_lib_shutdown_stdio_1                0x08000207   Thumb Code     0  libshutdown2.o(.ARM.Collect$$libshutdown$$00000006)
    __rt_lib_shutdown_user_alloc_1           0x08000207   Thumb Code     0  libshutdown2.o(.ARM.Collect$$libshutdown$$0000000E)
    __rt_entry                               0x08000209   Thumb Code     0  __rtentry.o(.ARM.Collect$$rtentry$$00000000)
    __rt_entry_presh_1                       0x08000209   Thumb Code     0  __rtentry2.o(.ARM.Collect$$rtentry$$00000002)
    __rt_entry_sh                            0x08000209   Thumb Code     0  __rtentry4.o(.ARM.Collect$$rtentry$$00000004)
    __rt_entry_li                            0x0800020f   Thumb Code     0  __rtentry2.o(.ARM.Collect$$rtentry$$0000000A)
    __rt_entry_postsh_1                      0x0800020f   Thumb Code     0  __rtentry2.o(.ARM.Collect$$rtentry$$00000009)
    __rt_entry_main                          0x08000213   Thumb Code     0  __rtentry2.o(.ARM.Collect$$rtentry$$0000000D)
    __rt_entry_postli_1                      0x08000213   Thumb Code     0  __rtentry2.o(.ARM.Collect$$rtentry$$0000000C)
    __rt_exit                                0x0800021b   Thumb Code     0  rtexit.o(.ARM.Collect$$rtexit$$00000000)
    __rt_exit_ls                             0x0800021d   Thumb Code     0  rtexit2.o(.ARM.Collect$$rtexit$$00000003)
    __rt_exit_prels_1                        0x0800021d   Thumb Code     0  rtexit2.o(.ARM.Collect$$rtexit$$00000002)
    __rt_exit_exit                           0x08000221   Thumb Code     0  rtexit2.o(.ARM.Collect$$rtexit$$00000004)
    SVC_Handler                              0x08000229   Thumb Code    28  port.o(.emb_text)
    __asm___6_port_c_39a90d8d__prvStartFirstTask 0x08000249   Thumb Code    36  port.o(.emb_text)
    __asm___6_port_c_39a90d8d__prvEnableVFP  0x08000271   Thumb Code    16  port.o(.emb_text)
    PendSV_Handler                           0x08000285   Thumb Code    88  port.o(.emb_text)
    vPortGetIPSR                             0x080002e1   Thumb Code     6  port.o(.emb_text)
    Reset_Handler                            0x080002e9   Thumb Code     8  startup_stm32f407xx.o(.text)
    ADC_IRQHandler                           0x08000303   Thumb Code     0  startup_stm32f407xx.o(.text)
    CAN1_RX1_IRQHandler                      0x08000303   Thumb Code     0  startup_stm32f407xx.o(.text)
    CAN1_SCE_IRQHandler                      0x08000303   Thumb Code     0  startup_stm32f407xx.o(.text)
    CAN1_TX_IRQHandler                       0x08000303   Thumb Code     0  startup_stm32f407xx.o(.text)
    CAN2_RX1_IRQHandler                      0x08000303   Thumb Code     0  startup_stm32f407xx.o(.text)
    CAN2_SCE_IRQHandler                      0x08000303   Thumb Code     0  startup_stm32f407xx.o(.text)
    CAN2_TX_IRQHandler                       0x08000303   Thumb Code     0  startup_stm32f407xx.o(.text)
    DCMI_IRQHandler                          0x08000303   Thumb Code     0  startup_stm32f407xx.o(.text)
    DMA1_Stream0_IRQHandler                  0x08000303   Thumb Code     0  startup_stm32f407xx.o(.text)
    DMA1_Stream1_IRQHandler                  0x08000303   Thumb Code     0  startup_stm32f407xx.o(.text)
    DMA1_Stream2_IRQHandler                  0x08000303   Thumb Code     0  startup_stm32f407xx.o(.text)
    DMA1_Stream3_IRQHandler                  0x08000303   Thumb Code     0  startup_stm32f407xx.o(.text)
    DMA1_Stream4_IRQHandler                  0x08000303   Thumb Code     0  startup_stm32f407xx.o(.text)
    DMA1_Stream5_IRQHandler                  0x08000303   Thumb Code     0  startup_stm32f407xx.o(.text)
    DMA1_Stream6_IRQHandler                  0x08000303   Thumb Code     0  startup_stm32f407xx.o(.text)
    DMA1_Stream7_IRQHandler                  0x08000303   Thumb Code     0  startup_stm32f407xx.o(.text)
    DMA2_Stream0_IRQHandler                  0x08000303   Thumb Code     0  startup_stm32f407xx.o(.text)
    DMA2_Stream1_IRQHandler                  0x08000303   Thumb Code     0  startup_stm32f407xx.o(.text)
    DMA2_Stream2_IRQHandler                  0x08000303   Thumb Code     0  startup_stm32f407xx.o(.text)
    DMA2_Stream3_IRQHandler                  0x08000303   Thumb Code     0  startup_stm32f407xx.o(.text)
    DMA2_Stream4_IRQHandler                  0x08000303   Thumb Code     0  startup_stm32f407xx.o(.text)
    DMA2_Stream5_IRQHandler                  0x08000303   Thumb Code     0  startup_stm32f407xx.o(.text)
    DMA2_Stream6_IRQHandler                  0x08000303   Thumb Code     0  startup_stm32f407xx.o(.text)
    DMA2_Stream7_IRQHandler                  0x08000303   Thumb Code     0  startup_stm32f407xx.o(.text)
    ETH_IRQHandler                           0x08000303   Thumb Code     0  startup_stm32f407xx.o(.text)
    ETH_WKUP_IRQHandler                      0x08000303   Thumb Code     0  startup_stm32f407xx.o(.text)
    EXTI0_IRQHandler                         0x08000303   Thumb Code     0  startup_stm32f407xx.o(.text)
    EXTI15_10_IRQHandler                     0x08000303   Thumb Code     0  startup_stm32f407xx.o(.text)
    EXTI1_IRQHandler                         0x08000303   Thumb Code     0  startup_stm32f407xx.o(.text)
    EXTI2_IRQHandler                         0x08000303   Thumb Code     0  startup_stm32f407xx.o(.text)
    EXTI3_IRQHandler                         0x08000303   Thumb Code     0  startup_stm32f407xx.o(.text)
    EXTI4_IRQHandler                         0x08000303   Thumb Code     0  startup_stm32f407xx.o(.text)
    FLASH_IRQHandler                         0x08000303   Thumb Code     0  startup_stm32f407xx.o(.text)
    FMC_IRQHandler                           0x08000303   Thumb Code     0  startup_stm32f407xx.o(.text)
    FPU_IRQHandler                           0x08000303   Thumb Code     0  startup_stm32f407xx.o(.text)
    HASH_RNG_IRQHandler                      0x08000303   Thumb Code     0  startup_stm32f407xx.o(.text)
    I2C1_ER_IRQHandler                       0x08000303   Thumb Code     0  startup_stm32f407xx.o(.text)
    I2C1_EV_IRQHandler                       0x08000303   Thumb Code     0  startup_stm32f407xx.o(.text)
    I2C2_ER_IRQHandler                       0x08000303   Thumb Code     0  startup_stm32f407xx.o(.text)
    I2C2_EV_IRQHandler                       0x08000303   Thumb Code     0  startup_stm32f407xx.o(.text)
    I2C3_ER_IRQHandler                       0x08000303   Thumb Code     0  startup_stm32f407xx.o(.text)
    I2C3_EV_IRQHandler                       0x08000303   Thumb Code     0  startup_stm32f407xx.o(.text)
    OTG_FS_IRQHandler                        0x08000303   Thumb Code     0  startup_stm32f407xx.o(.text)
    OTG_FS_WKUP_IRQHandler                   0x08000303   Thumb Code     0  startup_stm32f407xx.o(.text)
    OTG_HS_EP1_IN_IRQHandler                 0x08000303   Thumb Code     0  startup_stm32f407xx.o(.text)
    OTG_HS_EP1_OUT_IRQHandler                0x08000303   Thumb Code     0  startup_stm32f407xx.o(.text)
    OTG_HS_IRQHandler                        0x08000303   Thumb Code     0  startup_stm32f407xx.o(.text)
    OTG_HS_WKUP_IRQHandler                   0x08000303   Thumb Code     0  startup_stm32f407xx.o(.text)
    PVD_IRQHandler                           0x08000303   Thumb Code     0  startup_stm32f407xx.o(.text)
    RCC_IRQHandler                           0x08000303   Thumb Code     0  startup_stm32f407xx.o(.text)
    RTC_Alarm_IRQHandler                     0x08000303   Thumb Code     0  startup_stm32f407xx.o(.text)
    RTC_WKUP_IRQHandler                      0x08000303   Thumb Code     0  startup_stm32f407xx.o(.text)
    SDIO_IRQHandler                          0x08000303   Thumb Code     0  startup_stm32f407xx.o(.text)
    SPI1_IRQHandler                          0x08000303   Thumb Code     0  startup_stm32f407xx.o(.text)
    SPI2_IRQHandler                          0x08000303   Thumb Code     0  startup_stm32f407xx.o(.text)
    SPI3_IRQHandler                          0x08000303   Thumb Code     0  startup_stm32f407xx.o(.text)
    TAMP_STAMP_IRQHandler                    0x08000303   Thumb Code     0  startup_stm32f407xx.o(.text)
    TIM1_BRK_TIM9_IRQHandler                 0x08000303   Thumb Code     0  startup_stm32f407xx.o(.text)
    TIM1_CC_IRQHandler                       0x08000303   Thumb Code     0  startup_stm32f407xx.o(.text)
    TIM1_TRG_COM_TIM11_IRQHandler            0x08000303   Thumb Code     0  startup_stm32f407xx.o(.text)
    TIM1_UP_TIM10_IRQHandler                 0x08000303   Thumb Code     0  startup_stm32f407xx.o(.text)
    TIM4_IRQHandler                          0x08000303   Thumb Code     0  startup_stm32f407xx.o(.text)
    TIM5_IRQHandler                          0x08000303   Thumb Code     0  startup_stm32f407xx.o(.text)
    TIM6_DAC_IRQHandler                      0x08000303   Thumb Code     0  startup_stm32f407xx.o(.text)
    TIM7_IRQHandler                          0x08000303   Thumb Code     0  startup_stm32f407xx.o(.text)
    TIM8_BRK_TIM12_IRQHandler                0x08000303   Thumb Code     0  startup_stm32f407xx.o(.text)
    TIM8_CC_IRQHandler                       0x08000303   Thumb Code     0  startup_stm32f407xx.o(.text)
    UART5_IRQHandler                         0x08000303   Thumb Code     0  startup_stm32f407xx.o(.text)
    USART2_IRQHandler                        0x08000303   Thumb Code     0  startup_stm32f407xx.o(.text)
    USART3_IRQHandler                        0x08000303   Thumb Code     0  startup_stm32f407xx.o(.text)
    USART6_IRQHandler                        0x08000303   Thumb Code     0  startup_stm32f407xx.o(.text)
    WWDG_IRQHandler                          0x08000303   Thumb Code     0  startup_stm32f407xx.o(.text)
    __user_initial_stackheap                 0x08000305   Thumb Code     0  startup_stm32f407xx.o(.text)
    __aeabi_uldivmod                         0x08000329   Thumb Code     0  lludivv7m.o(.text)
    _ll_udiv                                 0x08000329   Thumb Code   238  lludivv7m.o(.text)
    __aeabi_memcpy                           0x08000417   Thumb Code     0  rt_memcpy_v6.o(.text)
    __rt_memcpy                              0x08000417   Thumb Code   138  rt_memcpy_v6.o(.text)
    _memcpy_lastbytes                        0x0800047d   Thumb Code     0  rt_memcpy_v6.o(.text)
    __aeabi_memset                           0x080004a1   Thumb Code    16  aeabi_memset.o(.text)
    __aeabi_memclr4                          0x080004b1   Thumb Code     0  rt_memclr_w.o(.text)
    __aeabi_memclr8                          0x080004b1   Thumb Code     0  rt_memclr_w.o(.text)
    __rt_memclr_w                            0x080004b1   Thumb Code    78  rt_memclr_w.o(.text)
    _memset_w                                0x080004b5   Thumb Code     0  rt_memclr_w.o(.text)
    __use_two_region_memory                  0x080004ff   Thumb Code     2  heapauxi.o(.text)
    __rt_heap_escrow                         0x08000501   Thumb Code     2  heapauxi.o(.text)
    __rt_heap_expand                         0x08000503   Thumb Code     2  heapauxi.o(.text)
    __read_errno                             0x08000505   Thumb Code    10  _rserrno.o(.text)
    __set_errno                              0x0800050f   Thumb Code    12  _rserrno.o(.text)
    __aeabi_memcpy4                          0x0800051b   Thumb Code     0  rt_memcpy_w.o(.text)
    __aeabi_memcpy8                          0x0800051b   Thumb Code     0  rt_memcpy_w.o(.text)
    __rt_memcpy_w                            0x0800051b   Thumb Code   100  rt_memcpy_w.o(.text)
    _memcpy_lastbytes_aligned                0x08000563   Thumb Code     0  rt_memcpy_w.o(.text)
    __aeabi_memclr                           0x0800057f   Thumb Code     0  rt_memclr.o(.text)
    __rt_memclr                              0x0800057f   Thumb Code    68  rt_memclr.o(.text)
    _memset                                  0x08000583   Thumb Code     0  rt_memclr.o(.text)
    __aeabi_errno_addr                       0x080005c5   Thumb Code     8  rt_errno_addr_intlibspace.o(.text)
    __errno$intlibspace                      0x080005c5   Thumb Code     0  rt_errno_addr_intlibspace.o(.text)
    __rt_errno_addr$intlibspace              0x080005c5   Thumb Code     0  rt_errno_addr_intlibspace.o(.text)
    __user_libspace                          0x080005cd   Thumb Code     8  libspace.o(.text)
    __user_perproc_libspace                  0x080005cd   Thumb Code     0  libspace.o(.text)
    __user_perthread_libspace                0x080005cd   Thumb Code     0  libspace.o(.text)
    __user_setup_stackheap                   0x080005d5   Thumb Code    74  sys_stackheap_outer.o(.text)
    exit                                     0x0800061f   Thumb Code    18  exit.o(.text)
    __I$use$semihosting                      0x08000631   Thumb Code     0  use_no_semi.o(.text)
    __use_no_semihosting_swi                 0x08000631   Thumb Code     2  use_no_semi.o(.text)
    __semihosting_library_function           0x08000633   Thumb Code     0  indicate_semi.o(.text)
    _sys_exit                                0x08000635   Thumb Code     8  sys_exit.o(.text)
    BusFault_Handler                         0x08000641   Thumb Code     2  stm32f4xx_it.o(i.BusFault_Handler)
    CAN1_RX0_IRQHandler                      0x08000645   Thumb Code     6  stm32f4xx_it.o(i.CAN1_RX0_IRQHandler)
    CAN2_RX0_IRQHandler                      0x08000651   Thumb Code     6  stm32f4xx_it.o(i.CAN2_RX0_IRQHandler)
    Chassis_Task                             0x0800065d   Thumb Code   120  freertos.o(i.Chassis_Task)
    DebugMon_Handler                         0x080006ed   Thumb Code     2  stm32f4xx_it.o(i.DebugMon_Handler)
    EXTI9_5_IRQHandler                       0x080006ef   Thumb Code     6  stm32f4xx_it.o(i.EXTI9_5_IRQHandler)
    Error_Handler                            0x080006f5   Thumb Code     4  main.o(i.Error_Handler)
    FSM_Task                                 0x080006f9   Thumb Code    12  freertos.o(i.FSM_Task)
    Free_Control                             0x08000705   Thumb Code   174  chassis.o(i.Free_Control)
    HAL_CAN_ActivateNotification             0x080007c9   Thumb Code    36  stm32f4xx_hal_can.o(i.HAL_CAN_ActivateNotification)
    HAL_CAN_AddTxMessage                     0x080007ed   Thumb Code   220  stm32f4xx_hal_can.o(i.HAL_CAN_AddTxMessage)
    HAL_CAN_ConfigFilter                     0x080008c9   Thumb Code   262  stm32f4xx_hal_can.o(i.HAL_CAN_ConfigFilter)
    HAL_CAN_ErrorCallback                    0x080009d5   Thumb Code     2  stm32f4xx_hal_can.o(i.HAL_CAN_ErrorCallback)
    HAL_CAN_GetRxMessage                     0x080009d7   Thumb Code   232  stm32f4xx_hal_can.o(i.HAL_CAN_GetRxMessage)
    HAL_CAN_IRQHandler                       0x08000abf   Thumb Code   508  stm32f4xx_hal_can.o(i.HAL_CAN_IRQHandler)
    HAL_CAN_Init                             0x08000cbb   Thumb Code   282  stm32f4xx_hal_can.o(i.HAL_CAN_Init)
    HAL_CAN_MspInit                          0x08000dd5   Thumb Code   228  can.o(i.HAL_CAN_MspInit)
    HAL_CAN_RxFifo0FullCallback              0x08000ed1   Thumb Code     2  stm32f4xx_hal_can.o(i.HAL_CAN_RxFifo0FullCallback)
    HAL_CAN_RxFifo0MsgPendingCallback        0x08000ed5   Thumb Code   106  usr_can.o(i.HAL_CAN_RxFifo0MsgPendingCallback)
    HAL_CAN_RxFifo1FullCallback              0x08000f51   Thumb Code     2  stm32f4xx_hal_can.o(i.HAL_CAN_RxFifo1FullCallback)
    HAL_CAN_RxFifo1MsgPendingCallback        0x08000f53   Thumb Code     2  stm32f4xx_hal_can.o(i.HAL_CAN_RxFifo1MsgPendingCallback)
    HAL_CAN_SleepCallback                    0x08000f55   Thumb Code     2  stm32f4xx_hal_can.o(i.HAL_CAN_SleepCallback)
    HAL_CAN_Start                            0x08000f57   Thumb Code    86  stm32f4xx_hal_can.o(i.HAL_CAN_Start)
    HAL_CAN_TxMailbox0AbortCallback          0x08000fad   Thumb Code     2  stm32f4xx_hal_can.o(i.HAL_CAN_TxMailbox0AbortCallback)
    HAL_CAN_TxMailbox0CompleteCallback       0x08000faf   Thumb Code     2  stm32f4xx_hal_can.o(i.HAL_CAN_TxMailbox0CompleteCallback)
    HAL_CAN_TxMailbox1AbortCallback          0x08000fb1   Thumb Code     2  stm32f4xx_hal_can.o(i.HAL_CAN_TxMailbox1AbortCallback)
    HAL_CAN_TxMailbox1CompleteCallback       0x08000fb3   Thumb Code     2  stm32f4xx_hal_can.o(i.HAL_CAN_TxMailbox1CompleteCallback)
    HAL_CAN_TxMailbox2AbortCallback          0x08000fb5   Thumb Code     2  stm32f4xx_hal_can.o(i.HAL_CAN_TxMailbox2AbortCallback)
    HAL_CAN_TxMailbox2CompleteCallback       0x08000fb7   Thumb Code     2  stm32f4xx_hal_can.o(i.HAL_CAN_TxMailbox2CompleteCallback)
    HAL_CAN_WakeUpFromRxMsgCallback          0x08000fb9   Thumb Code     2  stm32f4xx_hal_can.o(i.HAL_CAN_WakeUpFromRxMsgCallback)
    HAL_DMA_Abort                            0x08000fbb   Thumb Code   146  stm32f4xx_hal_dma.o(i.HAL_DMA_Abort)
    HAL_DMA_Abort_IT                         0x0800104d   Thumb Code    36  stm32f4xx_hal_dma.o(i.HAL_DMA_Abort_IT)
    HAL_GPIO_EXTI_Callback                   0x08001071   Thumb Code   126  air_joy.o(i.HAL_GPIO_EXTI_Callback)
    HAL_GPIO_EXTI_IRQHandler                 0x080010f9   Thumb Code    18  stm32f4xx_hal_gpio.o(i.HAL_GPIO_EXTI_IRQHandler)
    HAL_GPIO_Init                            0x08001111   Thumb Code   418  stm32f4xx_hal_gpio.o(i.HAL_GPIO_Init)
    HAL_GPIO_WritePin                        0x080012e1   Thumb Code    10  stm32f4xx_hal_gpio.o(i.HAL_GPIO_WritePin)
    HAL_GetTick                              0x080012ed   Thumb Code     6  stm32f4xx_hal.o(i.HAL_GetTick)
    HAL_IncTick                              0x080012f9   Thumb Code    12  stm32f4xx_hal.o(i.HAL_IncTick)
    HAL_Init                                 0x08001309   Thumb Code    48  stm32f4xx_hal.o(i.HAL_Init)
    HAL_InitTick                             0x0800133d   Thumb Code   132  stm32f4xx_hal_timebase_tim.o(i.HAL_InitTick)
    HAL_MspInit                              0x080013d5   Thumb Code    52  stm32f4xx_hal_msp.o(i.HAL_MspInit)
    HAL_NVIC_EnableIRQ                       0x0800140d   Thumb Code    26  stm32f4xx_hal_cortex.o(i.HAL_NVIC_EnableIRQ)
    HAL_NVIC_SetPriority                     0x08001429   Thumb Code    60  stm32f4xx_hal_cortex.o(i.HAL_NVIC_SetPriority)
    HAL_NVIC_SetPriorityGrouping             0x08001469   Thumb Code    26  stm32f4xx_hal_cortex.o(i.HAL_NVIC_SetPriorityGrouping)
    HAL_RCC_ClockConfig                      0x0800148d   Thumb Code   288  stm32f4xx_hal_rcc.o(i.HAL_RCC_ClockConfig)
    HAL_RCC_GetClockConfig                   0x080015c1   Thumb Code    54  stm32f4xx_hal_rcc.o(i.HAL_RCC_GetClockConfig)
    HAL_RCC_GetPCLK1Freq                     0x08001601   Thumb Code    20  stm32f4xx_hal_rcc.o(i.HAL_RCC_GetPCLK1Freq)
    HAL_RCC_GetPCLK2Freq                     0x08001621   Thumb Code    20  stm32f4xx_hal_rcc.o(i.HAL_RCC_GetPCLK2Freq)
    HAL_RCC_GetSysClockFreq                  0x08001641   Thumb Code    88  stm32f4xx_hal_rcc.o(i.HAL_RCC_GetSysClockFreq)
    HAL_RCC_OscConfig                        0x080016a1   Thumb Code   836  stm32f4xx_hal_rcc.o(i.HAL_RCC_OscConfig)
    HAL_TIMEx_BreakCallback                  0x080019f9   Thumb Code     2  stm32f4xx_hal_tim_ex.o(i.HAL_TIMEx_BreakCallback)
    HAL_TIMEx_CommutCallback                 0x080019fb   Thumb Code     2  stm32f4xx_hal_tim_ex.o(i.HAL_TIMEx_CommutCallback)
    HAL_TIMEx_MasterConfigSynchronization    0x080019fd   Thumb Code   116  stm32f4xx_hal_tim_ex.o(i.HAL_TIMEx_MasterConfigSynchronization)
    HAL_TIM_Base_Init                        0x08001a8d   Thumb Code    90  stm32f4xx_hal_tim.o(i.HAL_TIM_Base_Init)
    HAL_TIM_Base_MspInit                     0x08001ae9   Thumb Code   122  tim.o(i.HAL_TIM_Base_MspInit)
    HAL_TIM_Base_Start_IT                    0x08001b71   Thumb Code   100  stm32f4xx_hal_tim.o(i.HAL_TIM_Base_Start_IT)
    HAL_TIM_ConfigClockSource                0x08001bf1   Thumb Code   220  stm32f4xx_hal_tim.o(i.HAL_TIM_ConfigClockSource)
    HAL_TIM_IC_CaptureCallback               0x08001ccd   Thumb Code     2  stm32f4xx_hal_tim.o(i.HAL_TIM_IC_CaptureCallback)
    HAL_TIM_IRQHandler                       0x08001ccf   Thumb Code   358  stm32f4xx_hal_tim.o(i.HAL_TIM_IRQHandler)
    HAL_TIM_MspPostInit                      0x08001e35   Thumb Code    96  tim.o(i.HAL_TIM_MspPostInit)
    HAL_TIM_OC_DelayElapsedCallback          0x08001ea5   Thumb Code     2  stm32f4xx_hal_tim.o(i.HAL_TIM_OC_DelayElapsedCallback)
    HAL_TIM_PWM_ConfigChannel                0x08001ea7   Thumb Code   204  stm32f4xx_hal_tim.o(i.HAL_TIM_PWM_ConfigChannel)
    HAL_TIM_PWM_Init                         0x08001f73   Thumb Code    90  stm32f4xx_hal_tim.o(i.HAL_TIM_PWM_Init)
    HAL_TIM_PWM_MspInit                      0x08001fcd   Thumb Code     2  stm32f4xx_hal_tim.o(i.HAL_TIM_PWM_MspInit)
    HAL_TIM_PWM_PulseFinishedCallback        0x08001fcf   Thumb Code     2  stm32f4xx_hal_tim.o(i.HAL_TIM_PWM_PulseFinishedCallback)
    HAL_TIM_PeriodElapsedCallback            0x08001fd1   Thumb Code    98  main.o(i.HAL_TIM_PeriodElapsedCallback)
    HAL_TIM_TriggerCallback                  0x08002049   Thumb Code     2  stm32f4xx_hal_tim.o(i.HAL_TIM_TriggerCallback)
    HAL_UARTEx_RxEventCallback               0x0800204b   Thumb Code     2  stm32f4xx_hal_uart.o(i.HAL_UARTEx_RxEventCallback)
    HAL_UART_ErrorCallback                   0x0800204d   Thumb Code     2  stm32f4xx_hal_uart.o(i.HAL_UART_ErrorCallback)
    HAL_UART_IRQHandler                      0x08002051   Thumb Code   610  stm32f4xx_hal_uart.o(i.HAL_UART_IRQHandler)
    HAL_UART_Init                            0x080022b9   Thumb Code    98  stm32f4xx_hal_uart.o(i.HAL_UART_Init)
    HAL_UART_MspInit                         0x0800231d   Thumb Code   184  usart.o(i.HAL_UART_MspInit)
    HAL_UART_Receive_IT                      0x080023e9   Thumb Code    42  stm32f4xx_hal_uart.o(i.HAL_UART_Receive_IT)
    HAL_UART_RxCpltCallback                  0x08002415   Thumb Code    14  action.o(i.HAL_UART_RxCpltCallback)
    HAL_UART_TxCpltCallback                  0x08002429   Thumb Code     2  stm32f4xx_hal_uart.o(i.HAL_UART_TxCpltCallback)
    HardFault_Handler                        0x0800242b   Thumb Code     2  stm32f4xx_it.o(i.HardFault_Handler)
    Homeing_Mode                             0x0800242d   Thumb Code    18  rm_motor.o(i.Homeing_Mode)
    LimitMax                                 0x0800243f   Thumb Code    42  pid.o(i.LimitMax)
    M3508_Send_Currents                      0x08002469   Thumb Code   276  rm_motor.o(i.M3508_Send_Currents)
    MX_CAN1_Init                             0x0800258d   Thumb Code    62  can.o(i.MX_CAN1_Init)
    MX_CAN2_Init                             0x080025d5   Thumb Code    62  can.o(i.MX_CAN2_Init)
    MX_FREERTOS_Init                         0x0800261d   Thumb Code    74  freertos.o(i.MX_FREERTOS_Init)
    MX_GPIO_Init                             0x08002685   Thumb Code   214  gpio.o(i.MX_GPIO_Init)
    MX_TIM13_Init                            0x08002769   Thumb Code    96  tim.o(i.MX_TIM13_Init)
    MX_TIM14_Init                            0x080027d1   Thumb Code    96  tim.o(i.MX_TIM14_Init)
    MX_TIM2_Init                             0x08002839   Thumb Code    94  tim.o(i.MX_TIM2_Init)
    MX_UART4_Init                            0x080028a1   Thumb Code    48  usart.o(i.MX_UART4_Init)
    MX_USART1_UART_Init                      0x080028d9   Thumb Code    48  usart.o(i.MX_USART1_UART_Init)
    Max_Value_Limit                          0x08002911   Thumb Code    34  rm_motor.o(i.Max_Value_Limit)
    MemManage_Handler                        0x08002933   Thumb Code     2  stm32f4xx_it.o(i.MemManage_Handler)
    Motor_Control                            0x08002935   Thumb Code  1092  rm_motor.o(i.Motor_Control)
    Move_Task                                0x08002d79   Thumb Code     8  freertos.o(i.Move_Task)
    NMI_Handler                              0x08002d81   Thumb Code     2  stm32f4xx_it.o(i.NMI_Handler)
    Position_Control                         0x08002d85   Thumb Code    78  rm_motor.o(i.Position_Control)
    RM_MOTOR_Angle_Integral                  0x08002dd9   Thumb Code   256  rm_motor.o(i.RM_MOTOR_Angle_Integral)
    Robot_Wheels_RPM_calculate               0x08002ee9   Thumb Code   220  chassis.o(i.Robot_Wheels_RPM_calculate)
    SWA_judge                                0x08002fe1   Thumb Code    30  fsm.o(i.SWA_judge)
    SWB_judge                                0x08003009   Thumb Code    42  fsm.o(i.SWB_judge)
    SWC_judge                                0x0800303d   Thumb Code    88  fsm.o(i.SWC_judge)
    SWD_judge                                0x0800309d   Thumb Code    32  fsm.o(i.SWD_judge)
    Seed_Task                                0x080030c5   Thumb Code   144  freertos.o(i.Seed_Task)
    Shoot_Task                               0x08003165   Thumb Code    84  freertos.o(i.Shoot_Task)
    Speed_Control                            0x080031c5   Thumb Code    10  rm_motor.o(i.Speed_Control)
    SysTick_Handler                          0x080031cf   Thumb Code    26  cmsis_os2.o(i.SysTick_Handler)
    SystemClock_Config                       0x080031e9   Thumb Code   140  main.o(i.SystemClock_Config)
    SystemInit                               0x0800327d   Thumb Code    12  system_stm32f4xx.o(i.SystemInit)
    TIM2_IRQHandler                          0x0800328d   Thumb Code     6  stm32f4xx_it.o(i.TIM2_IRQHandler)
    TIM3_IRQHandler                          0x08003299   Thumb Code     6  stm32f4xx_it.o(i.TIM3_IRQHandler)
    TIM8_TRG_COM_TIM14_IRQHandler            0x080032a5   Thumb Code     6  stm32f4xx_it.o(i.TIM8_TRG_COM_TIM14_IRQHandler)
    TIM8_UP_TIM13_IRQHandler                 0x080032b1   Thumb Code     6  stm32f4xx_it.o(i.TIM8_UP_TIM13_IRQHandler)
    TIM_Base_SetConfig                       0x080032bd   Thumb Code   156  stm32f4xx_hal_tim.o(i.TIM_Base_SetConfig)
    TIM_ETR_SetConfig                        0x08003385   Thumb Code    20  stm32f4xx_hal_tim.o(i.TIM_ETR_SetConfig)
    TIM_OC2_SetConfig                        0x08003409   Thumb Code    98  stm32f4xx_hal_tim.o(i.TIM_OC2_SetConfig)
    UART4_IRQHandler                         0x08003575   Thumb Code     6  stm32f4xx_it.o(i.UART4_IRQHandler)
    UART_Start_Receive_IT                    0x080037ad   Thumb Code    58  stm32f4xx_hal_uart.o(i.UART_Start_Receive_IT)
    USART1_IRQHandler                        0x080037e9   Thumb Code     6  stm32f4xx_it.o(i.USART1_IRQHandler)
    Update_Action_gl_position                0x080037f5   Thumb Code   240  action.o(i.Update_Action_gl_position)
    UsageFault_Handler                       0x080038fd   Thumb Code     2  stm32f4xx_it.o(i.UsageFault_Handler)
    Velocity_Planning_MODE                   0x08003901   Thumb Code   494  rm_motor.o(i.Velocity_Planning_MODE)
    __ARM_fpclassify                         0x08003af9   Thumb Code    48  fpclassify.o(i.__ARM_fpclassify)
    __hardfp_cos                             0x08003b49   Thumb Code   180  cos.o(i.__hardfp_cos)
    __hardfp_sin                             0x08003c11   Thumb Code   180  sin.o(i.__hardfp_sin)
    __hardfp_sqrt                            0x08003cd9   Thumb Code   122  sqrt.o(i.__hardfp_sqrt)
    __ieee754_rem_pio2                       0x08003d59   Thumb Code   938  rred.o(i.__ieee754_rem_pio2)
    __kernel_cos                             0x08004191   Thumb Code   322  cos_i.o(i.__kernel_cos)
    __kernel_poly                            0x08004301   Thumb Code   248  poly.o(i.__kernel_poly)
    __kernel_sin                             0x080043f9   Thumb Code   280  sin_i.o(i.__kernel_sin)
    __mathlib_dbl_infnan                     0x08004529   Thumb Code    20  dunder.o(i.__mathlib_dbl_infnan)
    __mathlib_dbl_invalid                    0x08004541   Thumb Code    24  dunder.o(i.__mathlib_dbl_invalid)
    __mathlib_dbl_underflow                  0x08004561   Thumb Code    24  dunder.o(i.__mathlib_dbl_underflow)
    action_data_analyse                      0x08004581   Thumb Code   112  action.o(i.action_data_analyse)
    belt_ctrl                                0x080045fd   Thumb Code    72  upper.o(i.belt_ctrl)
    can1_config                              0x0800464d   Thumb Code   216  config.o(i.can1_config)
    can2_config                              0x08004745   Thumb Code   360  config.o(i.can2_config)
    can_filter_init                          0x080048e9   Thumb Code    80  usr_can.o(i.can_filter_init)
    chassis_init                             0x08004941   Thumb Code    90  chassis.o(i.chassis_init)
    chassis_stop                             0x080049a9   Thumb Code    28  chassis.o(i.chassis_stop)
    cylinder_control                         0x080049cd   Thumb Code    88  upper.o(i.cylinder_control)
    fabs                                     0x08004a2d   Thumb Code    24  fabs.o(i.fabs)
    flip_motor                               0x08004a45   Thumb Code    98  upper.o(i.flip_motor)
    free_ctrl_change                         0x08004abd   Thumb Code   174  chassis.o(i.free_ctrl_change)
    get_motor_measure                        0x08004b81   Thumb Code   372  rm_motor.o(i.get_motor_measure)
    lift_motor                               0x08004d05   Thumb Code    94  upper.o(i.lift_motor)
    lim                                      0x08004d79   Thumb Code    92  upper.o(i.lim)
    main                                     0x08004dd5   Thumb Code    84  main.o(i.main)
    osDelay                                  0x08004e31   Thumb Code    26  cmsis_os2.o(i.osDelay)
    osKernelInitialize                       0x08004e4d   Thumb Code    32  cmsis_os2.o(i.osKernelInitialize)
    osKernelStart                            0x08004e71   Thumb Code    48  cmsis_os2.o(i.osKernelStart)
    osThreadNew                              0x08004ea9   Thumb Code   136  cmsis_os2.o(i.osThreadNew)
    pid_calc                                 0x08004f31   Thumb Code   422  pid.o(i.pid_calc)
    pid_param_init                           0x080050dd   Thumb Code    30  pid.o(i.pid_param_init)
    pvPortMalloc                             0x0800588d   Thumb Code   216  heap_4.o(i.pvPortMalloc)
    pxPortInitialiseStack                    0x08005969   Thumb Code    40  port.o(i.pxPortInitialiseStack)
    robot_fsm                                0x08005995   Thumb Code    88  fsm.o(i.robot_fsm)
    uxListRemove                             0x080059f5   Thumb Code    38  list.o(i.uxListRemove)
    vApplicationGetIdleTaskMemory            0x08005a1d   Thumb Code    16  cmsis_os2.o(i.vApplicationGetIdleTaskMemory)
    vApplicationGetTimerTaskMemory           0x08005a31   Thumb Code    18  cmsis_os2.o(i.vApplicationGetTimerTaskMemory)
    vListInitialise                          0x08005a49   Thumb Code    22  list.o(i.vListInitialise)
    vListInitialiseItem                      0x08005a5f   Thumb Code     6  list.o(i.vListInitialiseItem)
    vListInsert                              0x08005a65   Thumb Code    48  list.o(i.vListInsert)
    vListInsertEnd                           0x08005a95   Thumb Code    24  list.o(i.vListInsertEnd)
    vPortEnterCritical                       0x08005aad   Thumb Code    54  port.o(i.vPortEnterCritical)
    vPortExitCritical                        0x08005aed   Thumb Code    34  port.o(i.vPortExitCritical)
    vPortFree                                0x08005b15   Thumb Code    94  heap_4.o(i.vPortFree)
    vPortSetupTimerInterrupt                 0x08005b79   Thumb Code    32  port.o(i.vPortSetupTimerInterrupt)
    vPortValidateInterruptPriority           0x08005b9d   Thumb Code    74  port.o(i.vPortValidateInterruptPriority)
    vQueueAddToRegistry                      0x08005bf1   Thumb Code    32  queue.o(i.vQueueAddToRegistry)
    vQueueWaitForMessageRestricted           0x08005c15   Thumb Code    68  queue.o(i.vQueueWaitForMessageRestricted)
    vTaskDelay                               0x08005c59   Thumb Code    66  tasks.o(i.vTaskDelay)
    vTaskInternalSetTimeOutState             0x08005ca5   Thumb Code    12  tasks.o(i.vTaskInternalSetTimeOutState)
    vTaskMissedYield                         0x08005cb5   Thumb Code     8  tasks.o(i.vTaskMissedYield)
    vTaskPlaceOnEventList                    0x08005cc1   Thumb Code    44  tasks.o(i.vTaskPlaceOnEventList)
    vTaskPlaceOnEventListRestricted          0x08005cf1   Thumb Code    52  tasks.o(i.vTaskPlaceOnEventListRestricted)
    vTaskStartScheduler                      0x08005d29   Thumb Code   116  tasks.o(i.vTaskStartScheduler)
    vTaskSuspendAll                          0x08005dad   Thumb Code    10  tasks.o(i.vTaskSuspendAll)
    vTaskSwitchContext                       0x08005dbd   Thumb Code    90  tasks.o(i.vTaskSwitchContext)
    xPortStartScheduler                      0x08005e21   Thumb Code   224  port.o(i.xPortStartScheduler)
    xPortSysTickHandler                      0x08005f15   Thumb Code    38  port.o(i.xPortSysTickHandler)
    xQueueGenericCreateStatic                0x08005f41   Thumb Code   102  queue.o(i.xQueueGenericCreateStatic)
    xQueueGenericReset                       0x08005fa9   Thumb Code   132  queue.o(i.xQueueGenericReset)
    xQueueGenericSend                        0x08006031   Thumb Code   350  queue.o(i.xQueueGenericSend)
    xQueueGenericSendFromISR                 0x08006195   Thumb Code   190  queue.o(i.xQueueGenericSendFromISR)
    xQueueReceive                            0x08006255   Thumb Code   308  queue.o(i.xQueueReceive)
    xTaskCheckForTimeOut                     0x0800638d   Thumb Code   112  tasks.o(i.xTaskCheckForTimeOut)
    xTaskCreate                              0x08006401   Thumb Code    90  tasks.o(i.xTaskCreate)
    xTaskCreateStatic                        0x0800645b   Thumb Code    90  tasks.o(i.xTaskCreateStatic)
    xTaskGetSchedulerState                   0x080064b5   Thumb Code    22  tasks.o(i.xTaskGetSchedulerState)
    xTaskGetTickCount                        0x080064d1   Thumb Code     6  tasks.o(i.xTaskGetTickCount)
    xTaskIncrementTick                       0x080064dd   Thumb Code   192  tasks.o(i.xTaskIncrementTick)
    xTaskPriorityDisinherit                  0x080065a5   Thumb Code   116  tasks.o(i.xTaskPriorityDisinherit)
    xTaskRemoveFromEventList                 0x08006621   Thumb Code    98  tasks.o(i.xTaskRemoveFromEventList)
    xTaskResumeAll                           0x08006691   Thumb Code   180  tasks.o(i.xTaskResumeAll)
    xTimerCreateTimerTask                    0x08006751   Thumb Code    78  timers.o(i.xTimerCreateTimerTask)
    xTimerGenericCommand                     0x080067b1   Thumb Code    94  timers.o(i.xTimerGenericCommand)
    __aeabi_dneg                             0x08006815   Thumb Code     0  basic.o(x$fpl$basic)
    _dneg                                    0x08006815   Thumb Code     6  basic.o(x$fpl$basic)
    __aeabi_fneg                             0x0800681b   Thumb Code     0  basic.o(x$fpl$basic)
    _fneg                                    0x0800681b   Thumb Code     6  basic.o(x$fpl$basic)
    _dabs                                    0x08006821   Thumb Code     6  basic.o(x$fpl$basic)
    _fabs                                    0x08006827   Thumb Code     6  basic.o(x$fpl$basic)
    __aeabi_d2f                              0x0800682d   Thumb Code     0  d2f.o(x$fpl$d2f)
    _d2f                                     0x0800682d   Thumb Code    98  d2f.o(x$fpl$d2f)
    __aeabi_dadd                             0x08006891   Thumb Code     0  daddsub_clz.o(x$fpl$dadd)
    _dadd                                    0x08006891   Thumb Code   332  daddsub_clz.o(x$fpl$dadd)
    __aeabi_ddiv                             0x080069e1   Thumb Code     0  ddiv.o(x$fpl$ddiv)
    _ddiv                                    0x080069e1   Thumb Code   552  ddiv.o(x$fpl$ddiv)
    __aeabi_d2iz                             0x08006c91   Thumb Code     0  dfix.o(x$fpl$dfix)
    _dfix                                    0x08006c91   Thumb Code    94  dfix.o(x$fpl$dfix)
    __aeabi_i2d                              0x08006cef   Thumb Code     0  dflt_clz.o(x$fpl$dflt)
    _dflt                                    0x08006cef   Thumb Code    46  dflt_clz.o(x$fpl$dflt)
    __aeabi_ui2d                             0x08006d1d   Thumb Code     0  dflt_clz.o(x$fpl$dfltu)
    _dfltu                                   0x08006d1d   Thumb Code    38  dflt_clz.o(x$fpl$dfltu)
    __aeabi_dmul                             0x08006d45   Thumb Code     0  dmul.o(x$fpl$dmul)
    _dmul                                    0x08006d45   Thumb Code   332  dmul.o(x$fpl$dmul)
    __fpl_dnaninf                            0x08006e99   Thumb Code   156  dnaninf.o(x$fpl$dnaninf)
    __fpl_dretinf                            0x08006f35   Thumb Code    12  dretinf.o(x$fpl$dretinf)
    __aeabi_drsub                            0x08006f41   Thumb Code     0  daddsub_clz.o(x$fpl$drsb)
    _drsb                                    0x08006f41   Thumb Code    22  daddsub_clz.o(x$fpl$drsb)
    _dsqrt                                   0x08006f59   Thumb Code   404  dsqrt_umaal.o(x$fpl$dsqrt)
    __aeabi_dsub                             0x080070f1   Thumb Code     0  daddsub_clz.o(x$fpl$dsub)
    _dsub                                    0x080070f1   Thumb Code   464  daddsub_clz.o(x$fpl$dsub)
    __aeabi_f2d                              0x080072c5   Thumb Code     0  f2d.o(x$fpl$f2d)
    _f2d                                     0x080072c5   Thumb Code    86  f2d.o(x$fpl$f2d)
    __fpl_fnaninf                            0x0800731b   Thumb Code   140  fnaninf.o(x$fpl$fnaninf)
    _fp_init                                 0x080073a7   Thumb Code    10  fpinit.o(x$fpl$fpinit)
    __fplib_config_fpu_vfp                   0x080073af   Thumb Code     0  fpinit.o(x$fpl$fpinit)
    __fplib_config_pureend_doubles           0x080073af   Thumb Code     0  fpinit.o(x$fpl$fpinit)
    __fpl_fretinf                            0x080073b1   Thumb Code    10  fretinf.o(x$fpl$fretinf)
    __I$use$fp                               0x080073ba   Number         0  usenofp.o(x$fpl$usenofp)
    FSM_switch_attributes                    0x080073bc   Data          36  freertos.o(.constdata)
    Chassis_attributes                       0x080073e0   Data          36  freertos.o(.constdata)
    Seed_attributes                          0x08007404   Data          36  freertos.o(.constdata)
    Shoot_attributes                         0x08007428   Data          36  freertos.o(.constdata)
    Move_attributes                          0x0800744c   Data          36  freertos.o(.constdata)
    AHBPrescTable                            0x08007470   Data          16  system_stm32f4xx.o(.constdata)
    APBPrescTable                            0x08007480   Data           8  system_stm32f4xx.o(.constdata)
    Region$$Table$$Base                      0x080075d4   Number         0  anon$$obj.o(Region$$Table)
    Region$$Table$$Limit                     0x080075f4   Number         0  anon$$obj.o(Region$$Table)
    FSM_switchHandle                         0x20000000   Data           4  freertos.o(.data)
    ChassisHandle                            0x20000004   Data           4  freertos.o(.data)
    SeedHandle                               0x20000008   Data           4  freertos.o(.data)
    ShootHandle                              0x2000000c   Data           4  freertos.o(.data)
    MoveHandle                               0x20000010   Data           4  freertos.o(.data)
    uwTickFreq                               0x20000018   Data           1  stm32f4xx_hal.o(.data)
    uwTickPrio                               0x2000001c   Data           4  stm32f4xx_hal.o(.data)
    uwTick                                   0x20000020   Data           4  stm32f4xx_hal.o(.data)
    SystemCoreClock                          0x20000024   Data           4  system_stm32f4xx.o(.data)
    pxCurrentTCB                             0x20000028   Data           4  tasks.o(.data)
    ppm_update_flag                          0x200000ac   Data           1  air_joy.o(.data)
    TIME_ISR_CNT                             0x200000b4   Data           4  air_joy.o(.data)
    now_ppm_time_send                        0x200000b8   Data           4  air_joy.o(.data)
    LAST_TIME_ISR_CNT                        0x200000c4   Data           4  air_joy.o(.data)
    Microsecond_Cnt                          0x200000c8   Data           2  air_joy.o(.data)
    Time_Sys                                 0x200000ca   Data           8  air_joy.o(.data)
    robot_state                              0x200000d4   Data           1  fsm.o(.data)
    chassis_state                            0x200000d5   Data           1  fsm.o(.data)
    seed_state                               0x200000d6   Data           1  fsm.o(.data)
    shoot_state                              0x200000d7   Data           1  fsm.o(.data)
    SEED_AREA                                0x200000d8   Data          16  fsm.o(.data)
    SHOOT_AREA                               0x200000e8   Data          16  fsm.o(.data)
    hcan1                                    0x200000f8   Data          40  can.o(.bss)
    hcan2                                    0x20000120   Data          40  can.o(.bss)
    htim2                                    0x20000148   Data          72  tim.o(.bss)
    htim13                                   0x20000190   Data          72  tim.o(.bss)
    htim14                                   0x200001d8   Data          72  tim.o(.bss)
    huart4                                   0x20000220   Data          68  usart.o(.bss)
    huart1                                   0x20000264   Data          68  usart.o(.bss)
    htim3                                    0x200002a8   Data          72  stm32f4xx_hal_timebase_tim.o(.bss)
    xQueueRegistry                           0x200002f0   Data          64  queue.o(.bss)
    ACTION_GL_POS_DATA                       0x20004bc4   Data          48  action.o(.bss)
    ROBOT_REAL_POS_DATA                      0x20004bf4   Data          12  action.o(.bss)
    PPM_Databuf                              0x20004c2c   Data          20  air_joy.o(.bss)
    ROBOT_CHASSI                             0x20004c40   Data          68  chassis.o(.bss)
    can1motorRealInfo                        0x20004c84   Data         784  rm_motor.o(.bss)
    can2motorRealInfo                        0x20004f94   Data         784  rm_motor.o(.bss)
    can1MOTOR_PID_RPM                        0x200052a4   Data         644  rm_motor.o(.bss)
    can1MOTOR_PID_POS                        0x20005528   Data         644  rm_motor.o(.bss)
    can2MOTOR_PID_RPM                        0x200057ac   Data         644  rm_motor.o(.bss)
    can2MOTOR_PID_POS                        0x20005a30   Data         644  rm_motor.o(.bss)
    __libspace_start                         0x20005cb4   Data          96  libspace.o(.bss)
    __temporary_stack_top$libspace           0x20005d14   Data           0  libspace.o(.bss)



==============================================================================

Memory Map of the image

  Image Entry point : 0x08000189

  Load Region LR_IROM1 (Base: 0x08000000, Size: 0x000076ec, Max: 0x00100000, ABSOLUTE)

    Execution Region ER_IROM1 (Exec base: 0x08000000, Load base: 0x08000000, Size: 0x000075f4, Max: 0x00100000, ABSOLUTE)

    Exec Addr    Load Addr    Size         Type   Attr      Idx    E Section Name        Object

    0x08000000   0x08000000   0x00000188   Data   RO            3    RESET               startup_stm32f407xx.o
    0x08000188   0x08000188   0x00000008   Code   RO         5948  * !!!main             c_w.l(__main.o)
    0x08000190   0x08000190   0x00000034   Code   RO         6449    !!!scatter          c_w.l(__scatter.o)
    0x080001c4   0x080001c4   0x0000001a   Code   RO         6451    !!handler_copy      c_w.l(__scatter_copy.o)
    0x080001de   0x080001de   0x00000002   PAD
    0x080001e0   0x080001e0   0x0000001c   Code   RO         6453    !!handler_zi        c_w.l(__scatter_zi.o)
    0x080001fc   0x080001fc   0x00000002   Code   RO         6264    .ARM.Collect$$libinit$$00000000  c_w.l(libinit.o)
    0x080001fe   0x080001fe   0x00000004   Code   RO         6265    .ARM.Collect$$libinit$$00000001  c_w.l(libinit2.o)
    0x08000202   0x08000202   0x00000000   Code   RO         6268    .ARM.Collect$$libinit$$00000004  c_w.l(libinit2.o)
    0x08000202   0x08000202   0x00000000   Code   RO         6271    .ARM.Collect$$libinit$$0000000A  c_w.l(libinit2.o)
    0x08000202   0x08000202   0x00000000   Code   RO         6273    .ARM.Collect$$libinit$$0000000C  c_w.l(libinit2.o)
    0x08000202   0x08000202   0x00000000   Code   RO         6275    .ARM.Collect$$libinit$$0000000E  c_w.l(libinit2.o)
    0x08000202   0x08000202   0x00000000   Code   RO         6278    .ARM.Collect$$libinit$$00000011  c_w.l(libinit2.o)
    0x08000202   0x08000202   0x00000000   Code   RO         6280    .ARM.Collect$$libinit$$00000013  c_w.l(libinit2.o)
    0x08000202   0x08000202   0x00000000   Code   RO         6282    .ARM.Collect$$libinit$$00000015  c_w.l(libinit2.o)
    0x08000202   0x08000202   0x00000000   Code   RO         6284    .ARM.Collect$$libinit$$00000017  c_w.l(libinit2.o)
    0x08000202   0x08000202   0x00000000   Code   RO         6286    .ARM.Collect$$libinit$$00000019  c_w.l(libinit2.o)
    0x08000202   0x08000202   0x00000000   Code   RO         6288    .ARM.Collect$$libinit$$0000001B  c_w.l(libinit2.o)
    0x08000202   0x08000202   0x00000000   Code   RO         6290    .ARM.Collect$$libinit$$0000001D  c_w.l(libinit2.o)
    0x08000202   0x08000202   0x00000000   Code   RO         6292    .ARM.Collect$$libinit$$0000001F  c_w.l(libinit2.o)
    0x08000202   0x08000202   0x00000000   Code   RO         6294    .ARM.Collect$$libinit$$00000021  c_w.l(libinit2.o)
    0x08000202   0x08000202   0x00000000   Code   RO         6296    .ARM.Collect$$libinit$$00000023  c_w.l(libinit2.o)
    0x08000202   0x08000202   0x00000000   Code   RO         6298    .ARM.Collect$$libinit$$00000025  c_w.l(libinit2.o)
    0x08000202   0x08000202   0x00000000   Code   RO         6302    .ARM.Collect$$libinit$$0000002C  c_w.l(libinit2.o)
    0x08000202   0x08000202   0x00000000   Code   RO         6304    .ARM.Collect$$libinit$$0000002E  c_w.l(libinit2.o)
    0x08000202   0x08000202   0x00000000   Code   RO         6306    .ARM.Collect$$libinit$$00000030  c_w.l(libinit2.o)
    0x08000202   0x08000202   0x00000000   Code   RO         6308    .ARM.Collect$$libinit$$00000032  c_w.l(libinit2.o)
    0x08000202   0x08000202   0x00000002   Code   RO         6309    .ARM.Collect$$libinit$$00000033  c_w.l(libinit2.o)
    0x08000204   0x08000204   0x00000002   Code   RO         6430    .ARM.Collect$$libshutdown$$00000000  c_w.l(libshutdown.o)
    0x08000206   0x08000206   0x00000000   Code   RO         6311    .ARM.Collect$$libshutdown$$00000002  c_w.l(libshutdown2.o)
    0x08000206   0x08000206   0x00000000   Code   RO         6313    .ARM.Collect$$libshutdown$$00000004  c_w.l(libshutdown2.o)
    0x08000206   0x08000206   0x00000000   Code   RO         6315    .ARM.Collect$$libshutdown$$00000006  c_w.l(libshutdown2.o)
    0x08000206   0x08000206   0x00000000   Code   RO         6318    .ARM.Collect$$libshutdown$$00000009  c_w.l(libshutdown2.o)
    0x08000206   0x08000206   0x00000000   Code   RO         6321    .ARM.Collect$$libshutdown$$0000000C  c_w.l(libshutdown2.o)
    0x08000206   0x08000206   0x00000000   Code   RO         6323    .ARM.Collect$$libshutdown$$0000000E  c_w.l(libshutdown2.o)
    0x08000206   0x08000206   0x00000000   Code   RO         6326    .ARM.Collect$$libshutdown$$00000011  c_w.l(libshutdown2.o)
    0x08000206   0x08000206   0x00000002   Code   RO         6327    .ARM.Collect$$libshutdown$$00000012  c_w.l(libshutdown2.o)
    0x08000208   0x08000208   0x00000000   Code   RO         6004    .ARM.Collect$$rtentry$$00000000  c_w.l(__rtentry.o)
    0x08000208   0x08000208   0x00000000   Code   RO         6074    .ARM.Collect$$rtentry$$00000002  c_w.l(__rtentry2.o)
    0x08000208   0x08000208   0x00000006   Code   RO         6086    .ARM.Collect$$rtentry$$00000004  c_w.l(__rtentry4.o)
    0x0800020e   0x0800020e   0x00000000   Code   RO         6076    .ARM.Collect$$rtentry$$00000009  c_w.l(__rtentry2.o)
    0x0800020e   0x0800020e   0x00000004   Code   RO         6077    .ARM.Collect$$rtentry$$0000000A  c_w.l(__rtentry2.o)
    0x08000212   0x08000212   0x00000000   Code   RO         6079    .ARM.Collect$$rtentry$$0000000C  c_w.l(__rtentry2.o)
    0x08000212   0x08000212   0x00000008   Code   RO         6080    .ARM.Collect$$rtentry$$0000000D  c_w.l(__rtentry2.o)
    0x0800021a   0x0800021a   0x00000002   Code   RO         6331    .ARM.Collect$$rtexit$$00000000  c_w.l(rtexit.o)
    0x0800021c   0x0800021c   0x00000000   Code   RO         6381    .ARM.Collect$$rtexit$$00000002  c_w.l(rtexit2.o)
    0x0800021c   0x0800021c   0x00000004   Code   RO         6382    .ARM.Collect$$rtexit$$00000003  c_w.l(rtexit2.o)
    0x08000220   0x08000220   0x00000006   Code   RO         6383    .ARM.Collect$$rtexit$$00000004  c_w.l(rtexit2.o)
    0x08000226   0x08000226   0x00000002   PAD
    0x08000228   0x08000228   0x000000be   Code   RO         5262    .emb_text           port.o
    0x080002e6   0x080002e6   0x00000002   PAD
    0x080002e8   0x080002e8   0x00000040   Code   RO            4    .text               startup_stm32f407xx.o
    0x08000328   0x08000328   0x000000ee   Code   RO         5902    .text               c_w.l(lludivv7m.o)
    0x08000416   0x08000416   0x0000008a   Code   RO         5938    .text               c_w.l(rt_memcpy_v6.o)
    0x080004a0   0x080004a0   0x00000010   Code   RO         5942    .text               c_w.l(aeabi_memset.o)
    0x080004b0   0x080004b0   0x0000004e   Code   RO         5944    .text               c_w.l(rt_memclr_w.o)
    0x080004fe   0x080004fe   0x00000006   Code   RO         5946    .text               c_w.l(heapauxi.o)
    0x08000504   0x08000504   0x00000016   Code   RO         6009    .text               c_w.l(_rserrno.o)
    0x0800051a   0x0800051a   0x00000064   Code   RO         6026    .text               c_w.l(rt_memcpy_w.o)
    0x0800057e   0x0800057e   0x00000044   Code   RO         6028    .text               c_w.l(rt_memclr.o)
    0x080005c2   0x080005c2   0x00000002   PAD
    0x080005c4   0x080005c4   0x00000008   Code   RO         6098    .text               c_w.l(rt_errno_addr_intlibspace.o)
    0x080005cc   0x080005cc   0x00000008   Code   RO         6171    .text               c_w.l(libspace.o)
    0x080005d4   0x080005d4   0x0000004a   Code   RO         6176    .text               c_w.l(sys_stackheap_outer.o)
    0x0800061e   0x0800061e   0x00000012   Code   RO         6247    .text               c_w.l(exit.o)
    0x08000630   0x08000630   0x00000002   Code   RO         6328    .text               c_w.l(use_no_semi.o)
    0x08000632   0x08000632   0x00000000   Code   RO         6330    .text               c_w.l(indicate_semi.o)
    0x08000632   0x08000632   0x00000002   PAD
    0x08000634   0x08000634   0x0000000c   Code   RO         6378    .text               c_w.l(sys_exit.o)
    0x08000640   0x08000640   0x00000002   Code   RO          675    i.BusFault_Handler  stm32f4xx_it.o
    0x08000642   0x08000642   0x00000002   PAD
    0x08000644   0x08000644   0x0000000c   Code   RO          676    i.CAN1_RX0_IRQHandler  stm32f4xx_it.o
    0x08000650   0x08000650   0x0000000c   Code   RO          677    i.CAN2_RX0_IRQHandler  stm32f4xx_it.o
    0x0800065c   0x0800065c   0x00000090   Code   RO          407    i.Chassis_Task      freertos.o
    0x080006ec   0x080006ec   0x00000002   Code   RO          678    i.DebugMon_Handler  stm32f4xx_it.o
    0x080006ee   0x080006ee   0x00000006   Code   RO          679    i.EXTI9_5_IRQHandler  stm32f4xx_it.o
    0x080006f4   0x080006f4   0x00000004   Code   RO           13    i.Error_Handler     main.o
    0x080006f8   0x080006f8   0x0000000c   Code   RO          408    i.FSM_Task          freertos.o
    0x08000704   0x08000704   0x000000c4   Code   RO         5426    i.Free_Control      chassis.o
    0x080007c8   0x080007c8   0x00000024   Code   RO          851    i.HAL_CAN_ActivateNotification  stm32f4xx_hal_can.o
    0x080007ec   0x080007ec   0x000000dc   Code   RO          852    i.HAL_CAN_AddTxMessage  stm32f4xx_hal_can.o
    0x080008c8   0x080008c8   0x0000010c   Code   RO          853    i.HAL_CAN_ConfigFilter  stm32f4xx_hal_can.o
    0x080009d4   0x080009d4   0x00000002   Code   RO          856    i.HAL_CAN_ErrorCallback  stm32f4xx_hal_can.o
    0x080009d6   0x080009d6   0x000000e8   Code   RO          859    i.HAL_CAN_GetRxMessage  stm32f4xx_hal_can.o
    0x08000abe   0x08000abe   0x000001fc   Code   RO          863    i.HAL_CAN_IRQHandler  stm32f4xx_hal_can.o
    0x08000cba   0x08000cba   0x0000011a   Code   RO          864    i.HAL_CAN_Init      stm32f4xx_hal_can.o
    0x08000dd4   0x08000dd4   0x000000fc   Code   RO          509    i.HAL_CAN_MspInit   can.o
    0x08000ed0   0x08000ed0   0x00000002   Code   RO          871    i.HAL_CAN_RxFifo0FullCallback  stm32f4xx_hal_can.o
    0x08000ed2   0x08000ed2   0x00000002   PAD
    0x08000ed4   0x08000ed4   0x0000007c   Code   RO         5869    i.HAL_CAN_RxFifo0MsgPendingCallback  usr_can.o
    0x08000f50   0x08000f50   0x00000002   Code   RO          873    i.HAL_CAN_RxFifo1FullCallback  stm32f4xx_hal_can.o
    0x08000f52   0x08000f52   0x00000002   Code   RO          874    i.HAL_CAN_RxFifo1MsgPendingCallback  stm32f4xx_hal_can.o
    0x08000f54   0x08000f54   0x00000002   Code   RO          875    i.HAL_CAN_SleepCallback  stm32f4xx_hal_can.o
    0x08000f56   0x08000f56   0x00000056   Code   RO          876    i.HAL_CAN_Start     stm32f4xx_hal_can.o
    0x08000fac   0x08000fac   0x00000002   Code   RO          878    i.HAL_CAN_TxMailbox0AbortCallback  stm32f4xx_hal_can.o
    0x08000fae   0x08000fae   0x00000002   Code   RO          879    i.HAL_CAN_TxMailbox0CompleteCallback  stm32f4xx_hal_can.o
    0x08000fb0   0x08000fb0   0x00000002   Code   RO          880    i.HAL_CAN_TxMailbox1AbortCallback  stm32f4xx_hal_can.o
    0x08000fb2   0x08000fb2   0x00000002   Code   RO          881    i.HAL_CAN_TxMailbox1CompleteCallback  stm32f4xx_hal_can.o
    0x08000fb4   0x08000fb4   0x00000002   Code   RO          882    i.HAL_CAN_TxMailbox2AbortCallback  stm32f4xx_hal_can.o
    0x08000fb6   0x08000fb6   0x00000002   Code   RO          883    i.HAL_CAN_TxMailbox2CompleteCallback  stm32f4xx_hal_can.o
    0x08000fb8   0x08000fb8   0x00000002   Code   RO          885    i.HAL_CAN_WakeUpFromRxMsgCallback  stm32f4xx_hal_can.o
    0x08000fba   0x08000fba   0x00000092   Code   RO         1546    i.HAL_DMA_Abort     stm32f4xx_hal_dma.o
    0x0800104c   0x0800104c   0x00000024   Code   RO         1547    i.HAL_DMA_Abort_IT  stm32f4xx_hal_dma.o
    0x08001070   0x08001070   0x00000088   Code   RO         5392    i.HAL_GPIO_EXTI_Callback  air_joy.o
    0x080010f8   0x080010f8   0x00000018   Code   RO         1438    i.HAL_GPIO_EXTI_IRQHandler  stm32f4xx_hal_gpio.o
    0x08001110   0x08001110   0x000001d0   Code   RO         1439    i.HAL_GPIO_Init     stm32f4xx_hal_gpio.o
    0x080012e0   0x080012e0   0x0000000a   Code   RO         1443    i.HAL_GPIO_WritePin  stm32f4xx_hal_gpio.o
    0x080012ea   0x080012ea   0x00000002   PAD
    0x080012ec   0x080012ec   0x0000000c   Code   RO         1971    i.HAL_GetTick       stm32f4xx_hal.o
    0x080012f8   0x080012f8   0x00000010   Code   RO         1977    i.HAL_IncTick       stm32f4xx_hal.o
    0x08001308   0x08001308   0x00000034   Code   RO         1978    i.HAL_Init          stm32f4xx_hal.o
    0x0800133c   0x0800133c   0x00000098   Code   RO          811    i.HAL_InitTick      stm32f4xx_hal_timebase_tim.o
    0x080013d4   0x080013d4   0x00000038   Code   RO          787    i.HAL_MspInit       stm32f4xx_hal_msp.o
    0x0800140c   0x0800140c   0x0000001a   Code   RO         1828    i.HAL_NVIC_EnableIRQ  stm32f4xx_hal_cortex.o
    0x08001426   0x08001426   0x00000002   PAD
    0x08001428   0x08001428   0x00000040   Code   RO         1834    i.HAL_NVIC_SetPriority  stm32f4xx_hal_cortex.o
    0x08001468   0x08001468   0x00000024   Code   RO         1835    i.HAL_NVIC_SetPriorityGrouping  stm32f4xx_hal_cortex.o
    0x0800148c   0x0800148c   0x00000134   Code   RO         1085    i.HAL_RCC_ClockConfig  stm32f4xx_hal_rcc.o
    0x080015c0   0x080015c0   0x00000040   Code   RO         1089    i.HAL_RCC_GetClockConfig  stm32f4xx_hal_rcc.o
    0x08001600   0x08001600   0x00000020   Code   RO         1092    i.HAL_RCC_GetPCLK1Freq  stm32f4xx_hal_rcc.o
    0x08001620   0x08001620   0x00000020   Code   RO         1093    i.HAL_RCC_GetPCLK2Freq  stm32f4xx_hal_rcc.o
    0x08001640   0x08001640   0x00000060   Code   RO         1094    i.HAL_RCC_GetSysClockFreq  stm32f4xx_hal_rcc.o
    0x080016a0   0x080016a0   0x00000358   Code   RO         1097    i.HAL_RCC_OscConfig  stm32f4xx_hal_rcc.o
    0x080019f8   0x080019f8   0x00000002   Code   RO         2922    i.HAL_TIMEx_BreakCallback  stm32f4xx_hal_tim_ex.o
    0x080019fa   0x080019fa   0x00000002   Code   RO         2923    i.HAL_TIMEx_CommutCallback  stm32f4xx_hal_tim_ex.o
    0x080019fc   0x080019fc   0x00000090   Code   RO         2941    i.HAL_TIMEx_MasterConfigSynchronization  stm32f4xx_hal_tim_ex.o
    0x08001a8c   0x08001a8c   0x0000005a   Code   RO         2218    i.HAL_TIM_Base_Init  stm32f4xx_hal_tim.o
    0x08001ae6   0x08001ae6   0x00000002   PAD
    0x08001ae8   0x08001ae8   0x00000088   Code   RO          561    i.HAL_TIM_Base_MspInit  tim.o
    0x08001b70   0x08001b70   0x00000080   Code   RO         2223    i.HAL_TIM_Base_Start_IT  stm32f4xx_hal_tim.o
    0x08001bf0   0x08001bf0   0x000000dc   Code   RO         2227    i.HAL_TIM_ConfigClockSource  stm32f4xx_hal_tim.o
    0x08001ccc   0x08001ccc   0x00000002   Code   RO         2252    i.HAL_TIM_IC_CaptureCallback  stm32f4xx_hal_tim.o
    0x08001cce   0x08001cce   0x00000166   Code   RO         2266    i.HAL_TIM_IRQHandler  stm32f4xx_hal_tim.o
    0x08001e34   0x08001e34   0x00000070   Code   RO          562    i.HAL_TIM_MspPostInit  tim.o
    0x08001ea4   0x08001ea4   0x00000002   Code   RO         2269    i.HAL_TIM_OC_DelayElapsedCallback  stm32f4xx_hal_tim.o
    0x08001ea6   0x08001ea6   0x000000cc   Code   RO         2290    i.HAL_TIM_PWM_ConfigChannel  stm32f4xx_hal_tim.o
    0x08001f72   0x08001f72   0x0000005a   Code   RO         2293    i.HAL_TIM_PWM_Init  stm32f4xx_hal_tim.o
    0x08001fcc   0x08001fcc   0x00000002   Code   RO         2295    i.HAL_TIM_PWM_MspInit  stm32f4xx_hal_tim.o
    0x08001fce   0x08001fce   0x00000002   Code   RO         2296    i.HAL_TIM_PWM_PulseFinishedCallback  stm32f4xx_hal_tim.o
    0x08001fd0   0x08001fd0   0x00000078   Code   RO           14    i.HAL_TIM_PeriodElapsedCallback  main.o
    0x08002048   0x08002048   0x00000002   Code   RO         2309    i.HAL_TIM_TriggerCallback  stm32f4xx_hal_tim.o
    0x0800204a   0x0800204a   0x00000002   Code   RO         3200    i.HAL_UARTEx_RxEventCallback  stm32f4xx_hal_uart.o
    0x0800204c   0x0800204c   0x00000002   Code   RO         3214    i.HAL_UART_ErrorCallback  stm32f4xx_hal_uart.o
    0x0800204e   0x0800204e   0x00000002   PAD
    0x08002050   0x08002050   0x00000268   Code   RO         3217    i.HAL_UART_IRQHandler  stm32f4xx_hal_uart.o
    0x080022b8   0x080022b8   0x00000062   Code   RO         3218    i.HAL_UART_Init     stm32f4xx_hal_uart.o
    0x0800231a   0x0800231a   0x00000002   PAD
    0x0800231c   0x0800231c   0x000000cc   Code   RO          624    i.HAL_UART_MspInit  usart.o
    0x080023e8   0x080023e8   0x0000002a   Code   RO         3223    i.HAL_UART_Receive_IT  stm32f4xx_hal_uart.o
    0x08002412   0x08002412   0x00000002   PAD
    0x08002414   0x08002414   0x00000014   Code   RO         5342    i.HAL_UART_RxCpltCallback  action.o
    0x08002428   0x08002428   0x00000002   Code   RO         3229    i.HAL_UART_TxCpltCallback  stm32f4xx_hal_uart.o
    0x0800242a   0x0800242a   0x00000002   Code   RO          680    i.HardFault_Handler  stm32f4xx_it.o
    0x0800242c   0x0800242c   0x00000012   Code   RO         5675    i.Homeing_Mode      rm_motor.o
    0x0800243e   0x0800243e   0x0000002a   Code   RO         5639    i.LimitMax          pid.o
    0x08002468   0x08002468   0x00000124   Code   RO         5676    i.M3508_Send_Currents  rm_motor.o
    0x0800258c   0x0800258c   0x00000048   Code   RO          510    i.MX_CAN1_Init      can.o
    0x080025d4   0x080025d4   0x00000048   Code   RO          511    i.MX_CAN2_Init      can.o
    0x0800261c   0x0800261c   0x00000068   Code   RO          409    i.MX_FREERTOS_Init  freertos.o
    0x08002684   0x08002684   0x000000e4   Code   RO          253    i.MX_GPIO_Init      gpio.o
    0x08002768   0x08002768   0x00000068   Code   RO          563    i.MX_TIM13_Init     tim.o
    0x080027d0   0x080027d0   0x00000068   Code   RO          564    i.MX_TIM14_Init     tim.o
    0x08002838   0x08002838   0x00000068   Code   RO          565    i.MX_TIM2_Init      tim.o
    0x080028a0   0x080028a0   0x00000038   Code   RO          625    i.MX_UART4_Init     usart.o
    0x080028d8   0x080028d8   0x00000038   Code   RO          626    i.MX_USART1_UART_Init  usart.o
    0x08002910   0x08002910   0x00000022   Code   RO         5677    i.Max_Value_Limit   rm_motor.o
    0x08002932   0x08002932   0x00000002   Code   RO          681    i.MemManage_Handler  stm32f4xx_it.o
    0x08002934   0x08002934   0x00000444   Code   RO         5678    i.Motor_Control     rm_motor.o
    0x08002d78   0x08002d78   0x00000008   Code   RO          410    i.Move_Task         freertos.o
    0x08002d80   0x08002d80   0x00000002   Code   RO          682    i.NMI_Handler       stm32f4xx_it.o
    0x08002d82   0x08002d82   0x00000002   PAD
    0x08002d84   0x08002d84   0x00000054   Code   RO         5680    i.Position_Control  rm_motor.o
    0x08002dd8   0x08002dd8   0x00000110   Code   RO         5681    i.RM_MOTOR_Angle_Integral  rm_motor.o
    0x08002ee8   0x08002ee8   0x000000f8   Code   RO         5427    i.Robot_Wheels_RPM_calculate  chassis.o
    0x08002fe0   0x08002fe0   0x00000028   Code   RO         5513    i.SWA_judge         fsm.o
    0x08003008   0x08003008   0x00000034   Code   RO         5514    i.SWB_judge         fsm.o
    0x0800303c   0x0800303c   0x00000060   Code   RO         5515    i.SWC_judge         fsm.o
    0x0800309c   0x0800309c   0x00000028   Code   RO         5516    i.SWD_judge         fsm.o
    0x080030c4   0x080030c4   0x000000a0   Code   RO          411    i.Seed_Task         freertos.o
    0x08003164   0x08003164   0x00000060   Code   RO          412    i.Shoot_Task        freertos.o
    0x080031c4   0x080031c4   0x0000000a   Code   RO         5682    i.Speed_Control     rm_motor.o
    0x080031ce   0x080031ce   0x0000001a   Code   RO         4694    i.SysTick_Handler   cmsis_os2.o
    0x080031e8   0x080031e8   0x00000094   Code   RO           15    i.SystemClock_Config  main.o
    0x0800327c   0x0800327c   0x00000010   Code   RO         3547    i.SystemInit        system_stm32f4xx.o
    0x0800328c   0x0800328c   0x0000000c   Code   RO          683    i.TIM2_IRQHandler   stm32f4xx_it.o
    0x08003298   0x08003298   0x0000000c   Code   RO          684    i.TIM3_IRQHandler   stm32f4xx_it.o
    0x080032a4   0x080032a4   0x0000000c   Code   RO          685    i.TIM8_TRG_COM_TIM14_IRQHandler  stm32f4xx_it.o
    0x080032b0   0x080032b0   0x0000000c   Code   RO          686    i.TIM8_UP_TIM13_IRQHandler  stm32f4xx_it.o
    0x080032bc   0x080032bc   0x000000c8   Code   RO         2311    i.TIM_Base_SetConfig  stm32f4xx_hal_tim.o
    0x08003384   0x08003384   0x00000014   Code   RO         2322    i.TIM_ETR_SetConfig  stm32f4xx_hal_tim.o
    0x08003398   0x08003398   0x00000010   Code   RO         2323    i.TIM_ITRx_SetConfig  stm32f4xx_hal_tim.o
    0x080033a8   0x080033a8   0x00000060   Code   RO         2324    i.TIM_OC1_SetConfig  stm32f4xx_hal_tim.o
    0x08003408   0x08003408   0x0000006c   Code   RO         2325    i.TIM_OC2_SetConfig  stm32f4xx_hal_tim.o
    0x08003474   0x08003474   0x00000068   Code   RO         2326    i.TIM_OC3_SetConfig  stm32f4xx_hal_tim.o
    0x080034dc   0x080034dc   0x00000050   Code   RO         2327    i.TIM_OC4_SetConfig  stm32f4xx_hal_tim.o
    0x0800352c   0x0800352c   0x00000022   Code   RO         2329    i.TIM_TI1_ConfigInputStage  stm32f4xx_hal_tim.o
    0x0800354e   0x0800354e   0x00000024   Code   RO         2331    i.TIM_TI2_ConfigInputStage  stm32f4xx_hal_tim.o
    0x08003572   0x08003572   0x00000002   PAD
    0x08003574   0x08003574   0x0000000c   Code   RO          687    i.UART4_IRQHandler  stm32f4xx_it.o
    0x08003580   0x08003580   0x00000010   Code   RO         3231    i.UART_DMAAbortOnError  stm32f4xx_hal_uart.o
    0x08003590   0x08003590   0x0000004e   Code   RO         3241    i.UART_EndRxTransfer  stm32f4xx_hal_uart.o
    0x080035de   0x080035de   0x000000c0   Code   RO         3243    i.UART_Receive_IT   stm32f4xx_hal_uart.o
    0x0800369e   0x0800369e   0x00000002   PAD
    0x080036a0   0x080036a0   0x0000010c   Code   RO         3244    i.UART_SetConfig    stm32f4xx_hal_uart.o
    0x080037ac   0x080037ac   0x0000003a   Code   RO         3246    i.UART_Start_Receive_IT  stm32f4xx_hal_uart.o
    0x080037e6   0x080037e6   0x00000002   PAD
    0x080037e8   0x080037e8   0x0000000c   Code   RO          688    i.USART1_IRQHandler  stm32f4xx_it.o
    0x080037f4   0x080037f4   0x00000108   Code   RO         5343    i.Update_Action_gl_position  action.o
    0x080038fc   0x080038fc   0x00000002   Code   RO          689    i.UsageFault_Handler  stm32f4xx_it.o
    0x080038fe   0x080038fe   0x00000002   PAD
    0x08003900   0x08003900   0x000001f8   Code   RO         5684    i.Velocity_Planning_MODE  rm_motor.o
    0x08003af8   0x08003af8   0x00000030   Code   RO         6162    i.__ARM_fpclassify  m_wm.l(fpclassify.o)
    0x08003b28   0x08003b28   0x00000020   Code   RO         1841    i.__NVIC_SetPriority  stm32f4xx_hal_cortex.o
    0x08003b48   0x08003b48   0x000000c8   Code   RO         5968    i.__hardfp_cos      m_wm.l(cos.o)
    0x08003c10   0x08003c10   0x000000c8   Code   RO         5980    i.__hardfp_sin      m_wm.l(sin.o)
    0x08003cd8   0x08003cd8   0x0000007a   Code   RO         5992    i.__hardfp_sqrt     m_wm.l(sqrt.o)
    0x08003d52   0x08003d52   0x00000006   PAD
    0x08003d58   0x08003d58   0x00000438   Code   RO         6062    i.__ieee754_rem_pio2  m_wm.l(rred.o)
    0x08004190   0x08004190   0x00000170   Code   RO         6045    i.__kernel_cos      m_wm.l(cos_i.o)
    0x08004300   0x08004300   0x000000f8   Code   RO         6164    i.__kernel_poly     m_wm.l(poly.o)
    0x080043f8   0x080043f8   0x00000130   Code   RO         6067    i.__kernel_sin      m_wm.l(sin_i.o)
    0x08004528   0x08004528   0x00000014   Code   RO         6049    i.__mathlib_dbl_infnan  m_wm.l(dunder.o)
    0x0800453c   0x0800453c   0x00000004   PAD
    0x08004540   0x08004540   0x00000020   Code   RO         6051    i.__mathlib_dbl_invalid  m_wm.l(dunder.o)
    0x08004560   0x08004560   0x00000020   Code   RO         6054    i.__mathlib_dbl_underflow  m_wm.l(dunder.o)
    0x08004580   0x08004580   0x0000007c   Code   RO         5344    i.action_data_analyse  action.o
    0x080045fc   0x080045fc   0x00000050   Code   RO         5784    i.belt_ctrl         upper.o
    0x0800464c   0x0800464c   0x000000f8   Code   RO         5480    i.can1_config       config.o
    0x08004744   0x08004744   0x000001a4   Code   RO         5481    i.can2_config       config.o
    0x080048e8   0x080048e8   0x00000058   Code   RO         5870    i.can_filter_init   usr_can.o
    0x08004940   0x08004940   0x00000068   Code   RO         5428    i.chassis_init      chassis.o
    0x080049a8   0x080049a8   0x00000024   Code   RO         5429    i.chassis_stop      chassis.o
    0x080049cc   0x080049cc   0x00000060   Code   RO         5786    i.cylinder_control  upper.o
    0x08004a2c   0x08004a2c   0x00000018   Code   RO         6158    i.fabs              m_wm.l(fabs.o)
    0x08004a44   0x08004a44   0x00000078   Code   RO         5787    i.flip_motor        upper.o
    0x08004abc   0x08004abc   0x000000c4   Code   RO         5430    i.free_ctrl_change  chassis.o
    0x08004b80   0x08004b80   0x00000184   Code   RO         5686    i.get_motor_measure  rm_motor.o
    0x08004d04   0x08004d04   0x00000074   Code   RO         5789    i.lift_motor        upper.o
    0x08004d78   0x08004d78   0x0000005c   Code   RO         5790    i.lim               upper.o
    0x08004dd4   0x08004dd4   0x0000005c   Code   RO           17    i.main              main.o
    0x08004e30   0x08004e30   0x0000001a   Code   RO         4696    i.osDelay           cmsis_os2.o
    0x08004e4a   0x08004e4a   0x00000002   PAD
    0x08004e4c   0x08004e4c   0x00000024   Code   RO         4710    i.osKernelInitialize  cmsis_os2.o
    0x08004e70   0x08004e70   0x00000038   Code   RO         4713    i.osKernelStart     cmsis_os2.o
    0x08004ea8   0x08004ea8   0x00000088   Code   RO         4755    i.osThreadNew       cmsis_os2.o
    0x08004f30   0x08004f30   0x000001ac   Code   RO         5640    i.pid_calc          pid.o
    0x080050dc   0x080050dc   0x00000024   Code   RO         5641    i.pid_param_init    pid.o
    0x08005100   0x08005100   0x0000005c   Code   RO         4155    i.prvAddCurrentTaskToDelayedList  tasks.o
    0x0800515c   0x0800515c   0x000000d0   Code   RO         4156    i.prvAddNewTaskToReadyList  tasks.o
    0x0800522c   0x0800522c   0x00000058   Code   RO         4520    i.prvCheckForValidListAndQueue  timers.o
    0x08005284   0x08005284   0x00000026   Code   RO         3752    i.prvCopyDataFromQueue  queue.o
    0x080052aa   0x080052aa   0x0000006c   Code   RO         3753    i.prvCopyDataToQueue  queue.o
    0x08005316   0x08005316   0x00000034   Code   RO         4157    i.prvDeleteTCB      tasks.o
    0x0800534a   0x0800534a   0x00000002   PAD
    0x0800534c   0x0800534c   0x0000004c   Code   RO         5207    i.prvHeapInit       heap_4.o
    0x08005398   0x08005398   0x0000005c   Code   RO         4158    i.prvIdleTask       tasks.o
    0x080053f4   0x080053f4   0x00000020   Code   RO         3755    i.prvInitialiseNewQueue  queue.o
    0x08005414   0x08005414   0x000000aa   Code   RO         4159    i.prvInitialiseNewTask  tasks.o
    0x080054be   0x080054be   0x00000002   PAD
    0x080054c0   0x080054c0   0x0000004c   Code   RO         5208    i.prvInsertBlockIntoFreeList  heap_4.o
    0x0800550c   0x0800550c   0x00000038   Code   RO         4522    i.prvInsertTimerInActiveList  timers.o
    0x08005544   0x08005544   0x0000001a   Code   RO         3756    i.prvIsQueueEmpty   queue.o
    0x0800555e   0x0800555e   0x00000002   PAD
    0x08005560   0x08005560   0x000000fc   Code   RO         4523    i.prvProcessReceivedCommands  timers.o
    0x0800565c   0x0800565c   0x000000c0   Code   RO         4524    i.prvProcessTimerOrBlockTask  timers.o
    0x0800571c   0x0800571c   0x00000020   Code   RO         4161    i.prvResetNextTaskUnblockTime  tasks.o
    0x0800573c   0x0800573c   0x00000028   Code   RO         4525    i.prvSampleTimeNow  timers.o
    0x08005764   0x08005764   0x0000006c   Code   RO         4526    i.prvSwitchTimerLists  timers.o
    0x080057d0   0x080057d0   0x00000028   Code   RO         5263    i.prvTaskExitError  port.o
    0x080057f8   0x080057f8   0x00000028   Code   RO         4527    i.prvTimerTask      timers.o
    0x08005820   0x08005820   0x0000006a   Code   RO         3757    i.prvUnlockQueue    queue.o
    0x0800588a   0x0800588a   0x00000002   PAD
    0x0800588c   0x0800588c   0x000000dc   Code   RO         5209    i.pvPortMalloc      heap_4.o
    0x08005968   0x08005968   0x0000002c   Code   RO         5264    i.pxPortInitialiseStack  port.o
    0x08005994   0x08005994   0x00000060   Code   RO         5518    i.robot_fsm         fsm.o
    0x080059f4   0x080059f4   0x00000026   Code   RO         3712    i.uxListRemove      list.o
    0x08005a1a   0x08005a1a   0x00000002   PAD
    0x08005a1c   0x08005a1c   0x00000014   Code   RO         4767    i.vApplicationGetIdleTaskMemory  cmsis_os2.o
    0x08005a30   0x08005a30   0x00000018   Code   RO         4768    i.vApplicationGetTimerTaskMemory  cmsis_os2.o
    0x08005a48   0x08005a48   0x00000016   Code   RO         3713    i.vListInitialise   list.o
    0x08005a5e   0x08005a5e   0x00000006   Code   RO         3714    i.vListInitialiseItem  list.o
    0x08005a64   0x08005a64   0x00000030   Code   RO         3715    i.vListInsert       list.o
    0x08005a94   0x08005a94   0x00000018   Code   RO         3716    i.vListInsertEnd    list.o
    0x08005aac   0x08005aac   0x00000040   Code   RO         5266    i.vPortEnterCritical  port.o
    0x08005aec   0x08005aec   0x00000028   Code   RO         5267    i.vPortExitCritical  port.o
    0x08005b14   0x08005b14   0x00000064   Code   RO         5210    i.vPortFree         heap_4.o
    0x08005b78   0x08005b78   0x00000024   Code   RO         5268    i.vPortSetupTimerInterrupt  port.o
    0x08005b9c   0x08005b9c   0x00000054   Code   RO         5269    i.vPortValidateInterruptPriority  port.o
    0x08005bf0   0x08005bf0   0x00000024   Code   RO         3763    i.vQueueAddToRegistry  queue.o
    0x08005c14   0x08005c14   0x00000044   Code   RO         3767    i.vQueueWaitForMessageRestricted  queue.o
    0x08005c58   0x08005c58   0x0000004c   Code   RO         4174    i.vTaskDelay        tasks.o
    0x08005ca4   0x08005ca4   0x00000010   Code   RO         4179    i.vTaskInternalSetTimeOutState  tasks.o
    0x08005cb4   0x08005cb4   0x0000000c   Code   RO         4180    i.vTaskMissedYield  tasks.o
    0x08005cc0   0x08005cc0   0x00000030   Code   RO         4182    i.vTaskPlaceOnEventList  tasks.o
    0x08005cf0   0x08005cf0   0x00000038   Code   RO         4183    i.vTaskPlaceOnEventListRestricted  tasks.o
    0x08005d28   0x08005d28   0x00000084   Code   RO         4191    i.vTaskStartScheduler  tasks.o
    0x08005dac   0x08005dac   0x00000010   Code   RO         4193    i.vTaskSuspendAll   tasks.o
    0x08005dbc   0x08005dbc   0x00000064   Code   RO         4194    i.vTaskSwitchContext  tasks.o
    0x08005e20   0x08005e20   0x000000f4   Code   RO         5270    i.xPortStartScheduler  port.o
    0x08005f14   0x08005f14   0x0000002c   Code   RO         5271    i.xPortSysTickHandler  port.o
    0x08005f40   0x08005f40   0x00000066   Code   RO         3773    i.xQueueGenericCreateStatic  queue.o
    0x08005fa6   0x08005fa6   0x00000002   PAD
    0x08005fa8   0x08005fa8   0x00000088   Code   RO         3774    i.xQueueGenericReset  queue.o
    0x08006030   0x08006030   0x00000164   Code   RO         3775    i.xQueueGenericSend  queue.o
    0x08006194   0x08006194   0x000000be   Code   RO         3776    i.xQueueGenericSendFromISR  queue.o
    0x08006252   0x08006252   0x00000002   PAD
    0x08006254   0x08006254   0x00000138   Code   RO         3785    i.xQueueReceive     queue.o
    0x0800638c   0x0800638c   0x00000074   Code   RO         4196    i.xTaskCheckForTimeOut  tasks.o
    0x08006400   0x08006400   0x0000005a   Code   RO         4197    i.xTaskCreate       tasks.o
    0x0800645a   0x0800645a   0x0000005a   Code   RO         4198    i.xTaskCreateStatic  tasks.o
    0x080064b4   0x080064b4   0x0000001c   Code   RO         4202    i.xTaskGetSchedulerState  tasks.o
    0x080064d0   0x080064d0   0x0000000c   Code   RO         4203    i.xTaskGetTickCount  tasks.o
    0x080064dc   0x080064dc   0x000000c8   Code   RO         4205    i.xTaskIncrementTick  tasks.o
    0x080065a4   0x080065a4   0x0000007c   Code   RO         4208    i.xTaskPriorityDisinherit  tasks.o
    0x08006620   0x08006620   0x00000070   Code   RO         4210    i.xTaskRemoveFromEventList  tasks.o
    0x08006690   0x08006690   0x000000c0   Code   RO         4211    i.xTaskResumeAll    tasks.o
    0x08006750   0x08006750   0x00000060   Code   RO         4536    i.xTimerCreateTimerTask  timers.o
    0x080067b0   0x080067b0   0x00000064   Code   RO         4537    i.xTimerGenericCommand  timers.o
    0x08006814   0x08006814   0x00000018   Code   RO         6030    x$fpl$basic         fz_wm.l(basic.o)
    0x0800682c   0x0800682c   0x00000062   Code   RO         5950    x$fpl$d2f           fz_wm.l(d2f.o)
    0x0800688e   0x0800688e   0x00000002   PAD
    0x08006890   0x08006890   0x00000150   Code   RO         5952    x$fpl$dadd          fz_wm.l(daddsub_clz.o)
    0x080069e0   0x080069e0   0x000002b0   Code   RO         5959    x$fpl$ddiv          fz_wm.l(ddiv.o)
    0x08006c90   0x08006c90   0x0000005e   Code   RO         6144    x$fpl$dfix          fz_wm.l(dfix.o)
    0x08006cee   0x08006cee   0x0000002e   Code   RO         6149    x$fpl$dflt          fz_wm.l(dflt_clz.o)
    0x08006d1c   0x08006d1c   0x00000026   Code   RO         6148    x$fpl$dfltu         fz_wm.l(dflt_clz.o)
    0x08006d42   0x08006d42   0x00000002   PAD
    0x08006d44   0x08006d44   0x00000154   Code   RO         5962    x$fpl$dmul          fz_wm.l(dmul.o)
    0x08006e98   0x08006e98   0x0000009c   Code   RO         6034    x$fpl$dnaninf       fz_wm.l(dnaninf.o)
    0x08006f34   0x08006f34   0x0000000c   Code   RO         6036    x$fpl$dretinf       fz_wm.l(dretinf.o)
    0x08006f40   0x08006f40   0x00000016   Code   RO         5953    x$fpl$drsb          fz_wm.l(daddsub_clz.o)
    0x08006f56   0x08006f56   0x00000002   PAD
    0x08006f58   0x08006f58   0x00000198   Code   RO         6038    x$fpl$dsqrt         fz_wm.l(dsqrt_umaal.o)
    0x080070f0   0x080070f0   0x000001d4   Code   RO         5954    x$fpl$dsub          fz_wm.l(daddsub_clz.o)
    0x080072c4   0x080072c4   0x00000056   Code   RO         5964    x$fpl$f2d           fz_wm.l(f2d.o)
    0x0800731a   0x0800731a   0x0000008c   Code   RO         6040    x$fpl$fnaninf       fz_wm.l(fnaninf.o)
    0x080073a6   0x080073a6   0x0000000a   Code   RO         6376    x$fpl$fpinit        fz_wm.l(fpinit.o)
    0x080073b0   0x080073b0   0x0000000a   Code   RO         6042    x$fpl$fretinf       fz_wm.l(fretinf.o)
    0x080073ba   0x080073ba   0x00000000   Code   RO         6044    x$fpl$usenofp       fz_wm.l(usenofp.o)
    0x080073ba   0x080073ba   0x00000002   PAD
    0x080073bc   0x080073bc   0x000000b4   Data   RO          413    .constdata          freertos.o
    0x08007470   0x08007470   0x00000010   Data   RO         3548    .constdata          system_stm32f4xx.o
    0x08007480   0x08007480   0x00000008   Data   RO         3549    .constdata          system_stm32f4xx.o
    0x08007488   0x08007488   0x00000030   Data   RO         6046    .constdata          m_wm.l(cos_i.o)
    0x080074b8   0x080074b8   0x000000c8   Data   RO         6064    .constdata          m_wm.l(rred.o)
    0x08007580   0x08007580   0x00000028   Data   RO         6068    .constdata          m_wm.l(sin_i.o)
    0x080075a8   0x080075a8   0x0000002a   Data   RO          414    .conststring        freertos.o
    0x080075d2   0x080075d2   0x00000002   PAD
    0x080075d4   0x080075d4   0x00000020   Data   RO         6447    Region$$Table       anon$$obj.o


    Execution Region RW_IRAM1 (Exec base: 0x20000000, Load base: 0x080075f4, Size: 0x00006318, Max: 0x0001c000, ABSOLUTE)

    Exec Addr    Load Addr    Size         Type   Attr      Idx    E Section Name        Object

    0x20000000   0x080075f4   0x00000014   Data   RW          415    .data               freertos.o
    0x20000014   0x08007608   0x00000004   Data   RW          513    .data               can.o
    0x20000018   0x0800760c   0x0000000c   Data   RW         1985    .data               stm32f4xx_hal.o
    0x20000024   0x08007618   0x00000004   Data   RW         3550    .data               system_stm32f4xx.o
    0x20000028   0x0800761c   0x0000003c   Data   RW         4214    .data               tasks.o
    0x20000064   0x08007658   0x00000014   Data   RW         4545    .data               timers.o
    0x20000078   0x0800766c   0x00000004   Data   RW         4770    .data               cmsis_os2.o
    0x2000007c   0x08007670   0x00000020   Data   RW         5216    .data               heap_4.o
    0x2000009c   0x08007690   0x0000000c   Data   RW         5272    .data               port.o
    0x200000a8   0x0800769c   0x00000003   Data   RW         5352    .data               action.o
    0x200000ab   0x0800769f   0x00000001   PAD
    0x200000ac   0x080076a0   0x00000018   Data   RW         5394    .data               air_joy.o
    0x200000c4   0x080076b8   0x00000004   Data   RW         5395    .data               air_joy.o
    0x200000c8   0x080076bc   0x00000002   Data   RW         5396    .data               air_joy.o
    0x200000ca   0x080076be   0x00000008   Data   RW         5397    .data               air_joy.o
    0x200000d2   0x080076c6   0x00000002   PAD
    0x200000d4   0x080076c8   0x00000024   Data   RW         5519    .data               fsm.o
    0x200000f8        -       0x00000050   Zero   RW          512    .bss                can.o
    0x20000148        -       0x000000d8   Zero   RW          566    .bss                tim.o
    0x20000220        -       0x00000088   Zero   RW          627    .bss                usart.o
    0x200002a8        -       0x00000048   Zero   RW          814    .bss                stm32f4xx_hal_timebase_tim.o
    0x200002f0        -       0x00000040   Zero   RW         3789    .bss                queue.o
    0x20000330        -       0x000004c4   Zero   RW         4213    .bss                tasks.o
    0x200007f4        -       0x00000118   Zero   RW         4544    .bss                timers.o
    0x2000090c        -       0x000006b8   Zero   RW         4769    .bss                cmsis_os2.o
    0x20000fc4        -       0x00003c00   Zero   RW         5215    .bss                heap_4.o
    0x20004bc4        -       0x00000054   Zero   RW         5345    .bss                action.o
    0x20004c18        -       0x00000028   Zero   RW         5393    .bss                air_joy.o
    0x20004c40        -       0x00000044   Zero   RW         5431    .bss                chassis.o
    0x20004c84        -       0x00001030   Zero   RW         5688    .bss                rm_motor.o
    0x20005cb4        -       0x00000060   Zero   RW         6172    .bss                c_w.l(libspace.o)
    0x20005d14   0x080076ec   0x00000004   PAD
    0x20005d18        -       0x00000200   Zero   RW            2    HEAP                startup_stm32f407xx.o
    0x20005f18        -       0x00000400   Zero   RW            1    STACK               startup_stm32f407xx.o


    Execution Region RW_IRAM2 (Exec base: 0x2001c000, Load base: 0x080076ec, Size: 0x00000000, Max: 0x00004000, ABSOLUTE)

    **** No section assigned to this execution region ****


==============================================================================

Image component sizes


      Code (inc. data)   RO Data    RW Data    ZI Data      Debug   Object Name

       408         48          0          3         84       3299   action.o
       136         10          0         38         40       1549   air_joy.o
       396         44          0          4         80       2478   can.o
       780         94          0          0         68       3756   chassis.o
       324         22          0          4       1720      64971   cmsis_os2.o
       668         92          0          0          0       1168   config.o
         0          0          0          0          0      19428   event_groups.o
       524         82        222         20          0      15147   freertos.o
       324         50          0         36          0       4010   fsm.o
       228         14          0          0          0     697755   gpio.o
       472         24          0         32      15360       4923   heap_4.o
       138          0          0          0          0       3522   list.o
       364         38          0          0          0     680284   main.o
       506         12          0          0          0       3203   pid.o
       786         80          0         12          0      11457   port.o
      1510         18          0          0         64      17364   queue.o
      2694        144          0          0       4144       9923   rm_motor.o
        64         26        392          0       1536        840   startup_stm32f407xx.o
        80         14          0         12          0       8058   stm32f4xx_hal.o
      1656          6          0          0          0      14495   stm32f4xx_hal_can.o
       158         14          0          0          0      33102   stm32f4xx_hal_cortex.o
       182          0          0          0          0       2087   stm32f4xx_hal_dma.o
       498         52          0          0          0       2903   stm32f4xx_hal_gpio.o
        56          4          0          0          0        858   stm32f4xx_hal_msp.o
      1388         82          0          0          0       6009   stm32f4xx_hal_rcc.o
      1794        108          0          0          0      15926   stm32f4xx_hal_tim.o
       148         28          0          0          0       2521   stm32f4xx_hal_tim_ex.o
       152         20          0          0         72       1467   stm32f4xx_hal_timebase_tim.o
      1374         16          0          0          0       9276   stm32f4xx_hal_uart.o
       114         48          0          0          0       6972   stm32f4xx_it.o
         0          0          0          0          0        392   stream_buffer.o
        16          4         24          4          0       1115   system_stm32f4xx.o
      2066        160          0         60       1220      26856   tasks.o
       560         56          0          0        216       3766   tim.o
       972         82          0         20        280      32079   timers.o
       504         66          0          0          0       3703   upper.o
       316         36          0          0        136       2385   usart.o
       212         26          0          0          0       1658   usr_can.o

    ----------------------------------------------------------------------
     22612       1620        672        248      25020    1720705   Object Totals
         0          0         32          0          0          0   (incl. Generated)
        44          0          2          3          0          0   (incl. Padding)

    ----------------------------------------------------------------------

      Code (inc. data)   RO Data    RW Data    ZI Data      Debug   Library Member Name

         8          0          0          0          0         68   __main.o
         0          0          0          0          0          0   __rtentry.o
        12          0          0          0          0          0   __rtentry2.o
         6          0          0          0          0          0   __rtentry4.o
        52          8          0          0          0          0   __scatter.o
        26          0          0          0          0          0   __scatter_copy.o
        28          0          0          0          0          0   __scatter_zi.o
        22          0          0          0          0        100   _rserrno.o
        16          0          0          0          0         68   aeabi_memset.o
        18          0          0          0          0         80   exit.o
         6          0          0          0          0        152   heapauxi.o
         0          0          0          0          0          0   indicate_semi.o
         2          0          0          0          0          0   libinit.o
         6          0          0          0          0          0   libinit2.o
         2          0          0          0          0          0   libshutdown.o
         2          0          0          0          0          0   libshutdown2.o
         8          4          0          0         96         68   libspace.o
       238          0          0          0          0        100   lludivv7m.o
         8          4          0          0          0         68   rt_errno_addr_intlibspace.o
        68          0          0          0          0         68   rt_memclr.o
        78          0          0          0          0         80   rt_memclr_w.o
       138          0          0          0          0         68   rt_memcpy_v6.o
       100          0          0          0          0         80   rt_memcpy_w.o
         2          0          0          0          0          0   rtexit.o
        10          0          0          0          0          0   rtexit2.o
        12          4          0          0          0         68   sys_exit.o
        74          0          0          0          0         80   sys_stackheap_outer.o
         2          0          0          0          0         68   use_no_semi.o
        24          0          0          0          0        164   basic.o
        98          4          0          0          0        140   d2f.o
       826         16          0          0          0        492   daddsub_clz.o
       688        140          0          0          0        256   ddiv.o
        94          4          0          0          0        140   dfix.o
        84          0          0          0          0        232   dflt_clz.o
       340         12          0          0          0        152   dmul.o
       156          4          0          0          0        140   dnaninf.o
        12          0          0          0          0        116   dretinf.o
       408         56          0          0          0        168   dsqrt_umaal.o
        86          4          0          0          0        132   f2d.o
       140          4          0          0          0        132   fnaninf.o
        10          0          0          0          0        116   fpinit.o
        10          0          0          0          0        116   fretinf.o
         0          0          0          0          0          0   usenofp.o
       200         20          0          0          0        164   cos.o
       368         46         48          0          0        200   cos_i.o
        84         16          0          0          0        372   dunder.o
        24          0          0          0          0        124   fabs.o
        48          0          0          0          0        124   fpclassify.o
       248          0          0          0          0        152   poly.o
      1080        142        200          0          0        188   rred.o
       200         20          0          0          0        164   sin.o
       304         24         40          0          0        208   sin_i.o
       122          0          0          0          0        148   sqrt.o

    ----------------------------------------------------------------------
      6624        532        288          0        100       5556   Library Totals
        26          0          0          0          4          0   (incl. Padding)

    ----------------------------------------------------------------------

      Code (inc. data)   RO Data    RW Data    ZI Data      Debug   Library Name

       944         20          0          0         96       1216   c_w.l
      2976        244          0          0          0       2496   fz_wm.l
      2678        268        288          0          0       1844   m_wm.l

    ----------------------------------------------------------------------
      6624        532        288          0        100       5556   Library Totals

    ----------------------------------------------------------------------

==============================================================================


      Code (inc. data)   RO Data    RW Data    ZI Data      Debug   

     29236       2152        960        248      25120    1702989   Grand Totals
     29236       2152        960        248      25120    1702989   ELF Image Totals
     29236       2152        960        248          0          0   ROM Totals

==============================================================================

    Total RO  Size (Code + RO Data)                30196 (  29.49kB)
    Total RW  Size (RW Data + ZI Data)             25368 (  24.77kB)
    Total ROM Size (Code + RO Data + RW Data)      30444 (  29.73kB)

==============================================================================

