Component: ARM Compiler 5.06 update 7 (build 960) Tool: armlink [4d3601]

==============================================================================

Section Cross References

    startup_stm32f407xx.o(STACK) refers (Special) to heapauxi.o(.text) for __use_two_region_memory
    startup_stm32f407xx.o(HEAP) refers (Special) to heapauxi.o(.text) for __use_two_region_memory
    startup_stm32f407xx.o(RESET) refers (Special) to heapauxi.o(.text) for __use_two_region_memory
    startup_stm32f407xx.o(RESET) refers to startup_stm32f407xx.o(STACK) for __initial_sp
    startup_stm32f407xx.o(RESET) refers to startup_stm32f407xx.o(.text) for Reset_Handler
    startup_stm32f407xx.o(RESET) refers to stm32f4xx_it.o(i.NMI_Handler) for NMI_Handler
    startup_stm32f407xx.o(RESET) refers to stm32f4xx_it.o(i.HardFault_Handler) for HardFault_Handler
    startup_stm32f407xx.o(RESET) refers to stm32f4xx_it.o(i.MemManage_Handler) for MemManage_Handler
    startup_stm32f407xx.o(RESET) refers to stm32f4xx_it.o(i.BusFault_Handler) for BusFault_Handler
    startup_stm32f407xx.o(RESET) refers to stm32f4xx_it.o(i.UsageFault_Handler) for UsageFault_Handler
    startup_stm32f407xx.o(RESET) refers to port.o(.emb_text) for SVC_Handler
    startup_stm32f407xx.o(RESET) refers to stm32f4xx_it.o(i.DebugMon_Handler) for DebugMon_Handler
    startup_stm32f407xx.o(RESET) refers to cmsis_os2.o(i.SysTick_Handler) for SysTick_Handler
    startup_stm32f407xx.o(RESET) refers to stm32f4xx_it.o(i.CAN1_RX0_IRQHandler) for CAN1_RX0_IRQHandler
    startup_stm32f407xx.o(RESET) refers to stm32f4xx_it.o(i.EXTI9_5_IRQHandler) for EXTI9_5_IRQHandler
    startup_stm32f407xx.o(RESET) refers to stm32f4xx_it.o(i.TIM2_IRQHandler) for TIM2_IRQHandler
    startup_stm32f407xx.o(RESET) refers to stm32f4xx_it.o(i.TIM3_IRQHandler) for TIM3_IRQHandler
    startup_stm32f407xx.o(RESET) refers to stm32f4xx_it.o(i.TIM8_UP_TIM13_IRQHandler) for TIM8_UP_TIM13_IRQHandler
    startup_stm32f407xx.o(RESET) refers to stm32f4xx_it.o(i.TIM8_TRG_COM_TIM14_IRQHandler) for TIM8_TRG_COM_TIM14_IRQHandler
    startup_stm32f407xx.o(RESET) refers to stm32f4xx_it.o(i.UART4_IRQHandler) for UART4_IRQHandler
    startup_stm32f407xx.o(RESET) refers to stm32f4xx_it.o(i.CAN2_RX0_IRQHandler) for CAN2_RX0_IRQHandler
    startup_stm32f407xx.o(.text) refers (Special) to heapauxi.o(.text) for __use_two_region_memory
    startup_stm32f407xx.o(.text) refers to system_stm32f4xx.o(i.SystemInit) for SystemInit
    startup_stm32f407xx.o(.text) refers to __main.o(!!!main) for __main
    startup_stm32f407xx.o(.text) refers to startup_stm32f407xx.o(HEAP) for Heap_Mem
    startup_stm32f407xx.o(.text) refers to startup_stm32f407xx.o(STACK) for Stack_Mem
    main.o(i.HAL_TIM_PeriodElapsedCallback) refers to stm32f4xx_hal.o(i.HAL_IncTick) for HAL_IncTick
    main.o(i.HAL_TIM_PeriodElapsedCallback) refers to air_joy.o(.data) for TIME_ISR_CNT
    main.o(i.HAL_TIM_PeriodElapsedCallback) refers to air_joy.o(.data) for LAST_TIME_ISR_CNT
    main.o(i.HAL_TIM_PeriodElapsedCallback) refers to air_joy.o(.data) for Microsecond_Cnt
    main.o(i.HAL_TIM_PeriodElapsedCallback) refers to air_joy.o(.data) for Time_Sys
    main.o(i.SystemClock_Config) refers to rt_memclr_w.o(.text) for __aeabi_memclr4
    main.o(i.SystemClock_Config) refers to stm32f4xx_hal_rcc.o(i.HAL_RCC_OscConfig) for HAL_RCC_OscConfig
    main.o(i.SystemClock_Config) refers to stm32f4xx_hal_rcc.o(i.HAL_RCC_ClockConfig) for HAL_RCC_ClockConfig
    main.o(i.fputc) refers to stm32f4xx_hal_uart.o(i.HAL_UART_Transmit) for HAL_UART_Transmit
    main.o(i.fputc) refers to usart.o(.bss) for huart1
    main.o(i.main) refers to stm32f4xx_hal.o(i.HAL_Init) for HAL_Init
    main.o(i.main) refers to main.o(i.SystemClock_Config) for SystemClock_Config
    main.o(i.main) refers to gpio.o(i.MX_GPIO_Init) for MX_GPIO_Init
    main.o(i.main) refers to can.o(i.MX_CAN1_Init) for MX_CAN1_Init
    main.o(i.main) refers to can.o(i.MX_CAN2_Init) for MX_CAN2_Init
    main.o(i.main) refers to tim.o(i.MX_TIM2_Init) for MX_TIM2_Init
    main.o(i.main) refers to tim.o(i.MX_TIM13_Init) for MX_TIM13_Init
    main.o(i.main) refers to tim.o(i.MX_TIM14_Init) for MX_TIM14_Init
    main.o(i.main) refers to usart.o(i.MX_UART4_Init) for MX_UART4_Init
    main.o(i.main) refers to usart.o(i.MX_USART1_UART_Init) for MX_USART1_UART_Init
    main.o(i.main) refers to stm32f4xx_hal_tim.o(i.HAL_TIM_Base_Start_IT) for HAL_TIM_Base_Start_IT
    main.o(i.main) refers to stm32f4xx_hal_uart.o(i.HAL_UART_Receive_IT) for HAL_UART_Receive_IT
    main.o(i.main) refers to usr_can.o(i.can_filter_init) for can_filter_init
    main.o(i.main) refers to config.o(i.can1_config) for can1_config
    main.o(i.main) refers to config.o(i.can2_config) for can2_config
    main.o(i.main) refers to upper.o(i.servos_start) for servos_start
    main.o(i.main) refers to cmsis_os2.o(i.osKernelInitialize) for osKernelInitialize
    main.o(i.main) refers to freertos.o(i.MX_FREERTOS_Init) for MX_FREERTOS_Init
[...]
    __rt_lib_init_preinit_1                  0x08000203   Thumb Code     0  libinit2.o(.ARM.Collect$$libinit$$00000004)
    __rt_lib_init_rand_1                     0x08000203   Thumb Code     0  libinit2.o(.ARM.Collect$$libinit$$0000000E)
    __rt_lib_init_return                     0x08000203   Thumb Code     0  libinit2.o(.ARM.Collect$$libinit$$00000033)
    __rt_lib_init_signal_1                   0x08000203   Thumb Code     0  libinit2.o(.ARM.Collect$$libinit$$0000001D)
    __rt_lib_init_stdio_1                    0x08000203   Thumb Code     0  libinit2.o(.ARM.Collect$$libinit$$00000025)
    __rt_lib_init_user_alloc_1               0x08000203   Thumb Code     0  libinit2.o(.ARM.Collect$$libinit$$0000000C)
    __rt_lib_shutdown                        0x08000205   Thumb Code     0  libshutdown.o(.ARM.Collect$$libshutdown$$00000000)
    __rt_lib_shutdown_cpp_1                  0x08000207   Thumb Code     0  libshutdown2.o(.ARM.Collect$$libshutdown$$00000004)
    __rt_lib_shutdown_fini_1                 0x08000207   Thumb Code     0  libshutdown2.o(.ARM.Collect$$libshutdown$$00000002)
    __rt_lib_shutdown_fp_trap_1              0x08000207   Thumb Code     0  libshutdown2.o(.ARM.Collect$$libshutdown$$00000009)
    __rt_lib_shutdown_heap_1                 0x08000207   Thumb Code     0  libshutdown2.o(.ARM.Collect$$libshutdown$$00000011)
    __rt_lib_shutdown_return                 0x08000207   Thumb Code     0  libshutdown2.o(.ARM.Collect$$libshutdown$$00000012)
    __rt_lib_shutdown_signal_1               0x08000207   Thumb Code     0  libshutdown2.o(.ARM.Collect$$libshutdown$$0000000C)
    __rt_lib_shutdown_stdio_1                0x08000207   Thumb Code     0  libshutdown2.o(.ARM.Collect$$libshutdown$$00000006)
    __rt_lib_shutdown_user_alloc_1           0x08000207   Thumb Code     0  libshutdown2.o(.ARM.Collect$$libshutdown$$0000000E)
    __rt_entry                               0x08000209   Thumb Code     0  __rtentry.o(.ARM.Collect$$rtentry$$00000000)
    __rt_entry_presh_1                       0x08000209   Thumb Code     0  __rtentry2.o(.ARM.Collect$$rtentry$$00000002)
    __rt_entry_sh                            0x08000209   Thumb Code     0  __rtentry4.o(.ARM.Collect$$rtentry$$00000004)
    __rt_entry_li                            0x0800020f   Thumb Code     0  __rtentry2.o(.ARM.Collect$$rtentry$$0000000A)
    __rt_entry_postsh_1                      0x0800020f   Thumb Code     0  __rtentry2.o(.ARM.Collect$$rtentry$$00000009)
    __rt_entry_main                          0x08000213   Thumb Code     0  __rtentry2.o(.ARM.Collect$$rtentry$$0000000D)
    __rt_entry_postli_1                      0x08000213   Thumb Code     0  __rtentry2.o(.ARM.Collect$$rtentry$$0000000C)
    __rt_exit                                0x0800021b   Thumb Code     0  rtexit.o(.ARM.Collect$$rtexit$$00000000)
    __rt_exit_ls                             0x0800021d   Thumb Code     0  rtexit2.o(.ARM.Collect$$rtexit$$00000003)
    __rt_exit_prels_1                        0x0800021d   Thumb Code     0  rtexit2.o(.ARM.Collect$$rtexit$$00000002)
    __rt_exit_exit                           0x08000221   Thumb Code     0  rtexit2.o(.ARM.Collect$$rtexit$$00000004)
    SVC_Handler                              0x08000229   Thumb Code    28  port.o(.emb_text)
    __asm___6_port_c_39a90d8d__prvStartFirstTask 0x08000249   Thumb Code    36  port.o(.emb_text)
    __asm___6_port_c_39a90d8d__prvEnableVFP  0x08000271   Thumb Code    16  port.o(.emb_text)
    PendSV_Handler                           0x08000285   Thumb Code    88  port.o(.emb_text)
    vPortGetIPSR                             0x080002e1   Thumb Code     6  port.o(.emb_text)
    Reset_Handler                            0x080002e9   Thumb Code     8  startup_stm32f407xx.o(.text)
    ADC_IRQHandler                           0x08000303   Thumb Code     0  startup_stm32f407xx.o(.text)
    CAN1_RX1_IRQHandler                      0x08000303   Thumb Code     0  startup_stm32f407xx.o(.text)
    CAN1_SCE_IRQHandler                      0x08000303   Thumb Code     0  startup_stm32f407xx.o(.text)
    CAN1_TX_IRQHandler                       0x08000303   Thumb Code     0  startup_stm32f407xx.o(.text)
    CAN2_RX1_IRQHandler                      0x08000303   Thumb Code     0  startup_stm32f407xx.o(.text)
    CAN2_SCE_IRQHandler                      0x08000303   Thumb Code     0  startup_stm32f407xx.o(.text)
    CAN2_TX_IRQHandler                       0x08000303   Thumb Code     0  startup_stm32f407xx.o(.text)
    DCMI_IRQHandler                          0x08000303   Thumb Code     0  startup_stm32f407xx.o(.text)
    DMA1_Stream0_IRQHandler                  0x08000303   Thumb Code     0  startup_stm32f407xx.o(.text)
    DMA1_Stream1_IRQHandler                  0x08000303   Thumb Code     0  startup_stm32f407xx.o(.text)
    DMA1_Stream2_IRQHandler                  0x08000303   Thumb Code     0  startup_stm32f407xx.o(.text)
    DMA1_Stream3_IRQHandler                  0x08000303   Thumb Code     0  startup_stm32f407xx.o(.text)
    DMA1_Stream4_IRQHandler                  0x08000303   Thumb Code     0  startup_stm32f407xx.o(.text)
    DMA1_Stream5_IRQHandler                  0x08000303   Thumb Code     0  startup_stm32f407xx.o(.text)
    DMA1_Stream6_IRQHandler                  0x08000303   Thumb Code     0  startup_stm32f407xx.o(.text)
    DMA1_Stream7_IRQHandler                  0x08000303   Thumb Code     0  startup_stm32f407xx.o(.text)
    DMA2_Stream0_IRQHandler                  0x08000303   Thumb Code     0  startup_stm32f407xx.o(.text)
    DMA2_Stream1_IRQHandler                  0x08000303   Thumb Code     0  startup_stm32f407xx.o(.text)
    DMA2_Stream2_IRQHandler                  0x08000303   Thumb Code     0  startup_stm32f407xx.o(.text)
    DMA2_Stream3_IRQHandler                  0x08000303   Thumb Code     0  startup_stm32f407xx.o(.text)
    DMA2_Stream4_IRQHandler                  0x08000303   Thumb Code     0  startup_stm32f407xx.o(.text)
    DMA2_Stream5_IRQHandler                  0x08000303   Thumb Code     0  startup_stm32f407xx.o(.text)
    DMA2_Stream6_IRQHandler                  0x08000303   Thumb Code     0  startup_stm32f407xx.o(.text)
    DMA2_Stream7_IRQHandler                  0x08000303   Thumb Code     0  startup_stm32f407xx.o(.text)
    ETH_IRQHandler                           0x08000303   Thumb Code     0  startup_stm32f407xx.o(.text)
    ETH_WKUP_IRQHandler                      0x08000303   Thumb Code     0  startup_stm32f407xx.o(.text)
    EXTI0_IRQHandler                         0x08000303   Thumb Code     0  startup_stm32f407xx.o(.text)
    EXTI15_10_IRQHandler                     0x08000303   Thumb Code     0  startup_stm32f407xx.o(.text)
    EXTI1_IRQHandler                         0x08000303   Thumb Code     0  startup_stm32f407xx.o(.text)
    EXTI2_IRQHandler                         0x08000303   Thumb Code     0  startup_stm32f407xx.o(.text)
    EXTI3_IRQHandler                         0x08000303   Thumb Code     0  startup_stm32f407xx.o(.text)
    EXTI4_IRQHandler                         0x08000303   Thumb Code     0  startup_stm32f407xx.o(.text)
    FLASH_IRQHandler                         0x08000303   Thumb Code     0  startup_stm32f407xx.o(.text)
    FMC_IRQHandler                           0x08000303   Thumb Code     0  startup_stm32f407xx.o(.text)
    FPU_IRQHandler                           0x08000303   Thumb Code     0  startup_stm32f407xx.o(.text)
    HASH_RNG_IRQHandler                      0x08000303   Thumb Code     0  startup_stm32f407xx.o(.text)
    I2C1_ER_IRQHandler                       0x08000303   Thumb Code     0  startup_stm32f407xx.o(.text)
    I2C1_EV_IRQHandler                       0x08000303   Thumb Code     0  startup_stm32f407xx.o(.text)
    I2C2_ER_IRQHandler                       0x08000303   Thumb Code     0  startup_stm32f407xx.o(.text)
    I2C2_EV_IRQHandler                       0x08000303   Thumb Code     0  startup_stm32f407xx.o(.text)
    I2C3_ER_IRQHandler                       0x08000303   Thumb Code     0  startup_stm32f407xx.o(.text)
    I2C3_EV_IRQHandler                       0x08000303   Thumb Code     0  startup_stm32f407xx.o(.text)
    OTG_FS_IRQHandler                        0x08000303   Thumb Code     0  startup_stm32f407xx.o(.text)
    OTG_FS_WKUP_IRQHandler                   0x08000303   Thumb Code     0  startup_stm32f407xx.o(.text)
    OTG_HS_EP1_IN_IRQHandler                 0x08000303   Thumb Code     0  startup_stm32f407xx.o(.text)
    OTG_HS_EP1_OUT_IRQHandler                0x08000303   Thumb Code     0  startup_stm32f407xx.o(.text)
    OTG_HS_IRQHandler                        0x08000303   Thumb Code     0  startup_stm32f407xx.o(.text)
    OTG_HS_WKUP_IRQHandler                   0x08000303   Thumb Code     0  startup_stm32f407xx.o(.text)
    PVD_IRQHandler                           0x08000303   Thumb Code     0  startup_stm32f407xx.o(.text)
    RCC_IRQHandler                           0x08000303   Thumb Code     0  startup_stm32f407xx.o(.text)
    RTC_Alarm_IRQHandler                     0x08000303   Thumb Code     0  startup_stm32f407xx.o(.text)
    RTC_WKUP_IRQHandler                      0x08000303   Thumb Code     0  startup_stm32f407xx.o(.text)
    SDIO_IRQHandler                          0x08000303   Thumb Code     0  startup_stm32f407xx.o(.text)
    SPI1_IRQHandler                          0x08000303   Thumb Code     0  startup_stm32f407xx.o(.text)
    SPI2_IRQHandler                          0x08000303   Thumb Code     0  startup_stm32f407xx.o(.text)
    SPI3_IRQHandler                          0x08000303   Thumb Code     0  startup_stm32f407xx.o(.text)
    TAMP_STAMP_IRQHandler                    0x08000303   Thumb Code     0  startup_stm32f407xx.o(.text)
    TIM1_BRK_TIM9_IRQHandler                 0x08000303   Thumb Code     0  startup_stm32f407xx.o(.text)
    TIM1_CC_IRQHandler                       0x08000303   Thumb Code     0  startup_stm32f407xx.o(.text)
    TIM1_TRG_COM_TIM11_IRQHandler            0x08000303   Thumb Code     0  startup_stm32f407xx.o(.text)
    TIM1_UP_TIM10_IRQHandler                 0x08000303   Thumb Code     0  startup_stm32f407xx.o(.text)
    TIM4_IRQHandler                          0x08000303   Thumb Code     0  startup_stm32f407xx.o(.text)
    TIM5_IRQHandler                          0x08000303   Thumb Code     0  startup_stm32f407xx.o(.text)
    TIM6_DAC_IRQHandler                      0x08000303   Thumb Code     0  startup_stm32f407xx.o(.text)
    TIM7_IRQHandler                          0x08000303   Thumb Code     0  startup_stm32f407xx.o(.text)
    TIM8_BRK_TIM12_IRQHandler                0x08000303   Thumb Code     0  startup_stm32f407xx.o(.text)
    TIM8_CC_IRQHandler                       0x08000303   Thumb Code     0  startup_stm32f407xx.o(.text)
    UART5_IRQHandler                         0x08000303   Thumb Code     0  startup_stm32f407xx.o(.text)
    USART1_IRQHandler                        0x08000303   Thumb Code     0  startup_stm32f407xx.o(.text)
    USART2_IRQHandler                        0x08000303   Thumb Code     0  startup_stm32f407xx.o(.text)
    USART3_IRQHandler                        0x08000303   Thumb Code     0  startup_stm32f407xx.o(.text)
    USART6_IRQHandler                        0x08000303   Thumb Code     0  startup_stm32f407xx.o(.text)
    WWDG_IRQHandler                          0x08000303   Thumb Code     0  startup_stm32f407xx.o(.text)
    __user_initial_stackheap                 0x08000305   Thumb Code     0  startup_stm32f407xx.o(.text)
    __aeabi_uldivmod                         0x08000329   Thumb Code     0  lludivv7m.o(.text)
    _ll_udiv                                 0x08000329   Thumb Code   238  lludivv7m.o(.text)
    __aeabi_memcpy                           0x08000417   Thumb Code     0  rt_memcpy_v6.o(.text)
    __rt_memcpy                              0x08000417   Thumb Code   138  rt_memcpy_v6.o(.text)
    _memcpy_lastbytes                        0x0800047d   Thumb Code     0  rt_memcpy_v6.o(.text)
    __aeabi_memset                           0x080004a1   Thumb Code    16  aeabi_memset.o(.text)
    __aeabi_memclr4                          0x080004b1   Thumb Code     0  rt_memclr_w.o(.text)
    __aeabi_memclr8                          0x080004b1   Thumb Code     0  rt_memclr_w.o(.text)
    __rt_memclr_w                            0x080004b1   Thumb Code    78  rt_memclr_w.o(.text)
    _memset_w                                0x080004b5   Thumb Code     0  rt_memclr_w.o(.text)
    __use_two_region_memory                  0x080004ff   Thumb Code     2  heapauxi.o(.text)
    __rt_heap_escrow$2region                 0x08000501   Thumb Code     2  heapauxi.o(.text)
    __rt_heap_expand$2region                 0x08000503   Thumb Code     2  heapauxi.o(.text)
    __read_errno                             0x08000505   Thumb Code    10  _rserrno.o(.text)
    __set_errno                              0x0800050f   Thumb Code    12  _rserrno.o(.text)
    __aeabi_memcpy4                          0x0800051b   Thumb Code     0  rt_memcpy_w.o(.text)
    __aeabi_memcpy8                          0x0800051b   Thumb Code     0  rt_memcpy_w.o(.text)
    __rt_memcpy_w                            0x0800051b   Thumb Code   100  rt_memcpy_w.o(.text)
    _memcpy_lastbytes_aligned                0x08000563   Thumb Code     0  rt_memcpy_w.o(.text)
    __aeabi_memclr                           0x0800057f   Thumb Code     0  rt_memclr.o(.text)
    __rt_memclr                              0x0800057f   Thumb Code    68  rt_memclr.o(.text)
    _memset                                  0x08000583   Thumb Code     0  rt_memclr.o(.text)
    __aeabi_errno_addr                       0x080005c5   Thumb Code     8  rt_errno_addr_intlibspace.o(.text)
    __errno$intlibspace                      0x080005c5   Thumb Code     0  rt_errno_addr_intlibspace.o(.text)
    __rt_errno_addr$intlibspace              0x080005c5   Thumb Code     0  rt_errno_addr_intlibspace.o(.text)
    __user_libspace                          0x080005cd   Thumb Code     8  libspace.o(.text)
    __user_perproc_libspace                  0x080005cd   Thumb Code     0  libspace.o(.text)
    __user_perthread_libspace                0x080005cd   Thumb Code     0  libspace.o(.text)
    __user_setup_stackheap                   0x080005d5   Thumb Code    74  sys_stackheap_outer.o(.text)
    exit                                     0x0800061f   Thumb Code    18  exit.o(.text)
    _sys_exit                                0x08000631   Thumb Code     8  sys_exit.o(.text)
    __I$use$semihosting                      0x0800063d   Thumb Code     0  use_no_semi.o(.text)
    __use_no_semihosting_swi                 0x0800063d   Thumb Code     2  use_no_semi.o(.text)
    BusFault_Handler                         0x0800063f   Thumb Code     2  stm32f4xx_it.o(i.BusFault_Handler)
    __semihosting_library_function           0x0800063f   Thumb Code     0  indicate_semi.o(.text)
    CAN1_RX0_IRQHandler                      0x08000641   Thumb Code     6  stm32f4xx_it.o(i.CAN1_RX0_IRQHandler)
    CAN2_RX0_IRQHandler                      0x0800064d   Thumb Code     6  stm32f4xx_it.o(i.CAN2_RX0_IRQHandler)
    Chassis_Task                             0x08000659   Thumb Code   106  freertos.o(i.Chassis_Task)
    DebugMon_Handler                         0x080006d9   Thumb Code     2  stm32f4xx_it.o(i.DebugMon_Handler)
    EXTI9_5_IRQHandler                       0x080006db   Thumb Code     6  stm32f4xx_it.o(i.EXTI9_5_IRQHandler)
    Error_Handler                            0x080006e1   Thumb Code     4  main.o(i.Error_Handler)
    FSM_Task                                 0x080006e5   Thumb Code    12  freertos.o(i.FSM_Task)
    Free_Control                             0x080006f1   Thumb Code   150  chassis.o(i.Free_Control)
    HAL_CAN_ActivateNotification             0x0800079d   Thumb Code    36  stm32f4xx_hal_can.o(i.HAL_CAN_ActivateNotification)
    HAL_CAN_AddTxMessage                     0x080007c1   Thumb Code   220  stm32f4xx_hal_can.o(i.HAL_CAN_AddTxMessage)
    HAL_CAN_ConfigFilter                     0x0800089d   Thumb Code   262  stm32f4xx_hal_can.o(i.HAL_CAN_ConfigFilter)
    HAL_CAN_ErrorCallback                    0x080009a9   Thumb Code     2  stm32f4xx_hal_can.o(i.HAL_CAN_ErrorCallback)
    HAL_CAN_GetRxMessage                     0x080009ab   Thumb Code   232  stm32f4xx_hal_can.o(i.HAL_CAN_GetRxMessage)
    HAL_CAN_IRQHandler                       0x08000a93   Thumb Code   508  stm32f4xx_hal_can.o(i.HAL_CAN_IRQHandler)
    HAL_CAN_Init                             0x08000c8f   Thumb Code   282  stm32f4xx_hal_can.o(i.HAL_CAN_Init)
    HAL_CAN_MspInit                          0x08000da9   Thumb Code   228  can.o(i.HAL_CAN_MspInit)
    HAL_CAN_RxFifo0FullCallback              0x08000ea5   Thumb Code     2  stm32f4xx_hal_can.o(i.HAL_CAN_RxFifo0FullCallback)
    HAL_CAN_RxFifo0MsgPendingCallback        0x08000ea9   Thumb Code   106  usr_can.o(i.HAL_CAN_RxFifo0MsgPendingCallback)
    HAL_CAN_RxFifo1FullCallback              0x08000f25   Thumb Code     2  stm32f4xx_hal_can.o(i.HAL_CAN_RxFifo1FullCallback)
    HAL_CAN_RxFifo1MsgPendingCallback        0x08000f27   Thumb Code     2  stm32f4xx_hal_can.o(i.HAL_CAN_RxFifo1MsgPendingCallback)
    HAL_CAN_SleepCallback                    0x08000f29   Thumb Code     2  stm32f4xx_hal_can.o(i.HAL_CAN_SleepCallback)
    HAL_CAN_Start                            0x08000f2b   Thumb Code    86  stm32f4xx_hal_can.o(i.HAL_CAN_Start)
    HAL_CAN_TxMailbox0AbortCallback          0x08000f81   Thumb Code     2  stm32f4xx_hal_can.o(i.HAL_CAN_TxMailbox0AbortCallback)
    HAL_CAN_TxMailbox0CompleteCallback       0x08000f83   Thumb Code     2  stm32f4xx_hal_can.o(i.HAL_CAN_TxMailbox0CompleteCallback)
    HAL_CAN_TxMailbox1AbortCallback          0x08000f85   Thumb Code     2  stm32f4xx_hal_can.o(i.HAL_CAN_TxMailbox1AbortCallback)
    HAL_CAN_TxMailbox1CompleteCallback       0x08000f87   Thumb Code     2  stm32f4xx_hal_can.o(i.HAL_CAN_TxMailbox1CompleteCallback)
    HAL_CAN_TxMailbox2AbortCallback          0x08000f89   Thumb Code     2  stm32f4xx_hal_can.o(i.HAL_CAN_TxMailbox2AbortCallback)
    HAL_CAN_TxMailbox2CompleteCallback       0x08000f8b   Thumb Code     2  stm32f4xx_hal_can.o(i.HAL_CAN_TxMailbox2CompleteCallback)
    HAL_CAN_WakeUpFromRxMsgCallback          0x08000f8d   Thumb Code     2  stm32f4xx_hal_can.o(i.HAL_CAN_WakeUpFromRxMsgCallback)
    HAL_DMA_Abort                            0x08000f8f   Thumb Code   146  stm32f4xx_hal_dma.o(i.HAL_DMA_Abort)
    HAL_DMA_Abort_IT                         0x08001021   Thumb Code    36  stm32f4xx_hal_dma.o(i.HAL_DMA_Abort_IT)
    HAL_GPIO_EXTI_Callback                   0x08001045   Thumb Code   126  air_joy.o(i.HAL_GPIO_EXTI_Callback)
    HAL_GPIO_EXTI_IRQHandler                 0x080010cd   Thumb Code    18  stm32f4xx_hal_gpio.o(i.HAL_GPIO_EXTI_IRQHandler)
    HAL_GPIO_Init                            0x080010e5   Thumb Code   418  stm32f4xx_hal_gpio.o(i.HAL_GPIO_Init)
    HAL_GPIO_WritePin                        0x080012b5   Thumb Code    10  stm32f4xx_hal_gpio.o(i.HAL_GPIO_WritePin)
    HAL_GetTick                              0x080012c1   Thumb Code     6  stm32f4xx_hal.o(i.HAL_GetTick)
    HAL_IncTick                              0x080012cd   Thumb Code    12  stm32f4xx_hal.o(i.HAL_IncTick)
    HAL_Init                                 0x080012dd   Thumb Code    48  stm32f4xx_hal.o(i.HAL_Init)
    HAL_InitTick                             0x08001311   Thumb Code   132  stm32f4xx_hal_timebase_tim.o(i.HAL_InitTick)
    HAL_MspInit                              0x080013a9   Thumb Code    52  stm32f4xx_hal_msp.o(i.HAL_MspInit)
    HAL_NVIC_EnableIRQ                       0x080013e1   Thumb Code    26  stm32f4xx_hal_cortex.o(i.HAL_NVIC_EnableIRQ)
    HAL_NVIC_SetPriority                     0x080013fd   Thumb Code    60  stm32f4xx_hal_cortex.o(i.HAL_NVIC_SetPriority)
    HAL_NVIC_SetPriorityGrouping             0x0800143d   Thumb Code    26  stm32f4xx_hal_cortex.o(i.HAL_NVIC_SetPriorityGrouping)
    HAL_RCC_ClockConfig                      0x08001461   Thumb Code   288  stm32f4xx_hal_rcc.o(i.HAL_RCC_ClockConfig)
    HAL_RCC_GetClockConfig                   0x08001595   Thumb Code    54  stm32f4xx_hal_rcc.o(i.HAL_RCC_GetClockConfig)
    HAL_RCC_GetPCLK1Freq                     0x080015d5   Thumb Code    20  stm32f4xx_hal_rcc.o(i.HAL_RCC_GetPCLK1Freq)
    HAL_RCC_GetPCLK2Freq                     0x080015f5   Thumb Code    20  stm32f4xx_hal_rcc.o(i.HAL_RCC_GetPCLK2Freq)
    HAL_RCC_GetSysClockFreq                  0x08001615   Thumb Code    88  stm32f4xx_hal_rcc.o(i.HAL_RCC_GetSysClockFreq)
    HAL_RCC_OscConfig                        0x08001675   Thumb Code   836  stm32f4xx_hal_rcc.o(i.HAL_RCC_OscConfig)
    HAL_TIMEx_BreakCallback                  0x080019cd   Thumb Code     2  stm32f4xx_hal_tim_ex.o(i.HAL_TIMEx_BreakCallback)
    HAL_TIMEx_CommutCallback                 0x080019cf   Thumb Code     2  stm32f4xx_hal_tim_ex.o(i.HAL_TIMEx_CommutCallback)
    HAL_TIMEx_MasterConfigSynchronization    0x080019d1   Thumb Code   116  stm32f4xx_hal_tim_ex.o(i.HAL_TIMEx_MasterConfigSynchronization)
    HAL_TIM_Base_Init                        0x08001a61   Thumb Code    90  stm32f4xx_hal_tim.o(i.HAL_TIM_Base_Init)
    HAL_TIM_Base_MspInit                     0x08001abd   Thumb Code   122  tim.o(i.HAL_TIM_Base_MspInit)
    HAL_TIM_Base_Start_IT                    0x08001b45   Thumb Code   100  stm32f4xx_hal_tim.o(i.HAL_TIM_Base_Start_IT)
    HAL_TIM_ConfigClockSource                0x08001bc5   Thumb Code   220  stm32f4xx_hal_tim.o(i.HAL_TIM_ConfigClockSource)
    HAL_TIM_IC_CaptureCallback               0x08001ca1   Thumb Code     2  stm32f4xx_hal_tim.o(i.HAL_TIM_IC_CaptureCallback)
    HAL_TIM_IRQHandler                       0x08001ca3   Thumb Code   358  stm32f4xx_hal_tim.o(i.HAL_TIM_IRQHandler)
    HAL_TIM_MspPostInit                      0x08001e09   Thumb Code    96  tim.o(i.HAL_TIM_MspPostInit)
    HAL_TIM_OC_DelayElapsedCallback          0x08001e79   Thumb Code     2  stm32f4xx_hal_tim.o(i.HAL_TIM_OC_DelayElapsedCallback)
    HAL_TIM_PWM_ConfigChannel                0x08001e7b   Thumb Code   204  stm32f4xx_hal_tim.o(i.HAL_TIM_PWM_ConfigChannel)
    HAL_TIM_PWM_Init                         0x08001f47   Thumb Code    90  stm32f4xx_hal_tim.o(i.HAL_TIM_PWM_Init)
    HAL_TIM_PWM_MspInit                      0x08001fa1   Thumb Code     2  stm32f4xx_hal_tim.o(i.HAL_TIM_PWM_MspInit)
    HAL_TIM_PWM_PulseFinishedCallback        0x08001fa3   Thumb Code     2  stm32f4xx_hal_tim.o(i.HAL_TIM_PWM_PulseFinishedCallback)
    HAL_TIM_PWM_Start                        0x08001fa5   Thumb Code   178  stm32f4xx_hal_tim.o(i.HAL_TIM_PWM_Start)
    HAL_TIM_PeriodElapsedCallback            0x08002075   Thumb Code    98  main.o(i.HAL_TIM_PeriodElapsedCallback)
    HAL_TIM_TriggerCallback                  0x080020ed   Thumb Code     2  stm32f4xx_hal_tim.o(i.HAL_TIM_TriggerCallback)
    HAL_UARTEx_RxEventCallback               0x080020ef   Thumb Code     2  stm32f4xx_hal_uart.o(i.HAL_UARTEx_RxEventCallback)
    HAL_UART_ErrorCallback                   0x080020f1   Thumb Code     2  stm32f4xx_hal_uart.o(i.HAL_UART_ErrorCallback)
    HAL_UART_IRQHandler                      0x080020f5   Thumb Code   610  stm32f4xx_hal_uart.o(i.HAL_UART_IRQHandler)
    HAL_UART_Init                            0x0800235d   Thumb Code    98  stm32f4xx_hal_uart.o(i.HAL_UART_Init)
    HAL_UART_MspInit                         0x080023c1   Thumb Code   168  usart.o(i.HAL_UART_MspInit)
    HAL_UART_Receive_IT                      0x08002479   Thumb Code    42  stm32f4xx_hal_uart.o(i.HAL_UART_Receive_IT)
    HAL_UART_RxCpltCallback                  0x080024a5   Thumb Code    14  action.o(i.HAL_UART_RxCpltCallback)
    HAL_UART_TxCpltCallback                  0x080024b9   Thumb Code     2  stm32f4xx_hal_uart.o(i.HAL_UART_TxCpltCallback)
    HardFault_Handler                        0x080024bb   Thumb Code     2  stm32f4xx_it.o(i.HardFault_Handler)
    Homeing_Mode                             0x080024bd   Thumb Code    18  rm_motor.o(i.Homeing_Mode)
    LimitMax                                 0x080024cf   Thumb Code    42  pid.o(i.LimitMax)
    M3508_Send_Currents                      0x080024f9   Thumb Code   276  rm_motor.o(i.M3508_Send_Currents)
    MX_CAN1_Init                             0x0800261d   Thumb Code    62  can.o(i.MX_CAN1_Init)
    MX_CAN2_Init                             0x08002665   Thumb Code    62  can.o(i.MX_CAN2_Init)
    MX_FREERTOS_Init                         0x080026ad   Thumb Code    74  freertos.o(i.MX_FREERTOS_Init)
    MX_GPIO_Init                             0x08002715   Thumb Code   170  gpio.o(i.MX_GPIO_Init)
    MX_TIM13_Init                            0x080027c9   Thumb Code    96  tim.o(i.MX_TIM13_Init)
    MX_TIM14_Init                            0x08002831   Thumb Code    96  tim.o(i.MX_TIM14_Init)
    MX_TIM2_Init                             0x08002899   Thumb Code    94  tim.o(i.MX_TIM2_Init)
    MX_UART4_Init                            0x08002901   Thumb Code    48  usart.o(i.MX_UART4_Init)
    MX_USART1_UART_Init                      0x08002939   Thumb Code    48  usart.o(i.MX_USART1_UART_Init)
    Max_Value_Limit                          0x08002971   Thumb Code    34  rm_motor.o(i.Max_Value_Limit)
    MemManage_Handler                        0x08002993   Thumb Code     2  stm32f4xx_it.o(i.MemManage_Handler)
    Motor_Control                            0x08002995   Thumb Code  1088  rm_motor.o(i.Motor_Control)
    Move_Task                                0x08002dd5   Thumb Code     8  freertos.o(i.Move_Task)
    NMI_Handler                              0x08002ddd   Thumb Code     2  stm32f4xx_it.o(i.NMI_Handler)
    Position_Control                         0x08002de1   Thumb Code    78  rm_motor.o(i.Position_Control)
    RM_MOTOR_Angle_Integral                  0x08002e35   Thumb Code   256  rm_motor.o(i.RM_MOTOR_Angle_Integral)
    Robot_Wheels_RPM_calculate               0x08002f45   Thumb Code   220  chassis.o(i.Robot_Wheels_RPM_calculate)
    SWA_judge                                0x0800303d   Thumb Code    30  fsm.o(i.SWA_judge)
    SWB_judge                                0x08003065   Thumb Code    42  fsm.o(i.SWB_judge)
    SWC_judge                                0x08003099   Thumb Code    88  fsm.o(i.SWC_judge)
    SWD_judge                                0x080030f9   Thumb Code    32  fsm.o(i.SWD_judge)
    Seed_Task                                0x08003121   Thumb Code   148  freertos.o(i.Seed_Task)
    Shoot_Task                               0x080031c5   Thumb Code   130  freertos.o(i.Shoot_Task)
    Speed_Control                            0x08003261   Thumb Code    10  rm_motor.o(i.Speed_Control)
    SysTick_Handler                          0x0800326b   Thumb Code    26  cmsis_os2.o(i.SysTick_Handler)
    SystemClock_Config                       0x08003285   Thumb Code   140  main.o(i.SystemClock_Config)
    SystemInit                               0x08003319   Thumb Code    12  system_stm32f4xx.o(i.SystemInit)
    TIM2_IRQHandler                          0x08003329   Thumb Code     6  stm32f4xx_it.o(i.TIM2_IRQHandler)
    TIM3_IRQHandler                          0x08003335   Thumb Code     6  stm32f4xx_it.o(i.TIM3_IRQHandler)
    TIM8_TRG_COM_TIM14_IRQHandler            0x08003341   Thumb Code     6  stm32f4xx_it.o(i.TIM8_TRG_COM_TIM14_IRQHandler)
    TIM8_UP_TIM13_IRQHandler                 0x0800334d   Thumb Code     6  stm32f4xx_it.o(i.TIM8_UP_TIM13_IRQHandler)
    TIM_Base_SetConfig                       0x08003359   Thumb Code   156  stm32f4xx_hal_tim.o(i.TIM_Base_SetConfig)
    TIM_CCxChannelCmd                        0x08003421   Thumb Code    26  stm32f4xx_hal_tim.o(i.TIM_CCxChannelCmd)
    TIM_ETR_SetConfig                        0x0800343b   Thumb Code    20  stm32f4xx_hal_tim.o(i.TIM_ETR_SetConfig)
    TIM_OC2_SetConfig                        0x080034c1   Thumb Code    98  stm32f4xx_hal_tim.o(i.TIM_OC2_SetConfig)
    UART4_IRQHandler                         0x0800362d   Thumb Code     6  stm32f4xx_it.o(i.UART4_IRQHandler)
    UART_Start_Receive_IT                    0x08003865   Thumb Code    58  stm32f4xx_hal_uart.o(i.UART_Start_Receive_IT)
    Update_Action_gl_position                0x080038a1   Thumb Code   240  action.o(i.Update_Action_gl_position)
    UsageFault_Handler                       0x080039a9   Thumb Code     2  stm32f4xx_it.o(i.UsageFault_Handler)
    Velocity_Planning_MODE                   0x080039ad   Thumb Code   494  rm_motor.o(i.Velocity_Planning_MODE)
    __ARM_fpclassify                         0x08003ba5   Thumb Code    48  fpclassify.o(i.__ARM_fpclassify)
    __hardfp_cos                             0x08003bf9   Thumb Code   180  cos.o(i.__hardfp_cos)
    __hardfp_sin                             0x08003cc1   Thumb Code   180  sin.o(i.__hardfp_sin)
    __hardfp_sqrt                            0x08003d89   Thumb Code   122  sqrt.o(i.__hardfp_sqrt)
    __ieee754_rem_pio2                       0x08003e09   Thumb Code   938  rred.o(i.__ieee754_rem_pio2)
    __kernel_cos                             0x08004241   Thumb Code   322  cos_i.o(i.__kernel_cos)
    __kernel_poly                            0x080043b1   Thumb Code   248  poly.o(i.__kernel_poly)
    __kernel_sin                             0x080044a9   Thumb Code   280  sin_i.o(i.__kernel_sin)
    __mathlib_dbl_infnan                     0x080045d9   Thumb Code    20  dunder.o(i.__mathlib_dbl_infnan)
    __mathlib_dbl_invalid                    0x080045f1   Thumb Code    24  dunder.o(i.__mathlib_dbl_invalid)
    __mathlib_dbl_underflow                  0x08004611   Thumb Code    24  dunder.o(i.__mathlib_dbl_underflow)
    action_data_analyse                      0x08004631   Thumb Code   112  action.o(i.action_data_analyse)
    auto_switch                              0x080046ad   Thumb Code   142  fsm.o(i.auto_switch)
    belt_ctrl                                0x08004745   Thumb Code    72  upper.o(i.belt_ctrl)
    can1_config                              0x08004795   Thumb Code   216  config.o(i.can1_config)
    can2_config                              0x0800488d   Thumb Code   360  config.o(i.can2_config)
    can_filter_init                          0x08004a31   Thumb Code    80  usr_can.o(i.can_filter_init)
    chassis_init                             0x08004a89   Thumb Code    90  chassis.o(i.chassis_init)
    chassis_stop                             0x08004af1   Thumb Code    28  chassis.o(i.chassis_stop)
    cylinder_control                         0x08004b15   Thumb Code    70  upper.o(i.cylinder_control)
    fabs                                     0x08004b61   Thumb Code    24  fabs.o(i.fabs)
    flip_motor                               0x08004b79   Thumb Code    98  upper.o(i.flip_motor)
    get_motor_measure                        0x08004bf1   Thumb Code   372  rm_motor.o(i.get_motor_measure)
    lift_motor                               0x08004d75   Thumb Code    94  upper.o(i.lift_motor)
    lim                                      0x08004de9   Thumb Code    92  upper.o(i.lim)
    main                                     0x08004e45   Thumb Code    88  main.o(i.main)
    osDelay                                  0x08004ea5   Thumb Code    26  cmsis_os2.o(i.osDelay)
    osKernelInitialize                       0x08004ec1   Thumb Code    32  cmsis_os2.o(i.osKernelInitialize)
    osKernelStart                            0x08004ee5   Thumb Code    48  cmsis_os2.o(i.osKernelStart)
    osThreadNew                              0x08004f1d   Thumb Code   136  cmsis_os2.o(i.osThreadNew)
    pid_calc                                 0x08004fa5   Thumb Code   422  pid.o(i.pid_calc)
    pid_param_init                           0x08005151   Thumb Code    30  pid.o(i.pid_param_init)
    pvPortMalloc                             0x08005901   Thumb Code   216  heap_4.o(i.pvPortMalloc)
    pxPortInitialiseStack                    0x080059dd   Thumb Code    40  port.o(i.pxPortInitialiseStack)
    robot_fsm                                0x08005a09   Thumb Code   100  fsm.o(i.robot_fsm)
    servos_control                           0x08005a75   Thumb Code    74  upper.o(i.servos_control)
    servos_start                             0x08005ad9   Thumb Code    22  upper.o(i.servos_start)
    uxListRemove                             0x08005af9   Thumb Code    38  list.o(i.uxListRemove)
    vApplicationGetIdleTaskMemory            0x08005b21   Thumb Code    16  cmsis_os2.o(i.vApplicationGetIdleTaskMemory)
    vApplicationGetTimerTaskMemory           0x08005b35   Thumb Code    18  cmsis_os2.o(i.vApplicationGetTimerTaskMemory)
    vListInitialise                          0x08005b4d   Thumb Code    22  list.o(i.vListInitialise)
    vListInitialiseItem                      0x08005b63   Thumb Code     6  list.o(i.vListInitialiseItem)
    vListInsert                              0x08005b69   Thumb Code    48  list.o(i.vListInsert)
    vListInsertEnd                           0x08005b99   Thumb Code    24  list.o(i.vListInsertEnd)
    vPortEnterCritical                       0x08005bb1   Thumb Code    54  port.o(i.vPortEnterCritical)
    vPortExitCritical                        0x08005bf1   Thumb Code    34  port.o(i.vPortExitCritical)
    vPortFree                                0x08005c19   Thumb Code    94  heap_4.o(i.vPortFree)
    vPortSetupTimerInterrupt                 0x08005c7d   Thumb Code    32  port.o(i.vPortSetupTimerInterrupt)
    vPortValidateInterruptPriority           0x08005ca1   Thumb Code    74  port.o(i.vPortValidateInterruptPriority)
    vQueueAddToRegistry                      0x08005cf5   Thumb Code    32  queue.o(i.vQueueAddToRegistry)
    vQueueWaitForMessageRestricted           0x08005d19   Thumb Code    68  queue.o(i.vQueueWaitForMessageRestricted)
    vTaskDelay                               0x08005d5d   Thumb Code    66  tasks.o(i.vTaskDelay)
    vTaskInternalSetTimeOutState             0x08005da9   Thumb Code    12  tasks.o(i.vTaskInternalSetTimeOutState)
    vTaskMissedYield                         0x08005db9   Thumb Code     8  tasks.o(i.vTaskMissedYield)
    vTaskPlaceOnEventList                    0x08005dc5   Thumb Code    44  tasks.o(i.vTaskPlaceOnEventList)
    vTaskPlaceOnEventListRestricted          0x08005df5   Thumb Code    52  tasks.o(i.vTaskPlaceOnEventListRestricted)
    vTaskStartScheduler                      0x08005e2d   Thumb Code   116  tasks.o(i.vTaskStartScheduler)
    vTaskSuspendAll                          0x08005eb1   Thumb Code    10  tasks.o(i.vTaskSuspendAll)
    vTaskSwitchContext                       0x08005ec1   Thumb Code    90  tasks.o(i.vTaskSwitchContext)
    xPortStartScheduler                      0x08005f25   Thumb Code   224  port.o(i.xPortStartScheduler)
    xPortSysTickHandler                      0x08006019   Thumb Code    38  port.o(i.xPortSysTickHandler)
    xQueueGenericCreateStatic                0x08006045   Thumb Code   102  queue.o(i.xQueueGenericCreateStatic)
    xQueueGenericReset                       0x080060ad   Thumb Code   132  queue.o(i.xQueueGenericReset)
    xQueueGenericSend                        0x08006135   Thumb Code   350  queue.o(i.xQueueGenericSend)
    xQueueGenericSendFromISR                 0x08006299   Thumb Code   190  queue.o(i.xQueueGenericSendFromISR)
    xQueueReceive                            0x08006359   Thumb Code   308  queue.o(i.xQueueReceive)
    xTaskCheckForTimeOut                     0x08006491   Thumb Code   112  tasks.o(i.xTaskCheckForTimeOut)
    xTaskCreate                              0x08006505   Thumb Code    90  tasks.o(i.xTaskCreate)
    xTaskCreateStatic                        0x0800655f   Thumb Code    90  tasks.o(i.xTaskCreateStatic)
    xTaskGetSchedulerState                   0x080065b9   Thumb Code    22  tasks.o(i.xTaskGetSchedulerState)
    xTaskGetTickCount                        0x080065d5   Thumb Code     6  tasks.o(i.xTaskGetTickCount)
    xTaskIncrementTick                       0x080065e1   Thumb Code   192  tasks.o(i.xTaskIncrementTick)
    xTaskPriorityDisinherit                  0x080066a9   Thumb Code   116  tasks.o(i.xTaskPriorityDisinherit)
    xTaskRemoveFromEventList                 0x08006725   Thumb Code    98  tasks.o(i.xTaskRemoveFromEventList)
    xTaskResumeAll                           0x08006795   Thumb Code   180  tasks.o(i.xTaskResumeAll)
    xTimerCreateTimerTask                    0x08006855   Thumb Code    78  timers.o(i.xTimerCreateTimerTask)
    xTimerGenericCommand                     0x080068b5   Thumb Code    94  timers.o(i.xTimerGenericCommand)
    __aeabi_dneg                             0x08006919   Thumb Code     0  basic.o(x$fpl$basic)
    _dneg                                    0x08006919   Thumb Code     6  basic.o(x$fpl$basic)
    __aeabi_fneg                             0x0800691f   Thumb Code     0  basic.o(x$fpl$basic)
    _fneg                                    0x0800691f   Thumb Code     6  basic.o(x$fpl$basic)
    _dabs                                    0x08006925   Thumb Code     6  basic.o(x$fpl$basic)
    _fabs                                    0x0800692b   Thumb Code     6  basic.o(x$fpl$basic)
    __aeabi_d2f                              0x08006931   Thumb Code     0  d2f.o(x$fpl$d2f)
    _d2f                                     0x08006931   Thumb Code    98  d2f.o(x$fpl$d2f)
    __aeabi_dadd                             0x08006995   Thumb Code     0  daddsub_clz.o(x$fpl$dadd)
    _dadd                                    0x08006995   Thumb Code   332  daddsub_clz.o(x$fpl$dadd)
    __aeabi_ddiv                             0x08006ae5   Thumb Code     0  ddiv.o(x$fpl$ddiv)
    _ddiv                                    0x08006ae5   Thumb Code   552  ddiv.o(x$fpl$ddiv)
    __aeabi_d2iz                             0x08006d95   Thumb Code     0  dfix.o(x$fpl$dfix)
    _dfix                                    0x08006d95   Thumb Code    94  dfix.o(x$fpl$dfix)
    __aeabi_i2d                              0x08006df3   Thumb Code     0  dflt_clz.o(x$fpl$dflt)
    _dflt                                    0x08006df3   Thumb Code    46  dflt_clz.o(x$fpl$dflt)
    __aeabi_ui2d                             0x08006e21   Thumb Code     0  dflt_clz.o(x$fpl$dfltu)
    _dfltu                                   0x08006e21   Thumb Code    38  dflt_clz.o(x$fpl$dfltu)
    __aeabi_dmul                             0x08006e49   Thumb Code     0  dmul.o(x$fpl$dmul)
    _dmul                                    0x08006e49   Thumb Code   332  dmul.o(x$fpl$dmul)
    __fpl_dnaninf                            0x08006f9d   Thumb Code   156  dnaninf.o(x$fpl$dnaninf)
    __fpl_dretinf                            0x08007039   Thumb Code    12  dretinf.o(x$fpl$dretinf)
    __aeabi_drsub                            0x08007045   Thumb Code     0  daddsub_clz.o(x$fpl$drsb)
    _drsb                                    0x08007045   Thumb Code    22  daddsub_clz.o(x$fpl$drsb)
    _dsqrt                                   0x0800705d   Thumb Code   404  dsqrt_umaal.o(x$fpl$dsqrt)
    __aeabi_dsub                             0x080071f5   Thumb Code     0  daddsub_clz.o(x$fpl$dsub)
    _dsub                                    0x080071f5   Thumb Code   464  daddsub_clz.o(x$fpl$dsub)
    __aeabi_f2d                              0x080073c9   Thumb Code     0  f2d.o(x$fpl$f2d)
    _f2d                                     0x080073c9   Thumb Code    86  f2d.o(x$fpl$f2d)
    __fpl_fnaninf                            0x0800741f   Thumb Code   140  fnaninf.o(x$fpl$fnaninf)
    _fp_init                                 0x080074ab   Thumb Code    10  fpinit.o(x$fpl$fpinit)
    __fplib_config_fpu_vfp                   0x080074b3   Thumb Code     0  fpinit.o(x$fpl$fpinit)
    __fplib_config_pureend_doubles           0x080074b3   Thumb Code     0  fpinit.o(x$fpl$fpinit)
    __fpl_fretinf                            0x080074b5   Thumb Code    10  fretinf.o(x$fpl$fretinf)
    __I$use$fp                               0x080074be   Number         0  usenofp.o(x$fpl$usenofp)
    FSM_switch_attributes                    0x080074c0   Data          36  freertos.o(.constdata)
    Chassis_attributes                       0x080074e4   Data          36  freertos.o(.constdata)
    Seed_attributes                          0x08007508   Data          36  freertos.o(.constdata)
    Shoot_attributes                         0x0800752c   Data          36  freertos.o(.constdata)
    Move_attributes                          0x08007550   Data          36  freertos.o(.constdata)
    AHBPrescTable                            0x08007574   Data          16  system_stm32f4xx.o(.constdata)
    APBPrescTable                            0x08007584   Data           8  system_stm32f4xx.o(.constdata)
    Region$$Table$$Base                      0x080076dc   Number         0  anon$$obj.o(Region$$Table)
    Region$$Table$$Limit                     0x080076fc   Number         0  anon$$obj.o(Region$$Table)
    FSM_switchHandle                         0x20000000   Data           4  freertos.o(.data)
    ChassisHandle                            0x20000004   Data           4  freertos.o(.data)
    SeedHandle                               0x20000008   Data           4  freertos.o(.data)
    ShootHandle                              0x2000000c   Data           4  freertos.o(.data)
    MoveHandle                               0x20000010   Data           4  freertos.o(.data)
    uwTickFreq                               0x20000018   Data           1  stm32f4xx_hal.o(.data)
    uwTickPrio                               0x2000001c   Data           4  stm32f4xx_hal.o(.data)
    uwTick                                   0x20000020   Data           4  stm32f4xx_hal.o(.data)
    SystemCoreClock                          0x20000024   Data           4  system_stm32f4xx.o(.data)
    pxCurrentTCB                             0x20000028   Data           4  tasks.o(.data)
    ppm_update_flag                          0x200000ac   Data           1  air_joy.o(.data)
    TIME_ISR_CNT                             0x200000b4   Data           4  air_joy.o(.data)
    now_ppm_time_send                        0x200000b8   Data           4  air_joy.o(.data)
    LAST_TIME_ISR_CNT                        0x200000c4   Data           4  air_joy.o(.data)
    Microsecond_Cnt                          0x200000c8   Data           2  air_joy.o(.data)
    Time_Sys                                 0x200000ca   Data           8  air_joy.o(.data)
    robot_state                              0x200000d4   Data           1  fsm.o(.data)
    chassis_state                            0x200000d5   Data           1  fsm.o(.data)
    seed_state                               0x200000d6   Data           1  fsm.o(.data)
    shoot_state                              0x200000d7   Data           1  fsm.o(.data)
    SEED_AREA                                0x200000d8   Data          16  fsm.o(.data)
    SHOOT_AREA                               0x200000e8   Data          16  fsm.o(.data)
    hcan1                                    0x200000f8   Data          40  can.o(.bss)
    hcan2                                    0x20000120   Data          40  can.o(.bss)
    htim2                                    0x20000148   Data          72  tim.o(.bss)
    htim13                                   0x20000190   Data          72  tim.o(.bss)
    htim14                                   0x200001d8   Data          72  tim.o(.bss)
    huart4                                   0x20000220   Data          68  usart.o(.bss)
    huart1                                   0x20000264   Data          68  usart.o(.bss)
    htim3                                    0x200002a8   Data          72  stm32f4xx_hal_timebase_tim.o(.bss)
    xQueueRegistry                           0x200002f0   Data          64  queue.o(.bss)
    ACTION_GL_POS_DATA                       0x20004bc4   Data          48  action.o(.bss)
    ROBOT_REAL_POS_DATA                      0x20004bf4   Data          12  action.o(.bss)
    PPM_Databuf                              0x20004c2c   Data          20  air_joy.o(.bss)
    ROBOT_CHASSI                             0x20004c40   Data          68  chassis.o(.bss)
    can1motorRealInfo                        0x20004c84   Data         784  rm_motor.o(.bss)
    can2motorRealInfo                        0x20004f94   Data         784  rm_motor.o(.bss)
    can1MOTOR_PID_RPM                        0x200052a4   Data         644  rm_motor.o(.bss)
    can1MOTOR_PID_POS                        0x20005528   Data         644  rm_motor.o(.bss)
    can2MOTOR_PID_RPM                        0x200057ac   Data         644  rm_motor.o(.bss)
    can2MOTOR_PID_POS                        0x20005a30   Data         644  rm_motor.o(.bss)
    __libspace_start                         0x20005cb4   Data          96  libspace.o(.bss)
    __temporary_stack_top$libspace           0x20005d14   Data           0  libspace.o(.bss)



==============================================================================

Memory Map of the image

  Image Entry point : 0x08000189

  Load Region LR_IROM1 (Base: 0x08000000, Size: 0x000077f4, Max: 0x00100000, ABSOLUTE)

    Execution Region ER_IROM1 (Exec base: 0x08000000, Load base: 0x08000000, Size: 0x000076fc, Max: 0x00100000, ABSOLUTE)

    Exec Addr    Load Addr    Size         Type   Attr      Idx    E Section Name        Object

    0x08000000   0x08000000   0x00000188   Data   RO            3    RESET               startup_stm32f407xx.o
    0x08000188   0x08000188   0x00000008   Code   RO         5846  * !!!main             c_w.l(__main.o)
    0x08000190   0x08000190   0x00000034   Code   RO         6143    !!!scatter          c_w.l(__scatter.o)
    0x080001c4   0x080001c4   0x0000001a   Code   RO         6145    !!handler_copy      c_w.l(__scatter_copy.o)
    0x080001de   0x080001de   0x00000002   PAD
    0x080001e0   0x080001e0   0x0000001c   Code   RO         6147    !!handler_zi        c_w.l(__scatter_zi.o)
    0x080001fc   0x080001fc   0x00000002   Code   RO         6014    .ARM.Collect$$libinit$$00000000  c_w.l(libinit.o)
    0x080001fe   0x080001fe   0x00000004   Code   RO         6023    .ARM.Collect$$libinit$$00000001  c_w.l(libinit2.o)
    0x08000202   0x08000202   0x00000000   Code   RO         6026    .ARM.Collect$$libinit$$00000004  c_w.l(libinit2.o)
    0x08000202   0x08000202   0x00000000   Code   RO         6029    .ARM.Collect$$libinit$$0000000A  c_w.l(libinit2.o)
    0x08000202   0x08000202   0x00000000   Code   RO         6031    .ARM.Collect$$libinit$$0000000C  c_w.l(libinit2.o)
    0x08000202   0x08000202   0x00000000   Code   RO         6033    .ARM.Collect$$libinit$$0000000E  c_w.l(libinit2.o)
    0x08000202   0x08000202   0x00000000   Code   RO         6036    .ARM.Collect$$libinit$$00000011  c_w.l(libinit2.o)
    0x08000202   0x08000202   0x00000000   Code   RO         6038    .ARM.Collect$$libinit$$00000013  c_w.l(libinit2.o)
    0x08000202   0x08000202   0x00000000   Code   RO         6040    .ARM.Collect$$libinit$$00000015  c_w.l(libinit2.o)
    0x08000202   0x08000202   0x00000000   Code   RO         6042    .ARM.Collect$$libinit$$00000017  c_w.l(libinit2.o)
    0x08000202   0x08000202   0x00000000   Code   RO         6044    .ARM.Collect$$libinit$$00000019  c_w.l(libinit2.o)
    0x08000202   0x08000202   0x00000000   Code   RO         6046    .ARM.Collect$$libinit$$0000001B  c_w.l(libinit2.o)
    0x08000202   0x08000202   0x00000000   Code   RO         6048    .ARM.Collect$$libinit$$0000001D  c_w.l(libinit2.o)
    0x08000202   0x08000202   0x00000000   Code   RO         6050    .ARM.Collect$$libinit$$0000001F  c_w.l(libinit2.o)
    0x08000202   0x08000202   0x00000000   Code   RO         6052    .ARM.Collect$$libinit$$00000021  c_w.l(libinit2.o)
    0x08000202   0x08000202   0x00000000   Code   RO         6054    .ARM.Collect$$libinit$$00000023  c_w.l(libinit2.o)
    0x08000202   0x08000202   0x00000000   Code   RO         6056    .ARM.Collect$$libinit$$00000025  c_w.l(libinit2.o)
    0x08000202   0x08000202   0x00000000   Code   RO         6060    .ARM.Collect$$libinit$$0000002C  c_w.l(libinit2.o)
    0x08000202   0x08000202   0x00000000   Code   RO         6062    .ARM.Collect$$libinit$$0000002E  c_w.l(libinit2.o)
    0x08000202   0x08000202   0x00000000   Code   RO         6064    .ARM.Collect$$libinit$$00000030  c_w.l(libinit2.o)
    0x08000202   0x08000202   0x00000000   Code   RO         6066    .ARM.Collect$$libinit$$00000032  c_w.l(libinit2.o)
    0x08000202   0x08000202   0x00000002   Code   RO         6067    .ARM.Collect$$libinit$$00000033  c_w.l(libinit2.o)
    0x08000204   0x08000204   0x00000002   Code   RO         6098    .ARM.Collect$$libshutdown$$00000000  c_w.l(libshutdown.o)
    0x08000206   0x08000206   0x00000000   Code   RO         6124    .ARM.Collect$$libshutdown$$00000002  c_w.l(libshutdown2.o)
    0x08000206   0x08000206   0x00000000   Code   RO         6126    .ARM.Collect$$libshutdown$$00000004  c_w.l(libshutdown2.o)
    0x08000206   0x08000206   0x00000000   Code   RO         6128    .ARM.Collect$$libshutdown$$00000006  c_w.l(libshutdown2.o)
    0x08000206   0x08000206   0x00000000   Code   RO         6131    .ARM.Collect$$libshutdown$$00000009  c_w.l(libshutdown2.o)
    0x08000206   0x08000206   0x00000000   Code   RO         6134    .ARM.Collect$$libshutdown$$0000000C  c_w.l(libshutdown2.o)
    0x08000206   0x08000206   0x00000000   Code   RO         6136    .ARM.Collect$$libshutdown$$0000000E  c_w.l(libshutdown2.o)
    0x08000206   0x08000206   0x00000000   Code   RO         6139    .ARM.Collect$$libshutdown$$00000011  c_w.l(libshutdown2.o)
    0x08000206   0x08000206   0x00000002   Code   RO         6140    .ARM.Collect$$libshutdown$$00000012  c_w.l(libshutdown2.o)
    0x08000208   0x08000208   0x00000000   Code   RO         5900    .ARM.Collect$$rtentry$$00000000  c_w.l(__rtentry.o)
    0x08000208   0x08000208   0x00000000   Code   RO         5955    .ARM.Collect$$rtentry$$00000002  c_w.l(__rtentry2.o)
    0x08000208   0x08000208   0x00000006   Code   RO         5967    .ARM.Collect$$rtentry$$00000004  c_w.l(__rtentry4.o)
    0x0800020e   0x0800020e   0x00000000   Code   RO         5957    .ARM.Collect$$rtentry$$00000009  c_w.l(__rtentry2.o)
    0x0800020e   0x0800020e   0x00000004   Code   RO         5958    .ARM.Collect$$rtentry$$0000000A  c_w.l(__rtentry2.o)
    0x08000212   0x08000212   0x00000000   Code   RO         5960    .ARM.Collect$$rtentry$$0000000C  c_w.l(__rtentry2.o)
    0x08000212   0x08000212   0x00000008   Code   RO         5961    .ARM.Collect$$rtentry$$0000000D  c_w.l(__rtentry2.o)
    0x0800021a   0x0800021a   0x00000002   Code   RO         6015    .ARM.Collect$$rtexit$$00000000  c_w.l(rtexit.o)
    0x0800021c   0x0800021c   0x00000000   Code   RO         6071    .ARM.Collect$$rtexit$$00000002  c_w.l(rtexit2.o)
    0x0800021c   0x0800021c   0x00000004   Code   RO         6072    .ARM.Collect$$rtexit$$00000003  c_w.l(rtexit2.o)
    0x08000220   0x08000220   0x00000006   Code   RO         6073    .ARM.Collect$$rtexit$$00000004  c_w.l(rtexit2.o)
    0x08000226   0x08000226   0x00000002   PAD
    0x08000228   0x08000228   0x000000be   Code   RO         5215    .emb_text           port.o
    0x080002e6   0x080002e6   0x00000002   PAD
    0x080002e8   0x080002e8   0x00000040   Code   RO            4    .text               startup_stm32f407xx.o
    0x08000328   0x08000328   0x000000ee   Code   RO         5834    .text               c_w.l(lludivv7m.o)
    0x08000416   0x08000416   0x0000008a   Code   RO         5836    .text               c_w.l(rt_memcpy_v6.o)
    0x080004a0   0x080004a0   0x00000010   Code   RO         5840    .text               c_w.l(aeabi_memset.o)
    0x080004b0   0x080004b0   0x0000004e   Code   RO         5842    .text               c_w.l(rt_memclr_w.o)
    0x080004fe   0x080004fe   0x00000006   Code   RO         5844    .text               c_w.l(heapauxi.o)
    0x08000504   0x08000504   0x00000016   Code   RO         5905    .text               c_w.l(_rserrno.o)
    0x0800051a   0x0800051a   0x00000064   Code   RO         5907    .text               c_w.l(rt_memcpy_w.o)
    0x0800057e   0x0800057e   0x00000044   Code   RO         5909    .text               c_w.l(rt_memclr.o)
    0x080005c2   0x080005c2   0x00000002   PAD
    0x080005c4   0x080005c4   0x00000008   Code   RO         5974    .text               c_w.l(rt_errno_addr_intlibspace.o)
    0x080005cc   0x080005cc   0x00000008   Code   RO         5998    .text               c_w.l(libspace.o)
    0x080005d4   0x080005d4   0x0000004a   Code   RO         6001    .text               c_w.l(sys_stackheap_outer.o)
    0x0800061e   0x0800061e   0x00000012   Code   RO         6003    .text               c_w.l(exit.o)
    0x08000630   0x08000630   0x0000000c   Code   RO         6068    .text               c_w.l(sys_exit.o)
    0x0800063c   0x0800063c   0x00000002   Code   RO         6087    .text               c_w.l(use_no_semi.o)
    0x0800063e   0x0800063e   0x00000000   Code   RO         6089    .text               c_w.l(indicate_semi.o)
    0x0800063e   0x0800063e   0x00000002   Code   RO          512    i.BusFault_Handler  stm32f4xx_it.o
    0x08000640   0x08000640   0x0000000c   Code   RO          513    i.CAN1_RX0_IRQHandler  stm32f4xx_it.o
    0x0800064c   0x0800064c   0x0000000c   Code   RO          514    i.CAN2_RX0_IRQHandler  stm32f4xx_it.o
    0x08000658   0x08000658   0x00000080   Code   RO          277    i.Chassis_Task      freertos.o
    0x080006d8   0x080006d8   0x00000002   Code   RO          515    i.DebugMon_Handler  stm32f4xx_it.o
    0x080006da   0x080006da   0x00000006   Code   RO          516    i.EXTI9_5_IRQHandler  stm32f4xx_it.o
    0x080006e0   0x080006e0   0x00000004   Code   RO           13    i.Error_Handler     main.o
    0x080006e4   0x080006e4   0x0000000c   Code   RO          278    i.FSM_Task          freertos.o
    0x080006f0   0x080006f0   0x000000ac   Code   RO         5379    i.Free_Control      chassis.o
    0x0800079c   0x0800079c   0x00000024   Code   RO          772    i.HAL_CAN_ActivateNotification  stm32f4xx_hal_can.o
    0x080007c0   0x080007c0   0x000000dc   Code   RO          773    i.HAL_CAN_AddTxMessage  stm32f4xx_hal_can.o
    0x0800089c   0x0800089c   0x0000010c   Code   RO          774    i.HAL_CAN_ConfigFilter  stm32f4xx_hal_can.o
    0x080009a8   0x080009a8   0x00000002   Code   RO          777    i.HAL_CAN_ErrorCallback  stm32f4xx_hal_can.o
    0x080009aa   0x080009aa   0x000000e8   Code   RO          780    i.HAL_CAN_GetRxMessage  stm32f4xx_hal_can.o
    0x08000a92   0x08000a92   0x000001fc   Code   RO          784    i.HAL_CAN_IRQHandler  stm32f4xx_hal_can.o
    0x08000c8e   0x08000c8e   0x0000011a   Code   RO          785    i.HAL_CAN_Init      stm32f4xx_hal_can.o
    0x08000da8   0x08000da8   0x000000fc   Code   RO          349    i.HAL_CAN_MspInit   can.o
    0x08000ea4   0x08000ea4   0x00000002   Code   RO          792    i.HAL_CAN_RxFifo0FullCallback  stm32f4xx_hal_can.o
    0x08000ea6   0x08000ea6   0x00000002   PAD
    0x08000ea8   0x08000ea8   0x0000007c   Code   RO         5801    i.HAL_CAN_RxFifo0MsgPendingCallback  usr_can.o
    0x08000f24   0x08000f24   0x00000002   Code   RO          794    i.HAL_CAN_RxFifo1FullCallback  stm32f4xx_hal_can.o
    0x08000f26   0x08000f26   0x00000002   Code   RO          795    i.HAL_CAN_RxFifo1MsgPendingCallback  stm32f4xx_hal_can.o
    0x08000f28   0x08000f28   0x00000002   Code   RO          796    i.HAL_CAN_SleepCallback  stm32f4xx_hal_can.o
    0x08000f2a   0x08000f2a   0x00000056   Code   RO          797    i.HAL_CAN_Start     stm32f4xx_hal_can.o
    0x08000f80   0x08000f80   0x00000002   Code   RO          799    i.HAL_CAN_TxMailbox0AbortCallback  stm32f4xx_hal_can.o
    0x08000f82   0x08000f82   0x00000002   Code   RO          800    i.HAL_CAN_TxMailbox0CompleteCallback  stm32f4xx_hal_can.o
    0x08000f84   0x08000f84   0x00000002   Code   RO          801    i.HAL_CAN_TxMailbox1AbortCallback  stm32f4xx_hal_can.o
    0x08000f86   0x08000f86   0x00000002   Code   RO          802    i.HAL_CAN_TxMailbox1CompleteCallback  stm32f4xx_hal_can.o
    0x08000f88   0x08000f88   0x00000002   Code   RO          803    i.HAL_CAN_TxMailbox2AbortCallback  stm32f4xx_hal_can.o
    0x08000f8a   0x08000f8a   0x00000002   Code   RO          804    i.HAL_CAN_TxMailbox2CompleteCallback  stm32f4xx_hal_can.o
    0x08000f8c   0x08000f8c   0x00000002   Code   RO          806    i.HAL_CAN_WakeUpFromRxMsgCallback  stm32f4xx_hal_can.o
    0x08000f8e   0x08000f8e   0x00000092   Code   RO         1467    i.HAL_DMA_Abort     stm32f4xx_hal_dma.o
    0x08001020   0x08001020   0x00000024   Code   RO         1468    i.HAL_DMA_Abort_IT  stm32f4xx_hal_dma.o
    0x08001044   0x08001044   0x00000088   Code   RO         5345    i.HAL_GPIO_EXTI_Callback  air_joy.o
    0x080010cc   0x080010cc   0x00000018   Code   RO         1359    i.HAL_GPIO_EXTI_IRQHandler  stm32f4xx_hal_gpio.o
    0x080010e4   0x080010e4   0x000001d0   Code   RO         1360    i.HAL_GPIO_Init     stm32f4xx_hal_gpio.o
    0x080012b4   0x080012b4   0x0000000a   Code   RO         1364    i.HAL_GPIO_WritePin  stm32f4xx_hal_gpio.o
    0x080012be   0x080012be   0x00000002   PAD
    0x080012c0   0x080012c0   0x0000000c   Code   RO         1892    i.HAL_GetTick       stm32f4xx_hal.o
    0x080012cc   0x080012cc   0x00000010   Code   RO         1898    i.HAL_IncTick       stm32f4xx_hal.o
    0x080012dc   0x080012dc   0x00000034   Code   RO         1899    i.HAL_Init          stm32f4xx_hal.o
    0x08001310   0x08001310   0x00000098   Code   RO          642    i.HAL_InitTick      stm32f4xx_hal_timebase_tim.o
    0x080013a8   0x080013a8   0x00000038   Code   RO          618    i.HAL_MspInit       stm32f4xx_hal_msp.o
    0x080013e0   0x080013e0   0x0000001a   Code   RO         1749    i.HAL_NVIC_EnableIRQ  stm32f4xx_hal_cortex.o
    0x080013fa   0x080013fa   0x00000002   PAD
    0x080013fc   0x080013fc   0x00000040   Code   RO         1755    i.HAL_NVIC_SetPriority  stm32f4xx_hal_cortex.o
    0x0800143c   0x0800143c   0x00000024   Code   RO         1756    i.HAL_NVIC_SetPriorityGrouping  stm32f4xx_hal_cortex.o
    0x08001460   0x08001460   0x00000134   Code   RO         1006    i.HAL_RCC_ClockConfig  stm32f4xx_hal_rcc.o
    0x08001594   0x08001594   0x00000040   Code   RO         1010    i.HAL_RCC_GetClockConfig  stm32f4xx_hal_rcc.o
    0x080015d4   0x080015d4   0x00000020   Code   RO         1013    i.HAL_RCC_GetPCLK1Freq  stm32f4xx_hal_rcc.o
    0x080015f4   0x080015f4   0x00000020   Code   RO         1014    i.HAL_RCC_GetPCLK2Freq  stm32f4xx_hal_rcc.o
    0x08001614   0x08001614   0x00000060   Code   RO         1015    i.HAL_RCC_GetSysClockFreq  stm32f4xx_hal_rcc.o
    0x08001674   0x08001674   0x00000358   Code   RO         1018    i.HAL_RCC_OscConfig  stm32f4xx_hal_rcc.o
    0x080019cc   0x080019cc   0x00000002   Code   RO         2843    i.HAL_TIMEx_BreakCallback  stm32f4xx_hal_tim_ex.o
    0x080019ce   0x080019ce   0x00000002   Code   RO         2844    i.HAL_TIMEx_CommutCallback  stm32f4xx_hal_tim_ex.o
    0x080019d0   0x080019d0   0x00000090   Code   RO         2862    i.HAL_TIMEx_MasterConfigSynchronization  stm32f4xx_hal_tim_ex.o
    0x08001a60   0x08001a60   0x0000005a   Code   RO         2139    i.HAL_TIM_Base_Init  stm32f4xx_hal_tim.o
    0x08001aba   0x08001aba   0x00000002   PAD
    0x08001abc   0x08001abc   0x00000088   Code   RO          398    i.HAL_TIM_Base_MspInit  tim.o
    0x08001b44   0x08001b44   0x00000080   Code   RO         2144    i.HAL_TIM_Base_Start_IT  stm32f4xx_hal_tim.o
    0x08001bc4   0x08001bc4   0x000000dc   Code   RO         2148    i.HAL_TIM_ConfigClockSource  stm32f4xx_hal_tim.o
    0x08001ca0   0x08001ca0   0x00000002   Code   RO         2173    i.HAL_TIM_IC_CaptureCallback  stm32f4xx_hal_tim.o
    0x08001ca2   0x08001ca2   0x00000166   Code   RO         2187    i.HAL_TIM_IRQHandler  stm32f4xx_hal_tim.o
    0x08001e08   0x08001e08   0x00000070   Code   RO          399    i.HAL_TIM_MspPostInit  tim.o
    0x08001e78   0x08001e78   0x00000002   Code   RO         2190    i.HAL_TIM_OC_DelayElapsedCallback  stm32f4xx_hal_tim.o
    0x08001e7a   0x08001e7a   0x000000cc   Code   RO         2211    i.HAL_TIM_PWM_ConfigChannel  stm32f4xx_hal_tim.o
    0x08001f46   0x08001f46   0x0000005a   Code   RO         2214    i.HAL_TIM_PWM_Init  stm32f4xx_hal_tim.o
    0x08001fa0   0x08001fa0   0x00000002   Code   RO         2216    i.HAL_TIM_PWM_MspInit  stm32f4xx_hal_tim.o
    0x08001fa2   0x08001fa2   0x00000002   Code   RO         2217    i.HAL_TIM_PWM_PulseFinishedCallback  stm32f4xx_hal_tim.o
    0x08001fa4   0x08001fa4   0x000000d0   Code   RO         2219    i.HAL_TIM_PWM_Start  stm32f4xx_hal_tim.o
    0x08002074   0x08002074   0x00000078   Code   RO           14    i.HAL_TIM_PeriodElapsedCallback  main.o
    0x080020ec   0x080020ec   0x00000002   Code   RO         2230    i.HAL_TIM_TriggerCallback  stm32f4xx_hal_tim.o
    0x080020ee   0x080020ee   0x00000002   Code   RO         3121    i.HAL_UARTEx_RxEventCallback  stm32f4xx_hal_uart.o
    0x080020f0   0x080020f0   0x00000002   Code   RO         3135    i.HAL_UART_ErrorCallback  stm32f4xx_hal_uart.o
    0x080020f2   0x080020f2   0x00000002   PAD
    0x080020f4   0x080020f4   0x00000268   Code   RO         3138    i.HAL_UART_IRQHandler  stm32f4xx_hal_uart.o
    0x0800235c   0x0800235c   0x00000062   Code   RO         3139    i.HAL_UART_Init     stm32f4xx_hal_uart.o
    0x080023be   0x080023be   0x00000002   PAD
    0x080023c0   0x080023c0   0x000000b8   Code   RO          461    i.HAL_UART_MspInit  usart.o
    0x08002478   0x08002478   0x0000002a   Code   RO         3144    i.HAL_UART_Receive_IT  stm32f4xx_hal_uart.o
    0x080024a2   0x080024a2   0x00000002   PAD
    0x080024a4   0x080024a4   0x00000014   Code   RO         5295    i.HAL_UART_RxCpltCallback  action.o
    0x080024b8   0x080024b8   0x00000002   Code   RO         3150    i.HAL_UART_TxCpltCallback  stm32f4xx_hal_uart.o
    0x080024ba   0x080024ba   0x00000002   Code   RO          517    i.HardFault_Handler  stm32f4xx_it.o
    0x080024bc   0x080024bc   0x00000012   Code   RO         5622    i.Homeing_Mode      rm_motor.o
    0x080024ce   0x080024ce   0x0000002a   Code   RO         5586    i.LimitMax          pid.o
    0x080024f8   0x080024f8   0x00000124   Code   RO         5623    i.M3508_Send_Currents  rm_motor.o
    0x0800261c   0x0800261c   0x00000048   Code   RO          350    i.MX_CAN1_Init      can.o
    0x08002664   0x08002664   0x00000048   Code   RO          351    i.MX_CAN2_Init      can.o
    0x080026ac   0x080026ac   0x00000068   Code   RO          279    i.MX_FREERTOS_Init  freertos.o
    0x08002714   0x08002714   0x000000b4   Code   RO          253    i.MX_GPIO_Init      gpio.o
    0x080027c8   0x080027c8   0x00000068   Code   RO          400    i.MX_TIM13_Init     tim.o
    0x08002830   0x08002830   0x00000068   Code   RO          401    i.MX_TIM14_Init     tim.o
    0x08002898   0x08002898   0x00000068   Code   RO          402    i.MX_TIM2_Init      tim.o
    0x08002900   0x08002900   0x00000038   Code   RO          462    i.MX_UART4_Init     usart.o
    0x08002938   0x08002938   0x00000038   Code   RO          463    i.MX_USART1_UART_Init  usart.o
    0x08002970   0x08002970   0x00000022   Code   RO         5624    i.Max_Value_Limit   rm_motor.o
    0x08002992   0x08002992   0x00000002   Code   RO          518    i.MemManage_Handler  stm32f4xx_it.o
    0x08002994   0x08002994   0x00000440   Code   RO         5625    i.Motor_Control     rm_motor.o
    0x08002dd4   0x08002dd4   0x00000008   Code   RO          280    i.Move_Task         freertos.o
    0x08002ddc   0x08002ddc   0x00000002   Code   RO          519    i.NMI_Handler       stm32f4xx_it.o
    0x08002dde   0x08002dde   0x00000002   PAD
    0x08002de0   0x08002de0   0x00000054   Code   RO         5627    i.Position_Control  rm_motor.o
    0x08002e34   0x08002e34   0x00000110   Code   RO         5628    i.RM_MOTOR_Angle_Integral  rm_motor.o
    0x08002f44   0x08002f44   0x000000f8   Code   RO         5380    i.Robot_Wheels_RPM_calculate  chassis.o
    0x0800303c   0x0800303c   0x00000028   Code   RO         5460    i.SWA_judge         fsm.o
    0x08003064   0x08003064   0x00000034   Code   RO         5461    i.SWB_judge         fsm.o
    0x08003098   0x08003098   0x00000060   Code   RO         5462    i.SWC_judge         fsm.o
    0x080030f8   0x080030f8   0x00000028   Code   RO         5463    i.SWD_judge         fsm.o
    0x08003120   0x08003120   0x000000a4   Code   RO          281    i.Seed_Task         freertos.o
    0x080031c4   0x080031c4   0x0000009c   Code   RO          282    i.Shoot_Task        freertos.o
    0x08003260   0x08003260   0x0000000a   Code   RO         5629    i.Speed_Control     rm_motor.o
    0x0800326a   0x0800326a   0x0000001a   Code   RO         4643    i.SysTick_Handler   cmsis_os2.o
    0x08003284   0x08003284   0x00000094   Code   RO           15    i.SystemClock_Config  main.o
    0x08003318   0x08003318   0x00000010   Code   RO         3468    i.SystemInit        system_stm32f4xx.o
    0x08003328   0x08003328   0x0000000c   Code   RO          520    i.TIM2_IRQHandler   stm32f4xx_it.o
    0x08003334   0x08003334   0x0000000c   Code   RO          521    i.TIM3_IRQHandler   stm32f4xx_it.o
    0x08003340   0x08003340   0x0000000c   Code   RO          522    i.TIM8_TRG_COM_TIM14_IRQHandler  stm32f4xx_it.o
    0x0800334c   0x0800334c   0x0000000c   Code   RO          523    i.TIM8_UP_TIM13_IRQHandler  stm32f4xx_it.o
    0x08003358   0x08003358   0x000000c8   Code   RO         2232    i.TIM_Base_SetConfig  stm32f4xx_hal_tim.o
    0x08003420   0x08003420   0x0000001a   Code   RO         2233    i.TIM_CCxChannelCmd  stm32f4xx_hal_tim.o
    0x0800343a   0x0800343a   0x00000014   Code   RO         2243    i.TIM_ETR_SetConfig  stm32f4xx_hal_tim.o
    0x0800344e   0x0800344e   0x00000010   Code   RO         2244    i.TIM_ITRx_SetConfig  stm32f4xx_hal_tim.o
    0x0800345e   0x0800345e   0x00000002   PAD
    0x08003460   0x08003460   0x00000060   Code   RO         2245    i.TIM_OC1_SetConfig  stm32f4xx_hal_tim.o
    0x080034c0   0x080034c0   0x0000006c   Code   RO         2246    i.TIM_OC2_SetConfig  stm32f4xx_hal_tim.o
    0x0800352c   0x0800352c   0x00000068   Code   RO         2247    i.TIM_OC3_SetConfig  stm32f4xx_hal_tim.o
    0x08003594   0x08003594   0x00000050   Code   RO         2248    i.TIM_OC4_SetConfig  stm32f4xx_hal_tim.o
    0x080035e4   0x080035e4   0x00000022   Code   RO         2250    i.TIM_TI1_ConfigInputStage  stm32f4xx_hal_tim.o
    0x08003606   0x08003606   0x00000024   Code   RO         2252    i.TIM_TI2_ConfigInputStage  stm32f4xx_hal_tim.o
    0x0800362a   0x0800362a   0x00000002   PAD
    0x0800362c   0x0800362c   0x0000000c   Code   RO          524    i.UART4_IRQHandler  stm32f4xx_it.o
    0x08003638   0x08003638   0x00000010   Code   RO         3152    i.UART_DMAAbortOnError  stm32f4xx_hal_uart.o
    0x08003648   0x08003648   0x0000004e   Code   RO         3162    i.UART_EndRxTransfer  stm32f4xx_hal_uart.o
    0x08003696   0x08003696   0x000000c0   Code   RO         3164    i.UART_Receive_IT   stm32f4xx_hal_uart.o
    0x08003756   0x08003756   0x00000002   PAD
    0x08003758   0x08003758   0x0000010c   Code   RO         3165    i.UART_SetConfig    stm32f4xx_hal_uart.o
    0x08003864   0x08003864   0x0000003a   Code   RO         3167    i.UART_Start_Receive_IT  stm32f4xx_hal_uart.o
    0x0800389e   0x0800389e   0x00000002   PAD
    0x080038a0   0x080038a0   0x00000108   Code   RO         5296    i.Update_Action_gl_position  action.o
    0x080039a8   0x080039a8   0x00000002   Code   RO          525    i.UsageFault_Handler  stm32f4xx_it.o
    0x080039aa   0x080039aa   0x00000002   PAD
    0x080039ac   0x080039ac   0x000001f8   Code   RO         5631    i.Velocity_Planning_MODE  rm_motor.o
    0x08003ba4   0x08003ba4   0x00000030   Code   RO         5994    i.__ARM_fpclassify  m_wm.l(fpclassify.o)
    0x08003bd4   0x08003bd4   0x00000020   Code   RO         1762    i.__NVIC_SetPriority  stm32f4xx_hal_cortex.o
    0x08003bf4   0x08003bf4   0x00000004   PAD
    0x08003bf8   0x08003bf8   0x000000c8   Code   RO         5864    i.__hardfp_cos      m_wm.l(cos.o)
    0x08003cc0   0x08003cc0   0x000000c8   Code   RO         5876    i.__hardfp_sin      m_wm.l(sin.o)
    0x08003d88   0x08003d88   0x0000007a   Code   RO         5888    i.__hardfp_sqrt     m_wm.l(sqrt.o)
    0x08003e02   0x08003e02   0x00000006   PAD
    0x08003e08   0x08003e08   0x00000438   Code   RO         5943    i.__ieee754_rem_pio2  m_wm.l(rred.o)
    0x08004240   0x08004240   0x00000170   Code   RO         5926    i.__kernel_cos      m_wm.l(cos_i.o)
    0x080043b0   0x080043b0   0x000000f8   Code   RO         5996    i.__kernel_poly     m_wm.l(poly.o)
    0x080044a8   0x080044a8   0x00000130   Code   RO         5948    i.__kernel_sin      m_wm.l(sin_i.o)
    0x080045d8   0x080045d8   0x00000014   Code   RO         5930    i.__mathlib_dbl_infnan  m_wm.l(dunder.o)
    0x080045ec   0x080045ec   0x00000004   PAD
    0x080045f0   0x080045f0   0x00000020   Code   RO         5932    i.__mathlib_dbl_invalid  m_wm.l(dunder.o)
    0x08004610   0x08004610   0x00000020   Code   RO         5935    i.__mathlib_dbl_underflow  m_wm.l(dunder.o)
    0x08004630   0x08004630   0x0000007c   Code   RO         5297    i.action_data_analyse  action.o
    0x080046ac   0x080046ac   0x00000098   Code   RO         5464    i.auto_switch       fsm.o
    0x08004744   0x08004744   0x00000050   Code   RO         5725    i.belt_ctrl         upper.o
    0x08004794   0x08004794   0x000000f8   Code   RO         5427    i.can1_config       config.o
    0x0800488c   0x0800488c   0x000001a4   Code   RO         5428    i.can2_config       config.o
    0x08004a30   0x08004a30   0x00000058   Code   RO         5802    i.can_filter_init   usr_can.o
    0x08004a88   0x08004a88   0x00000068   Code   RO         5381    i.chassis_init      chassis.o
    0x08004af0   0x08004af0   0x00000024   Code   RO         5382    i.chassis_stop      chassis.o
    0x08004b14   0x08004b14   0x0000004c   Code   RO         5726    i.cylinder_control  upper.o
    0x08004b60   0x08004b60   0x00000018   Code   RO         5990    i.fabs              m_wm.l(fabs.o)
    0x08004b78   0x08004b78   0x00000078   Code   RO         5727    i.flip_motor        upper.o
    0x08004bf0   0x08004bf0   0x00000184   Code   RO         5633    i.get_motor_measure  rm_motor.o
    0x08004d74   0x08004d74   0x00000074   Code   RO         5729    i.lift_motor        upper.o
    0x08004de8   0x08004de8   0x0000005c   Code   RO         5730    i.lim               upper.o
    0x08004e44   0x08004e44   0x00000060   Code   RO           17    i.main              main.o
    0x08004ea4   0x08004ea4   0x0000001a   Code   RO         4645    i.osDelay           cmsis_os2.o
    0x08004ebe   0x08004ebe   0x00000002   PAD
    0x08004ec0   0x08004ec0   0x00000024   Code   RO         4659    i.osKernelInitialize  cmsis_os2.o
    0x08004ee4   0x08004ee4   0x00000038   Code   RO         4662    i.osKernelStart     cmsis_os2.o
    0x08004f1c   0x08004f1c   0x00000088   Code   RO         4704    i.osThreadNew       cmsis_os2.o
    0x08004fa4   0x08004fa4   0x000001ac   Code   RO         5587    i.pid_calc          pid.o
    0x08005150   0x08005150   0x00000024   Code   RO         5588    i.pid_param_init    pid.o
    0x08005174   0x08005174   0x0000005c   Code   RO         4104    i.prvAddCurrentTaskToDelayedList  tasks.o
    0x080051d0   0x080051d0   0x000000d0   Code   RO         4105    i.prvAddNewTaskToReadyList  tasks.o
    0x080052a0   0x080052a0   0x00000058   Code   RO         4469    i.prvCheckForValidListAndQueue  timers.o
    0x080052f8   0x080052f8   0x00000026   Code   RO         3701    i.prvCopyDataFromQueue  queue.o
    0x0800531e   0x0800531e   0x0000006c   Code   RO         3702    i.prvCopyDataToQueue  queue.o
    0x0800538a   0x0800538a   0x00000034   Code   RO         4106    i.prvDeleteTCB      tasks.o
    0x080053be   0x080053be   0x00000002   PAD
    0x080053c0   0x080053c0   0x0000004c   Code   RO         5160    i.prvHeapInit       heap_4.o
    0x0800540c   0x0800540c   0x0000005c   Code   RO         4107    i.prvIdleTask       tasks.o
    0x08005468   0x08005468   0x00000020   Code   RO         3704    i.prvInitialiseNewQueue  queue.o
    0x08005488   0x08005488   0x000000aa   Code   RO         4108    i.prvInitialiseNewTask  tasks.o
    0x08005532   0x08005532   0x00000002   PAD
    0x08005534   0x08005534   0x0000004c   Code   RO         5161    i.prvInsertBlockIntoFreeList  heap_4.o
    0x08005580   0x08005580   0x00000038   Code   RO         4471    i.prvInsertTimerInActiveList  timers.o
    0x080055b8   0x080055b8   0x0000001a   Code   RO         3705    i.prvIsQueueEmpty   queue.o
    0x080055d2   0x080055d2   0x00000002   PAD
    0x080055d4   0x080055d4   0x000000fc   Code   RO         4472    i.prvProcessReceivedCommands  timers.o
    0x080056d0   0x080056d0   0x000000c0   Code   RO         4473    i.prvProcessTimerOrBlockTask  timers.o
    0x08005790   0x08005790   0x00000020   Code   RO         4110    i.prvResetNextTaskUnblockTime  tasks.o
    0x080057b0   0x080057b0   0x00000028   Code   RO         4474    i.prvSampleTimeNow  timers.o
    0x080057d8   0x080057d8   0x0000006c   Code   RO         4475    i.prvSwitchTimerLists  timers.o
    0x08005844   0x08005844   0x00000028   Code   RO         5216    i.prvTaskExitError  port.o
    0x0800586c   0x0800586c   0x00000028   Code   RO         4476    i.prvTimerTask      timers.o
    0x08005894   0x08005894   0x0000006a   Code   RO         3706    i.prvUnlockQueue    queue.o
    0x080058fe   0x080058fe   0x00000002   PAD
    0x08005900   0x08005900   0x000000dc   Code   RO         5162    i.pvPortMalloc      heap_4.o
    0x080059dc   0x080059dc   0x0000002c   Code   RO         5217    i.pxPortInitialiseStack  port.o
    0x08005a08   0x08005a08   0x0000006c   Code   RO         5465    i.robot_fsm         fsm.o
    0x08005a74   0x08005a74   0x00000064   Code   RO         5731    i.servos_control    upper.o
    0x08005ad8   0x08005ad8   0x00000020   Code   RO         5732    i.servos_start      upper.o
    0x08005af8   0x08005af8   0x00000026   Code   RO         3661    i.uxListRemove      list.o
    0x08005b1e   0x08005b1e   0x00000002   PAD
    0x08005b20   0x08005b20   0x00000014   Code   RO         4716    i.vApplicationGetIdleTaskMemory  cmsis_os2.o
    0x08005b34   0x08005b34   0x00000018   Code   RO         4717    i.vApplicationGetTimerTaskMemory  cmsis_os2.o
    0x08005b4c   0x08005b4c   0x00000016   Code   RO         3662    i.vListInitialise   list.o
    0x08005b62   0x08005b62   0x00000006   Code   RO         3663    i.vListInitialiseItem  list.o
    0x08005b68   0x08005b68   0x00000030   Code   RO         3664    i.vListInsert       list.o
    0x08005b98   0x08005b98   0x00000018   Code   RO         3665    i.vListInsertEnd    list.o
    0x08005bb0   0x08005bb0   0x00000040   Code   RO         5219    i.vPortEnterCritical  port.o
    0x08005bf0   0x08005bf0   0x00000028   Code   RO         5220    i.vPortExitCritical  port.o
    0x08005c18   0x08005c18   0x00000064   Code   RO         5163    i.vPortFree         heap_4.o
    0x08005c7c   0x08005c7c   0x00000024   Code   RO         5221    i.vPortSetupTimerInterrupt  port.o
    0x08005ca0   0x08005ca0   0x00000054   Code   RO         5222    i.vPortValidateInterruptPriority  port.o
    0x08005cf4   0x08005cf4   0x00000024   Code   RO         3712    i.vQueueAddToRegistry  queue.o
    0x08005d18   0x08005d18   0x00000044   Code   RO         3716    i.vQueueWaitForMessageRestricted  queue.o
    0x08005d5c   0x08005d5c   0x0000004c   Code   RO         4123    i.vTaskDelay        tasks.o
    0x08005da8   0x08005da8   0x00000010   Code   RO         4128    i.vTaskInternalSetTimeOutState  tasks.o
    0x08005db8   0x08005db8   0x0000000c   Code   RO         4129    i.vTaskMissedYield  tasks.o
    0x08005dc4   0x08005dc4   0x00000030   Code   RO         4131    i.vTaskPlaceOnEventList  tasks.o
    0x08005df4   0x08005df4   0x00000038   Code   RO         4132    i.vTaskPlaceOnEventListRestricted  tasks.o
    0x08005e2c   0x08005e2c   0x00000084   Code   RO         4140    i.vTaskStartScheduler  tasks.o
    0x08005eb0   0x08005eb0   0x00000010   Code   RO         4142    i.vTaskSuspendAll   tasks.o
    0x08005ec0   0x08005ec0   0x00000064   Code   RO         4143    i.vTaskSwitchContext  tasks.o
    0x08005f24   0x08005f24   0x000000f4   Code   RO         5223    i.xPortStartScheduler  port.o
    0x08006018   0x08006018   0x0000002c   Code   RO         5224    i.xPortSysTickHandler  port.o
    0x08006044   0x08006044   0x00000066   Code   RO         3722    i.xQueueGenericCreateStatic  queue.o
    0x080060aa   0x080060aa   0x00000002   PAD
    0x080060ac   0x080060ac   0x00000088   Code   RO         3723    i.xQueueGenericReset  queue.o
    0x08006134   0x08006134   0x00000164   Code   RO         3724    i.xQueueGenericSend  queue.o
    0x08006298   0x08006298   0x000000be   Code   RO         3725    i.xQueueGenericSendFromISR  queue.o
    0x08006356   0x08006356   0x00000002   PAD
    0x08006358   0x08006358   0x00000138   Code   RO         3734    i.xQueueReceive     queue.o
    0x08006490   0x08006490   0x00000074   Code   RO         4145    i.xTaskCheckForTimeOut  tasks.o
    0x08006504   0x08006504   0x0000005a   Code   RO         4146    i.xTaskCreate       tasks.o
    0x0800655e   0x0800655e   0x0000005a   Code   RO         4147    i.xTaskCreateStatic  tasks.o
    0x080065b8   0x080065b8   0x0000001c   Code   RO         4151    i.xTaskGetSchedulerState  tasks.o
    0x080065d4   0x080065d4   0x0000000c   Code   RO         4152    i.xTaskGetTickCount  tasks.o
    0x080065e0   0x080065e0   0x000000c8   Code   RO         4154    i.xTaskIncrementTick  tasks.o
    0x080066a8   0x080066a8   0x0000007c   Code   RO         4157    i.xTaskPriorityDisinherit  tasks.o
    0x08006724   0x08006724   0x00000070   Code   RO         4159    i.xTaskRemoveFromEventList  tasks.o
    0x08006794   0x08006794   0x000000c0   Code   RO         4160    i.xTaskResumeAll    tasks.o
    0x08006854   0x08006854   0x00000060   Code   RO         4485    i.xTimerCreateTimerTask  timers.o
    0x080068b4   0x080068b4   0x00000064   Code   RO         4486    i.xTimerGenericCommand  timers.o
    0x08006918   0x08006918   0x00000018   Code   RO         5911    x$fpl$basic         fz_wm.l(basic.o)
    0x08006930   0x08006930   0x00000062   Code   RO         5848    x$fpl$d2f           fz_wm.l(d2f.o)
    0x08006992   0x08006992   0x00000002   PAD
    0x08006994   0x08006994   0x00000150   Code   RO         5850    x$fpl$dadd          fz_wm.l(daddsub_clz.o)
    0x08006ae4   0x08006ae4   0x000002b0   Code   RO         5857    x$fpl$ddiv          fz_wm.l(ddiv.o)
    0x08006d94   0x08006d94   0x0000005e   Code   RO         5978    x$fpl$dfix          fz_wm.l(dfix.o)
    0x08006df2   0x08006df2   0x0000002e   Code   RO         5983    x$fpl$dflt          fz_wm.l(dflt_clz.o)
    0x08006e20   0x08006e20   0x00000026   Code   RO         5982    x$fpl$dfltu         fz_wm.l(dflt_clz.o)
    0x08006e46   0x08006e46   0x00000002   PAD
    0x08006e48   0x08006e48   0x00000154   Code   RO         5860    x$fpl$dmul          fz_wm.l(dmul.o)
    0x08006f9c   0x08006f9c   0x0000009c   Code   RO         5915    x$fpl$dnaninf       fz_wm.l(dnaninf.o)
    0x08007038   0x08007038   0x0000000c   Code   RO         5917    x$fpl$dretinf       fz_wm.l(dretinf.o)
    0x08007044   0x08007044   0x00000016   Code   RO         5851    x$fpl$drsb          fz_wm.l(daddsub_clz.o)
    0x0800705a   0x0800705a   0x00000002   PAD
    0x0800705c   0x0800705c   0x00000198   Code   RO         5919    x$fpl$dsqrt         fz_wm.l(dsqrt_umaal.o)
    0x080071f4   0x080071f4   0x000001d4   Code   RO         5852    x$fpl$dsub          fz_wm.l(daddsub_clz.o)
    0x080073c8   0x080073c8   0x00000056   Code   RO         5862    x$fpl$f2d           fz_wm.l(f2d.o)
    0x0800741e   0x0800741e   0x0000008c   Code   RO         5921    x$fpl$fnaninf       fz_wm.l(fnaninf.o)
    0x080074aa   0x080074aa   0x0000000a   Code   RO         6083    x$fpl$fpinit        fz_wm.l(fpinit.o)
    0x080074b4   0x080074b4   0x0000000a   Code   RO         5923    x$fpl$fretinf       fz_wm.l(fretinf.o)
    0x080074be   0x080074be   0x00000000   Code   RO         5925    x$fpl$usenofp       fz_wm.l(usenofp.o)
    0x080074be   0x080074be   0x00000002   PAD
    0x080074c0   0x080074c0   0x000000b4   Data   RO          283    .constdata          freertos.o
    0x08007574   0x08007574   0x00000010   Data   RO         3469    .constdata          system_stm32f4xx.o
    0x08007584   0x08007584   0x00000008   Data   RO         3470    .constdata          system_stm32f4xx.o
    0x0800758c   0x0800758c   0x00000004   PAD
    0x08007590   0x08007590   0x00000030   Data   RO         5927    .constdata          m_wm.l(cos_i.o)
    0x080075c0   0x080075c0   0x000000c8   Data   RO         5945    .constdata          m_wm.l(rred.o)
    0x08007688   0x08007688   0x00000028   Data   RO         5949    .constdata          m_wm.l(sin_i.o)
    0x080076b0   0x080076b0   0x0000002a   Data   RO          284    .conststring        freertos.o
    0x080076da   0x080076da   0x00000002   PAD
    0x080076dc   0x080076dc   0x00000020   Data   RO         6141    Region$$Table       anon$$obj.o


    Execution Region RW_IRAM1 (Exec base: 0x20000000, Load base: 0x080076fc, Size: 0x00006318, Max: 0x0001c000, ABSOLUTE)

    Exec Addr    Load Addr    Size         Type   Attr      Idx    E Section Name        Object

    0x20000000   0x080076fc   0x00000014   Data   RW          285    .data               freertos.o
    0x20000014   0x08007710   0x00000004   Data   RW          353    .data               can.o
    0x20000018   0x08007714   0x0000000c   Data   RW         1906    .data               stm32f4xx_hal.o
    0x20000024   0x08007720   0x00000004   Data   RW         3471    .data               system_stm32f4xx.o
    0x20000028   0x08007724   0x0000003c   Data   RW         4163    .data               tasks.o
    0x20000064   0x08007760   0x00000014   Data   RW         4494    .data               timers.o
    0x20000078   0x08007774   0x00000004   Data   RW         4719    .data               cmsis_os2.o
    0x2000007c   0x08007778   0x00000020   Data   RW         5169    .data               heap_4.o
    0x2000009c   0x08007798   0x0000000c   Data   RW         5225    .data               port.o
    0x200000a8   0x080077a4   0x00000003   Data   RW         5305    .data               action.o
    0x200000ab   0x080077a7   0x00000001   PAD
    0x200000ac   0x080077a8   0x00000018   Data   RW         5347    .data               air_joy.o
    0x200000c4   0x080077c0   0x00000004   Data   RW         5348    .data               air_joy.o
    0x200000c8   0x080077c4   0x00000002   Data   RW         5349    .data               air_joy.o
    0x200000ca   0x080077c6   0x00000008   Data   RW         5350    .data               air_joy.o
    0x200000d2   0x080077ce   0x00000002   PAD
    0x200000d4   0x080077d0   0x00000024   Data   RW         5466    .data               fsm.o
    0x200000f8        -       0x00000050   Zero   RW          352    .bss                can.o
    0x20000148        -       0x000000d8   Zero   RW          403    .bss                tim.o
    0x20000220        -       0x00000088   Zero   RW          464    .bss                usart.o
    0x200002a8        -       0x00000048   Zero   RW          645    .bss                stm32f4xx_hal_timebase_tim.o
    0x200002f0        -       0x00000040   Zero   RW         3738    .bss                queue.o
    0x20000330        -       0x000004c4   Zero   RW         4162    .bss                tasks.o
    0x200007f4        -       0x00000118   Zero   RW         4493    .bss                timers.o
    0x2000090c        -       0x000006b8   Zero   RW         4718    .bss                cmsis_os2.o
    0x20000fc4        -       0x00003c00   Zero   RW         5168    .bss                heap_4.o
    0x20004bc4        -       0x00000054   Zero   RW         5298    .bss                action.o
    0x20004c18        -       0x00000028   Zero   RW         5346    .bss                air_joy.o
    0x20004c40        -       0x00000044   Zero   RW         5383    .bss                chassis.o
    0x20004c84        -       0x00001030   Zero   RW         5634    .bss                rm_motor.o
    0x20005cb4        -       0x00000060   Zero   RW         5999    .bss                c_w.l(libspace.o)
    0x20005d14   0x080077f4   0x00000004   PAD
    0x20005d18        -       0x00000200   Zero   RW            2    HEAP                startup_stm32f407xx.o
    0x20005f18        -       0x00000400   Zero   RW            1    STACK               startup_stm32f407xx.o


    Execution Region RW_IRAM2 (Exec base: 0x2001c000, Load base: 0x080077f4, Size: 0x00000000, Max: 0x00004000, ABSOLUTE)

    **** No section assigned to this execution region ****


==============================================================================

Image component sizes


      Code (inc. data)   RO Data    RW Data    ZI Data      Debug   Object Name

       408         48          0          3         84       3299   action.o
       136         10          0         38         40       1549   air_joy.o
       396         44          0          4         80       2478   can.o
       560         72          0          0         68       3173   chassis.o
       324         22          0          4       1720      64971   cmsis_os2.o
       668         92          0          0          0       1168   config.o
         0          0          0          0          0       7036   croutine.o
         0          0          0          0          0      19428   event_groups.o
       572        100        222         20          0       4447   freertos.o
       488         60          0         36          0       4564   fsm.o
       180         10          0          0          0       1007   gpio.o
       472         24          0         32      15360       4923   heap_4.o
       138          0          0          0          0       3522   list.o
       368         38          0          0          0     706488   main.o
       506         12          0          0          0       3203   pid.o
       786         80          0         12          0      11457   port.o
      1510         18          0          0         64      17364   queue.o
      2690        144          0          0       4144       9907   rm_motor.o
        64         26        392          0       1536        840   startup_stm32f407xx.o
        80         14          0         12          0       8058   stm32f4xx_hal.o
      1656          6          0          0          0      14495   stm32f4xx_hal_can.o
       158         14          0          0          0      33102   stm32f4xx_hal_cortex.o
       182          0          0          0          0       2087   stm32f4xx_hal_dma.o
       498         52          0          0          0       2903   stm32f4xx_hal_gpio.o
        56          4          0          0          0        858   stm32f4xx_hal_msp.o
      1388         82          0          0          0       6009   stm32f4xx_hal_rcc.o
      2028        138          0          0          0      17442   stm32f4xx_hal_tim.o
       148         28          0          0          0       2521   stm32f4xx_hal_tim_ex.o
       152         20          0          0         72     697507   stm32f4xx_hal_timebase_tim.o
      1374         16          0          0          0       9276   stm32f4xx_hal_uart.o
       102         42          0          0          0       6508   stm32f4xx_it.o
         0          0          0          0          0        392   stream_buffer.o
        16          4         24          4          0       1115   system_stm32f4xx.o
      2066        160          0         60       1220      26856   tasks.o
       560         56          0          0        216       3766   tim.o
       972         82          0         20        280      32079   timers.o
       616        100          0          0          0       4639   upper.o
       296         32          0          0        136       2405   usart.o
       212         26          0          0          0       1658   usr_can.o

    ----------------------------------------------------------------------
     22874       1676        676        248      25020    1744500   Object Totals
         0          0         32          0          0          0   (incl. Generated)
        48          0          6          3          0          0   (incl. Padding)

    ----------------------------------------------------------------------

      Code (inc. data)   RO Data    RW Data    ZI Data      Debug   Library Member Name

         8          0          0          0          0         68   __main.o
         0          0          0          0          0          0   __rtentry.o
        12          0          0          0          0          0   __rtentry2.o
         6          0          0          0          0          0   __rtentry4.o
        52          8          0          0          0          0   __scatter.o
        26          0          0          0          0          0   __scatter_copy.o
        28          0          0          0          0          0   __scatter_zi.o
        22          0          0          0          0        100   _rserrno.o
        16          0          0          0          0         68   aeabi_memset.o
        18          0          0          0          0         80   exit.o
         6          0          0          0          0        152   heapauxi.o
         0          0          0          0          0          0   indicate_semi.o
         2          0          0          0          0          0   libinit.o
         6          0          0          0          0          0   libinit2.o
         2          0          0          0          0          0   libshutdown.o
         2          0          0          0          0          0   libshutdown2.o
         8          4          0          0         96         68   libspace.o
       238          0          0          0          0        100   lludivv7m.o
         8          4          0          0          0         68   rt_errno_addr_intlibspace.o
        68          0          0          0          0         68   rt_memclr.o
        78          0          0          0          0         80   rt_memclr_w.o
       138          0          0          0          0         68   rt_memcpy_v6.o
       100          0          0          0          0         80   rt_memcpy_w.o
         2          0          0          0          0          0   rtexit.o
        10          0          0          0          0          0   rtexit2.o
        12          4          0          0          0         68   sys_exit.o
        74          0          0          0          0         80   sys_stackheap_outer.o
         2          0          0          0          0         68   use_no_semi.o
        24          0          0          0          0        164   basic.o
        98          4          0          0          0        140   d2f.o
       826         16          0          0          0        492   daddsub_clz.o
       688        140          0          0          0        256   ddiv.o
        94          4          0          0          0        140   dfix.o
        84          0          0          0          0        232   dflt_clz.o
       340         12          0          0          0        152   dmul.o
       156          4          0          0          0        140   dnaninf.o
        12          0          0          0          0        116   dretinf.o
       408         56          0          0          0        168   dsqrt_umaal.o
        86          4          0          0          0        132   f2d.o
       140          4          0          0          0        132   fnaninf.o
        10          0          0          0          0        116   fpinit.o
        10          0          0          0          0        116   fretinf.o
         0          0          0          0          0          0   usenofp.o
       200         20          0          0          0        164   cos.o
       368         46         48          0          0        200   cos_i.o
        84         16          0          0          0        372   dunder.o
        24          0          0          0          0        124   fabs.o
        48          0          0          0          0        124   fpclassify.o
       248          0          0          0          0        152   poly.o
      1080        142        200          0          0        188   rred.o
       200         20          0          0          0        164   sin.o
       304         24         40          0          0        208   sin_i.o
       122          0          0          0          0        148   sqrt.o

    ----------------------------------------------------------------------
      6622        532        288          0        100       5556   Library Totals
        24          0          0          0          4          0   (incl. Padding)

    ----------------------------------------------------------------------

      Code (inc. data)   RO Data    RW Data    ZI Data      Debug   Library Name

       944         20          0          0         96       1216   c_w.l
      2976        244          0          0          0       2496   fz_wm.l
      2678        268        288          0          0       1844   m_wm.l

    ----------------------------------------------------------------------
      6622        532        288          0        100       5556   Library Totals

    ----------------------------------------------------------------------

==============================================================================


      Code (inc. data)   RO Data    RW Data    ZI Data      Debug   

     29496       2208        964        248      25120    1726784   Grand Totals
     29496       2208        964        248      25120    1726784   ELF Image Totals
     29496       2208        964        248          0          0   ROM Totals

==============================================================================

    Total RO  Size (Code + RO Data)                30460 (  29.75kB)
    Total RW  Size (RW Data + ZI Data)             25368 (  24.77kB)
    Total ROM Size (Code + RO Data + RW Data)      30708 (  29.99kB)

==============================================================================

