<html>
<body>
<pre>
<h1>µVision Build Log</h1>
<h2>Tool Versions:</h2>
IDE-Version: ¦ÌVision V5.26.2.0
Copyright (C) 2018 ARM Ltd and ARM Germany GmbH. All rights reserved.
License Information: RAY WEI, GDUT, LIC=RC93N-Y00RR-8TY3P-MQHPI-C4LUS-Y7SY9
 
Tool Versions:
Toolchain:       MDK-ARM Plus  Version: 5.26.2.0
Toolchain Path:  E:\Keil\ARM\ARMCC\Bin
C Compiler:      Armcc.exe V5.06 update 6 (build 750)
Assembler:       Armasm.exe V5.06 update 6 (build 750)
Linker/Locator:  ArmLink.exe V5.06 update 6 (build 750)
Library Manager: ArmAr.exe V5.06 update 6 (build 750)
Hex Converter:   FromElf.exe V5.06 update 6 (build 750)
CPU DLL:         SARMCM3.DLL V5.26.2.0
Dialog DLL:      DCM.DLL V1.17.2.0
Target DLL:      CMSIS_AGDI.dll V1.30.6.0
Dialog DLL:      TCM.DLL V1.36.1.0
 
<h2>Project:</h2>
e:\Desktop\2024RC_A_R1\MDK-ARM\2024RC_A_R1.uvprojx
Project File Date:  04/11/2024

<h2>Output:</h2>
*** Using Compiler 'V5.06 update 6 (build 750)', folder: 'E:\Keil\ARM\ARMCC\Bin'
Build target '2024RC_A_R1'
assembling startup_stm32f407xx.s...
compiling gpio.c...
compiling air_joy.c...
compiling stm32f4xx_it.c...
compiling usart.c...
compiling stm32f4xx_hal_msp.c...
compiling freertos.c...
compiling dma.c...
compiling main.c...
compiling tim.c...
compiling action.c...
compiling can.c...
compiling chassis.c...
compiling move.c...
compiling pid.c...
compiling Command.c...
compiling usr_uart.c...
compiling DT35.c...
compiling FSM.c...
compiling upper.c...
compiling rm_motor.c...
compiling config.c...
compiling usr_can.c...
linking...
Program Size: Code=32260 RO-data=1060 RW-data=360 ZI-data=26768  
FromELF: creating hex file...
"2024RC_A_R1\2024RC_A_R1.axf" - 0 Error(s), 0 Warning(s).

<h2>Software Packages used:</h2>

Package Vendor: ARM
                http://www.keil.com/pack/ARM.CMSIS.5.4.0.pack
                ARM.CMSIS.5.4.0
                CMSIS (Cortex Microcontroller Software Interface Standard)
   * Component: CORE Version: 5.1.2

Package Vendor: Keil
                http://www.keil.com/pack/Keil.STM32F4xx_DFP.2.8.0.pack
                Keil.STM32F4xx_DFP.2.8.0
                STMicroelectronics STM32F4 Series Device Support, Drivers and Examples

<h2>Collection of Component include folders:</h2>
  .\RTE\_2024RC_A_R1
  E:\Keil\ARM\PACK\ARM\CMSIS\5.4.0\CMSIS\Core\Include
  E:\Keil\ARM\PACK\Keil\STM32F4xx_DFP\2.8.0\Drivers\CMSIS\Device\ST\STM32F4xx\Include

<h2>Collection of Component Files used:</h2>

   * Component: ARM::CMSIS:CORE:5.1.2
Build Time Elapsed:  00:00:18
</pre>
</body>
</html>
